vite v7.2.4 building client environment for production...
transforming...
[baseline-browser-mapping] The data in this module is over two months old.  To ensure accurate Baseline data, please update: `npm i baseline-browser-mapping@latest -D`
Browserslist: browsers data (caniuse-lite) is 10 months old. Please run:
  npx update-browserslist-db@latest
  Why you should do it regularly: https://github.com/browserslist/update-db#readme
✓ 3402 modules transformed.
rendering chunks...
[plugin vite:reporter] 
(!) C:/Users/Public/Zylo/src/lib/supabaseClient.ts is dynamically imported by C:/Users/Public/Zylo/src/lib/downloadMedia.ts but also statically imported by C:/Users/Public/Zylo/src/App.jsx, C:/Users/Public/Zylo/src/app/blog/BlogIndex.jsx, C:/Users/Public/Zylo/src/components/AuthModal.jsx, C:/Users/Public/Zylo/src/components/EmailConsentModal.jsx, C:/Users/Public/Zylo/src/components/GenerationsDock.jsx, C:/Users/Public/Zylo/src/components/ImageGenerator/Generate.jsx, C:/Users/Public/Zylo/src/components/ScriptBuilder/ScriptFeedback.jsx, C:/Users/Public/Zylo/src/components/ScriptBuilder/ScriptStylePicker.jsx, C:/Users/Public/Zylo/src/components/VideoGenerator/Generate.jsx, C:/Users/Public/Zylo/src/components/WelcomeScreen.jsx, C:/Users/Public/Zylo/src/components/billing/CancelFeedbackModal.jsx, C:/Users/Public/Zylo/src/components/creations/library.jsx, C:/Users/Public/Zylo/src/components/publish/ConnectAccountsModal.jsx, C:/Users/Public/Zylo/src/components/publish/PostModal.jsx, C:/Users/Public/Zylo/src/components/reference-images/ReferenceImageModal.jsx, C:/Users/Public/Zylo/src/components/seo/SeoGeneratorHero.jsx, C:/Users/Public/Zylo/src/components/stats/InstagramStats.jsx, C:/Users/Public/Zylo/src/components/viral-tools/ai-cooking-matic/WorkflowSteps.jsx, C:/Users/Public/Zylo/src/components/viral-tools/ai-cooking-matic/api/cookingMaticApi.js, C:/Users/Public/Zylo/src/components/viral-tools/ai-fruit-story/AIFruitStoryResults.jsx, C:/Users/Public/Zylo/src/components/viral-tools/ai-fruit-story/FruitStoryPaywall.jsx, C:/Users/Public/Zylo/src/components/viral-tools/ai-fruit-story/api/fruitStoryApi.js, C:/Users/Public/Zylo/src/components/viral-tools/behind-the-scenes/api/behindTheScenesApi.js, C:/Users/Public/Zylo/src/components/viral-tools/cartoon-drive-by/api/cartoonDriveByApi.js, C:/Users/Public/Zylo/src/components/viral-tools/clay-rescue/api/clayRescueApi.js, C:/Users/Public/Zylo/src/components/viral-tools/clay-rescue/videoEditor/useClayRescueEditor.js, C:/Users/Public/Zylo/src/components/viral-tools/face-asmr/FaceAsmrPaywall.jsx, C:/Users/Public/Zylo/src/components/viral-tools/face-asmr/api/faceAsmrApi.js, C:/Users/Public/Zylo/src/components/viral-tools/footballer-nationality-swap/api/footballerNationalitySwapApi.js, C:/Users/Public/Zylo/src/components/viral-tools/footballer-nationality-swap/videoEditor/useFootballerStitchEditor.js, C:/Users/Public/Zylo/src/components/viral-tools/micro-camera-animal/api/microCameraAnimalApi.js, C:/Users/Public/Zylo/src/components/viral-tools/thirty-days/api/thirtyDaysApi.js, C:/Users/Public/Zylo/src/components/viral-tools/thirty-days/api/thirtyDaysSeriesApi.js, C:/Users/Public/Zylo/src/components/viral-tools/two-am/TwoAmPaywall.jsx, C:/Users/Public/Zylo/src/components/viral-tools/two-am/api/twoAmApi.js, C:/Users/Public/Zylo/src/components/workspace/JumpBackIn.jsx, C:/Users/Public/Zylo/src/components/workspace/toprow.jsx, C:/Users/Public/Zylo/src/context/AuthContext.jsx, C:/Users/Public/Zylo/src/hooks/useCredits.ts, C:/Users/Public/Zylo/src/hooks/useProfileCredits.js, C:/Users/Public/Zylo/src/lib/auth.js, C:/Users/Public/Zylo/src/lib/creations.js, C:/Users/Public/Zylo/src/lib/generateScript.js, C:/Users/Public/Zylo/src/lib/jobs.ts, C:/Users/Public/Zylo/src/lib/payments.ts, C:/Users/Public/Zylo/src/lib/referenceImages.ts, C:/Users/Public/Zylo/src/lib/storage.ts, C:/Users/Public/Zylo/src/pages/AuthCallback.jsx, C:/Users/Public/Zylo/src/pages/Pricing.jsx, C:/Users/Public/Zylo/src/pages/admin/FeedbackAnalytics.jsx, C:/Users/Public/Zylo/src/pages/auth/AuthCallback.jsx, C:/Users/Public/Zylo/src/pages/help/Feedback.jsx, C:/Users/Public/Zylo/src/pages/help/HelpCenter.tsx, C:/Users/Public/Zylo/src/pages/settings/Billing.jsx, C:/Users/Public/Zylo/src/pages/settings/WorkspaceSettings.jsx, C:/Users/Public/Zylo/src/pages/support/SupportContact.jsx, C:/Users/Public/Zylo/src/pages/tools/Forgot.jsx, C:/Users/Public/Zylo/src/pages/tools/Reset.jsx, C:/Users/Public/Zylo/src/pages/viral/Image.jsx, C:/Users/Public/Zylo/src/pages/viral/LipSync.jsx, C:/Users/Public/Zylo/src/pages/viral/ScriptBuilder.jsx, C:/Users/Public/Zylo/src/pages/viral/ViralScore.jsx, C:/Users/Public/Zylo/src/pages/viral/video-generator.jsx, C:/Users/Public/Zylo/src/pages/workspace/AICookingMatic.jsx, C:/Users/Public/Zylo/src/pages/workspace/AIFruitStory.jsx, C:/Users/Public/Zylo/src/pages/workspace/BehindTheScenes.jsx, C:/Users/Public/Zylo/src/pages/workspace/CartoonDriveBy.jsx, C:/Users/Public/Zylo/src/pages/workspace/ClayRescue.jsx, C:/Users/Public/Zylo/src/pages/workspace/FaceAsmr.jsx, C:/Users/Public/Zylo/src/pages/workspace/FootballerNationalitySwap.jsx, C:/Users/Public/Zylo/src/pages/workspace/MicroCameraAnimal.jsx, C:/Users/Public/Zylo/src/pages/workspace/ThirtyDays.jsx, C:/Users/Public/Zylo/src/pages/workspace/TwoAm.jsx, C:/Users/Public/Zylo/src/pages/workspace/connections.jsx, C:/Users/Public/Zylo/src/pages/workspace/earn/shared.jsx, C:/Users/Public/Zylo/src/pages/workspace/earn/useReferralLink.js, C:/Users/Public/Zylo/src/pages/workspace/layout.jsx, C:/Users/Public/Zylo/src/pages/workspace/long-form/discoverySession.js, C:/Users/Public/Zylo/src/pages/workspace/long-form/ideaEngine.js, C:/Users/Public/Zylo/src/pages/workspace/long-form/look.jsx, C:/Users/Public/Zylo/src/pages/workspace/long-form/previewJobs.js, C:/Users/Public/Zylo/src/pages/workspace/long-form/project.js, C:/Users/Public/Zylo/src/pages/workspace/long-form/research.js, C:/Users/Public/Zylo/src/pages/workspace/long-form/script.js, C:/Users/Public/Zylo/src/pages/workspace/long-form/visualPlan.js, C:/Users/Public/Zylo/src/pages/workspace/long-form/visualWorld.js, C:/Users/Public/Zylo/src/pages/workspace/long-form/visualWorld.jsx, C:/Users/Public/Zylo/src/pages/workspace/publish.jsx, C:/Users/Public/Zylo/src/pages/workspace/stats.jsx, dynamic import will not move module into another chunk.

computing gzip size...
dist/index.html                                                           2.28 kB │ gzip:   1.07 kB
dist/assets/worker-BAOIWoxA.js                                            2.53 kB
dist/assets/credit-0DKaRW1O.png                                           5.12 kB
dist/assets/arrow-DWaLvdV9.png                                           37.79 kB
dist/assets/1-BRt5dMJM.png                                               41.49 kB
dist/assets/image9.16-fast-BS7o_TGN.webp                                 42.71 kB
dist/assets/headphone-B-DRsUyx.jpg                                      141.47 kB
dist/assets/candle-Rydilkje.jpg                                         226.89 kB
dist/assets/sneaker-COyq-aWw.jpg                                        291.60 kB
dist/assets/publish-landing-hero-wide-DNBq_GtD.png                      401.09 kB
dist/assets/one-video-three-platforms-vertical-b7Ygun4Z.png             403.97 kB
dist/assets/calendar-28-days-square-Df8en8vh.png                        409.71 kB
dist/assets/analytics-growth-square-ClfRxVKs.png                        414.93 kB
dist/assets/publish-calendar-phone-vertical-CRjFaUf5.png                422.54 kB
dist/assets/analytics-landing-hero-wide-B0oGigMz.png                    424.25 kB
dist/assets/content-pipeline-wide-B0aTitpS.png                          429.63 kB
dist/assets/publish-while-sleeping-vertical-C0vcgdSO.png                440.44 kB
dist/assets/content-growth-loop-vertical-GFrvJOmS.png                   445.01 kB
dist/assets/creator-command-center-vertical-xDMC5ONY.png                447.40 kB
dist/assets/ai-caption-generator-vertical-Db3gWBNC.png                  455.39 kB
dist/assets/publish-success-vertical-CkhYcfL7.png                       458.72 kB
dist/assets/batch-content-workflow-vertical-DJs2XhrG.png                460.90 kB
dist/assets/upload-once-square-VYhe9aid.png                             463.83 kB
dist/assets/multi-platform-distribution-wide-ZgvhhkXZ.png               468.88 kB
dist/assets/publish-hub-square-DJZ8NpCe.png                             473.45 kB
dist/assets/manual-vs-automated-wide-B-xmZpm8.png                       483.92 kB
dist/assets/automated-posting-queue-vertical-CX-C0lcq.png               497.79 kB
dist/assets/schedule-28-days-vertical-5tFzqGyX.png                      525.14 kB
dist/assets/Logo-BE3RH03d.png                                           532.63 kB
dist/assets/zylo-BoyFztBy.png                                           535.59 kB
dist/assets/1-BrF2__lQ.png                                              572.06 kB
dist/assets/1-DpvUJI1D.png                                              572.96 kB
dist/assets/video9.16-fast-C3k-YHF9.mp4                                 603.17 kB
dist/assets/20-D8Y6h34V.png                                             645.77 kB
dist/assets/18-CpBU3Kcc.png                                             910.82 kB
dist/assets/bgexample-BJxHif_j.png                                      933.53 kB
dist/assets/19-BxO29SmV.png                                           1,019.16 kB
dist/assets/before2-BujZv8E0.png                                      1,130.36 kB
dist/assets/before1-T2dSlVDn.png                                      1,175.53 kB
dist/assets/10-BO0Qz9wG.png                                           1,255.28 kB
dist/assets/4-vXspTVxT.png                                            1,292.72 kB
dist/assets/13-GnTR2jNr.png                                           1,388.05 kB
dist/assets/2-1pGsLOKS.png                                            1,394.61 kB
dist/assets/3-BwrJ_POp.png                                            1,423.29 kB
dist/assets/serum-BhOL1VV6.png                                        1,464.47 kB
dist/assets/22-BUx0XyYZ.png                                           1,539.83 kB
dist/assets/same-B2q6-hHR.png                                         1,548.76 kB
dist/assets/15-DZIrGg0P.png                                           1,556.60 kB
dist/assets/library-Cb5UBhuw.png                                      1,597.91 kB
dist/assets/7-0KB2sYuX.png                                            1,645.23 kB
dist/assets/6-BssmI_ff.png                                            1,657.02 kB
dist/assets/14-hjeAbaA1.png                                           1,659.07 kB
dist/assets/9-22AoI7eL.png                                            1,660.44 kB
dist/assets/11-Sz7SIkb4.png                                           1,690.75 kB
dist/assets/8-D14qMwsL.png                                            1,700.39 kB
dist/assets/24-BdKdqhfa.png                                           1,729.94 kB
dist/assets/23-BgQAIf8b.png                                           1,781.83 kB
dist/assets/example-pfFK6t-R.png                                      1,785.12 kB
dist/assets/beforeafter3-DguwTaPy.png                                 1,785.20 kB
dist/assets/videoo9.16-fast-CYm1ZrQW.mp4                              1,788.50 kB
dist/assets/12-WNoG5ary.png                                           1,789.37 kB
dist/assets/videooo9.16-fast--xXB_4jJ.mp4                             1,844.96 kB
dist/assets/16-CUI7dPa5.png                                           1,858.03 kB
dist/assets/example1-BaIyK4ld.png                                     1,859.13 kB
dist/assets/1-2XopdMBd.png                                            1,889.26 kB
dist/assets/5-CuFY0F0g.png                                            1,915.30 kB
dist/assets/25-BaRcyDQj.png                                           1,919.89 kB
dist/assets/example2-D2pPiRNG.png                                     1,953.77 kB
dist/assets/realcase-CMbpTAAI.png                                     1,969.24 kB
dist/assets/21-HnwfOSo0.png                                           2,023.39 kB
dist/assets/17-Cqw4r9QV.png                                           2,040.26 kB
dist/assets/example3-C3y_bRVt.png                                     2,067.73 kB
dist/assets/beforeafter2-Dw_h7F0P.png                                 2,097.99 kB
dist/assets/best-DBZwuFvp.png                                         2,138.06 kB
dist/assets/bg-Cyxa6vZD.png                                           2,183.69 kB
dist/assets/26-Dv7v2qC-.png                                           2,209.89 kB
dist/assets/wrong-CY9ewft3.png                                        2,210.14 kB
dist/assets/good.2-DK2pfq_X.png                                       2,210.20 kB
dist/assets/bg2-jbn8Ik5_.png                                          2,215.47 kB
dist/assets/good-B8DPgBRI.png                                         2,270.92 kB
dist/assets/UseCase-Dw9JunP4.png                                      2,292.70 kB
dist/assets/beforeafter-XPxZTG75.png                                  2,370.95 kB
dist/assets/example4-1HISiosj.png                                     2,374.64 kB
dist/assets/example5-BVYSHKLP.png                                     2,502.95 kB
dist/assets/dubai-svb9y0lO.png                                        3,147.86 kB
dist/assets/human3-JIUc3qAe.png                                       3,147.86 kB
dist/assets/village-BEgCl3HJ.png                                      3,147.86 kB
dist/assets/nyc-yDNXbmq0.png                                          3,147.86 kB
dist/assets/greek-CV1_aJ0Q.png                                        3,147.86 kB
dist/assets/beach-DzzE3219.png                                        3,147.86 kB
dist/assets/same2-BRq_D1QH.png                                        3,286.25 kB
dist/assets/human1-DrHqpKUE.png                                       3,984.23 kB
dist/assets/human2-DrnzZFRz.png                                       3,984.23 kB
dist/assets/human4-DsxzmIN8.png                                       3,984.23 kB
dist/assets/human5-CWhoBRs9.png                                       3,984.23 kB
dist/assets/bg-Dm5i_zao.mp4                                           9,976.40 kB
dist/assets/wrong2-By4VCKa3.png                                      20,104.39 kB
dist/assets/layout-lY32WxaL.css                                           2.64 kB │ gzip:   0.89 kB
dist/assets/index-vWkfgIYr.css                                          412.94 kB │ gzip:  55.58 kB
dist/assets/3-Yd5LbWvF.js                                                 0.05 kB │ gzip:   0.07 kB
dist/assets/4-DpIjKdLn.js                                                 0.05 kB │ gzip:   0.07 kB
dist/assets/9-CY3bc18j.js                                                 0.05 kB │ gzip:   0.07 kB
dist/assets/1-DyzVt6Al.js                                                 0.05 kB │ gzip:   0.07 kB
dist/assets/7-Bb6rJGru.js                                                 0.05 kB │ gzip:   0.07 kB
dist/assets/8-BS3P9y8C.js                                                 0.05 kB │ gzip:   0.07 kB
dist/assets/15-_ghTwJ1q.js                                                0.05 kB │ gzip:   0.07 kB
dist/assets/16-BLZsemaC.js                                                0.05 kB │ gzip:   0.07 kB
dist/assets/14-jJ2-gUNn.js                                                0.05 kB │ gzip:   0.07 kB
dist/assets/13-Aq6ubnea.js                                                0.05 kB │ gzip:   0.07 kB
dist/assets/11-DcA89sO-.js                                                0.05 kB │ gzip:   0.07 kB
dist/assets/18-BZ0ysu2B.js                                                0.05 kB │ gzip:   0.07 kB
dist/assets/20-B8iRZHp0.js                                                0.05 kB │ gzip:   0.07 kB
dist/assets/19-Bzzou0MP.js                                                0.05 kB │ gzip:   0.07 kB
dist/assets/21-DvLSroM_.js                                                0.05 kB │ gzip:   0.07 kB
dist/assets/17-BAdX30EM.js                                                0.05 kB │ gzip:   0.07 kB
dist/assets/22-B-gWiBPV.js                                                0.05 kB │ gzip:   0.07 kB
dist/assets/23-BSegC16c.js                                                0.05 kB │ gzip:   0.07 kB
dist/assets/nyc-BCIodCOF.js                                               0.05 kB │ gzip:   0.07 kB
dist/assets/best-Cu4T0Hfv.js                                              0.05 kB │ gzip:   0.07 kB
dist/assets/good-KX9QVIym.js                                              0.05 kB │ gzip:   0.07 kB
dist/assets/wrong-CFESmiYF.js                                             0.05 kB │ gzip:   0.07 kB
dist/assets/dubai-CKiTkUmD.js                                             0.05 kB │ gzip:   0.07 kB
dist/assets/good.2-DDSho9L5.js                                            0.05 kB │ gzip:   0.07 kB
dist/assets/human2-DHnRp1bt.js                                            0.05 kB │ gzip:   0.07 kB
dist/assets/human3-CrjPfRht.js                                            0.05 kB │ gzip:   0.07 kB
dist/assets/human4-Cs_DOLZq.js                                            0.05 kB │ gzip:   0.07 kB
dist/assets/human1-rVh5T0v9.js                                            0.05 kB │ gzip:   0.07 kB
dist/assets/realcase-C26Y1OmF.js                                          0.06 kB │ gzip:   0.08 kB
dist/assets/example1-Brlwdc2L.js                                          0.06 kB │ gzip:   0.08 kB
dist/assets/example4-yd73h3Pw.js                                          0.06 kB │ gzip:   0.08 kB
dist/assets/example5-DRIFt7ku.js                                          0.06 kB │ gzip:   0.08 kB
dist/assets/bgexample-Ds7EYmAw.js                                         0.06 kB │ gzip:   0.08 kB
dist/assets/beforeafter-BGOUfreE.js                                       0.06 kB │ gzip:   0.08 kB
dist/assets/beforeafter2-DDoLIoqG.js                                      0.06 kB │ gzip:   0.08 kB
dist/assets/beforeafter3-BOTcYNPb.js                                      0.06 kB │ gzip:   0.08 kB
dist/assets/video9.16-fast-QnAB6tMH.js                                    0.06 kB │ gzip:   0.08 kB
dist/assets/videoo9.16-fast-CtJczX5d.js                                   0.06 kB │ gzip:   0.08 kB
dist/assets/calendar-28-days-square-DzljefBY.js                           0.07 kB │ gzip:   0.09 kB
dist/assets/manual-vs-automated-wide-BiRLUm0G.js                          0.07 kB │ gzip:   0.09 kB
dist/assets/publish-landing-hero-wide-D9psndR5.js                         0.07 kB │ gzip:   0.09 kB
dist/assets/analytics-landing-hero-wide-DjCAIqBf.js                       0.08 kB │ gzip:   0.10 kB
dist/assets/5-DW7z6H8O.js                                                 0.08 kB │ gzip:   0.09 kB
dist/assets/12-DhCVlrUm.js                                                0.08 kB │ gzip:   0.09 kB
dist/assets/publish-while-sleeping-vertical-b3HlDKl8.js                   0.08 kB │ gzip:   0.10 kB
dist/assets/25-giYrQrTT.js                                                0.08 kB │ gzip:   0.09 kB
dist/assets/multi-platform-distribution-wide-DtCLr0IQ.js                  0.08 kB │ gzip:   0.10 kB
dist/assets/one-video-three-platforms-vertical-ryPhNlVX.js                0.08 kB │ gzip:   0.10 kB
dist/assets/before2-CLCqh1qj.js                                           0.10 kB │ gzip:   0.10 kB
dist/assets/example3-BJ_Wbffc.js                                          0.10 kB │ gzip:   0.10 kB
dist/assets/chevron-left-B4Wjvb48.js                                      0.13 kB │ gzip:   0.14 kB
dist/assets/chevron-right-2fqcYeek.js                                     0.13 kB │ gzip:   0.14 kB
dist/assets/plus-DPumtEwj.js                                              0.15 kB │ gzip:   0.15 kB
dist/assets/arrow-left-CEf8XyWB.js                                        0.17 kB │ gzip:   0.16 kB
dist/assets/music-2-DRHiGkpY.js                                           0.17 kB │ gzip:   0.17 kB
dist/assets/arrow-up-right-CkP4gfMj.js                                    0.17 kB │ gzip:   0.16 kB
dist/assets/search-3mn-lzED.js                                            0.17 kB │ gzip:   0.16 kB
dist/assets/circle-check-De-vlxMk.js                                      0.17 kB │ gzip:   0.16 kB
dist/assets/user-2DE0RG9d.js                                              0.19 kB │ gzip:   0.18 kB
dist/assets/info-DX41zx8C.js                                              0.20 kB │ gzip:   0.18 kB
dist/assets/rotate-ccw-r0N89PRJ.js                                        0.20 kB │ gzip:   0.18 kB
dist/assets/circle-x-BhYDD13K.js                                          0.20 kB │ gzip:   0.18 kB
dist/assets/credit-card-CnbZUYo8.js                                       0.21 kB │ gzip:   0.19 kB
dist/assets/log-out-1STqW7-x.js                                           0.23 kB │ gzip:   0.19 kB
dist/assets/mic-DgsgKyKv.js                                               0.23 kB │ gzip:   0.20 kB
dist/assets/upload-Vuk9_ake.js                                            0.23 kB │ gzip:   0.19 kB
dist/assets/copy-Biy3HAzA.js                                              0.23 kB │ gzip:   0.20 kB
dist/assets/message-square-Bmg5Raxz.js                                    0.23 kB │ gzip:   0.20 kB
dist/assets/history-BqM_AnJ9.js                                           0.24 kB │ gzip:   0.20 kB
dist/assets/maximize-2-B9rMhYDy.js                                        0.24 kB │ gzip:   0.19 kB
dist/assets/link-2-lLXd68yK.js                                            0.24 kB │ gzip:   0.20 kB
dist/assets/camera-LKY8eWQ9.js                                            0.24 kB │ gzip:   0.21 kB
dist/assets/circle-alert-u2uWUyU0.js                                      0.25 kB │ gzip:   0.19 kB
dist/assets/eye-3Dv_adi8.js                                               0.25 kB │ gzip:   0.20 kB
dist/assets/external-link-fZ1L2TkV.js                                     0.25 kB │ gzip:   0.20 kB
dist/assets/calendar-CLOoXlmo.js                                          0.26 kB │ gzip:   0.20 kB
dist/assets/triangle-alert-GT0WvkCE.js                                    0.27 kB │ gzip:   0.21 kB
dist/assets/shield-C0uC9Dod.js                                            0.27 kB │ gzip:   0.22 kB
dist/assets/pencil-uKbTDiAL.js                                            0.28 kB │ gzip:   0.23 kB
dist/assets/book-open-BpOfyqmG.js                                         0.28 kB │ gzip:   0.21 kB
dist/assets/copy-check-DT3jDG81.js                                        0.28 kB │ gzip:   0.23 kB
dist/assets/lightbulb--Co1RqIr.js                                         0.28 kB │ gzip:   0.22 kB
dist/assets/house-Cfg5MR10.js                                             0.29 kB │ gzip:   0.22 kB
dist/assets/send-C75oymNn.js                                              0.29 kB │ gzip:   0.23 kB
dist/assets/instagram-Cr-t4f-w.js                                         0.30 kB │ gzip:   0.24 kB
dist/assets/users-BM7CD2IG.js                                             0.31 kB │ gzip:   0.23 kB
dist/assets/user-plus-Dkk2OgO8.js                                         0.31 kB │ gzip:   0.23 kB
dist/assets/id-card-7XImaYni.js                                           0.32 kB │ gzip:   0.24 kB
dist/assets/trash-2-NqxhLe7-.js                                           0.33 kB │ gzip:   0.22 kB
dist/assets/youtube-C9KxAaBb.js                                           0.33 kB │ gzip:   0.22 kB
dist/assets/clapperboard-DfH8zXKr.js                                      0.35 kB │ gzip:   0.25 kB
dist/assets/grip-vertical-CxMdStd-.js                                     0.37 kB │ gzip:   0.19 kB
dist/assets/car-front-B9ylFJA2.js                                         0.40 kB │ gzip:   0.27 kB
dist/assets/layers-DMG019bJ.js                                            0.42 kB │ gzip:   0.24 kB
dist/assets/upload-once-square-CJMij7_7.js                                0.42 kB │ gzip:   0.31 kB
dist/assets/calendar-days-DWTZ0vSM.js                                     0.50 kB │ gzip:   0.26 kB
dist/assets/wand-sparkles-C_9zZRU4.js                                     0.51 kB │ gzip:   0.29 kB
dist/assets/layout-grid-rAZIV-Js.js                                       0.53 kB │ gzip:   0.29 kB
dist/assets/Cancel-D25rRDMX.js                                            0.63 kB │ gzip:   0.40 kB
dist/assets/AuthCallback-CVbSvnT4.js                                      0.77 kB │ gzip:   0.46 kB
dist/assets/Success-JzCoKxp9.js                                           0.85 kB │ gzip:   0.47 kB
dist/assets/Toast-Dkw4Q4cW.js                                             0.87 kB │ gzip:   0.50 kB
dist/assets/WelcomeToZyloHelp-DDkhKiAJ.js                                 0.96 kB │ gzip:   0.54 kB
dist/assets/RelatedArticles-B0EKNKnF.js                                   1.00 kB │ gzip:   0.49 kB
dist/assets/FeedbackAnalytics-BZj7cQ7b.js                                 1.10 kB │ gzip:   0.56 kB
dist/assets/SupportPolicies-BeQ5Z6bX.js                                   1.25 kB │ gzip:   0.66 kB
dist/assets/GenerateButton-DHmLajCN.js                                    1.43 kB │ gzip:   0.68 kB
dist/assets/research-CC2lnSNd.js                                          1.64 kB │ gzip:   0.60 kB
dist/assets/BillingAndCredits-Bdzue1OY.js                                 1.70 kB │ gzip:   0.79 kB
dist/assets/SupportLayout-CM4g7VkI.js                                     1.72 kB │ gzip:   0.79 kB
dist/assets/index-607UPNXL.js                                             1.79 kB │ gzip:   0.93 kB
dist/assets/BlogCategoryPage-DJFb4Sya.js                                  1.96 kB │ gzip:   0.80 kB
dist/assets/Forgot--J1T7ZAX.js                                            2.34 kB │ gzip:   1.07 kB
dist/assets/bg-Cmbl-CrO.js                                                2.40 kB │ gzip:   1.18 kB
dist/assets/Feedback-Ciefc6AJ.js                                          2.83 kB │ gzip:   1.44 kB
dist/assets/SupportHome-VOpyrCvf.js                                       3.06 kB │ gzip:   1.21 kB
dist/assets/index-CUxsIblL.js                                             3.11 kB │ gzip:   1.26 kB
dist/assets/index-DCuJGupT.js                                             3.14 kB │ gzip:   1.35 kB
dist/assets/Login-DKpJLwJK.js                                             3.15 kB │ gzip:   1.27 kB
dist/assets/Reset-D70INmSf.js                                             3.26 kB │ gzip:   1.29 kB
dist/assets/SupportArticle-CoAxI29s.js                                    3.45 kB │ gzip:   1.36 kB
dist/assets/ProductPhotosShopify-BePUHI0s.js                              3.55 kB │ gzip:   1.33 kB
dist/assets/ViralShowcase-CMd9IvWe.js                                     3.69 kB │ gzip:   1.57 kB
dist/assets/Signup-BVXJ8dIY.js                                            3.76 kB │ gzip:   1.55 kB
dist/assets/GuestGenerateModal-CP4VQrXC.js                                3.85 kB │ gzip:   1.57 kB
dist/assets/LatestModels-DzldlaO0.js                                      3.99 kB │ gzip:   1.69 kB
dist/assets/SupportContact-g4UY3TqE.js                                    4.25 kB │ gzip:   1.45 kB
dist/assets/project-Cl4BZ_ge.js                                           4.38 kB │ gzip:   1.35 kB
dist/assets/behind-the-scenes-beginners-guide-CIBr1coN.js                 4.44 kB │ gzip:   1.92 kB
dist/assets/ProductPhotographyMistakesEcommerce-B3TkwCxl.js               4.64 kB │ gzip:   1.70 kB
dist/assets/30-days-series-cliffhangers-DMXq7Bbp.js                       4.70 kB │ gzip:   2.05 kB
dist/assets/behind-the-scenes-tier-list-B8KgQ7Yh.js                       4.82 kB │ gzip:   2.07 kB
dist/assets/30-days-quality-tiers-Dhn0TdSx.js                             4.90 kB │ gzip:   2.06 kB
dist/assets/SupportPolicyArticle-DaVVbhWt.js                              4.93 kB │ gzip:   2.15 kB
dist/assets/behind-the-scenes-time-Bx2t3wtY.js                            4.95 kB │ gzip:   2.07 kB
dist/assets/30-days-scene-continuity-DrxUUmcQ.js                          4.97 kB │ gzip:   2.18 kB
dist/assets/30-days-time-Xj9jeDZJ.js                                      4.97 kB │ gzip:   2.17 kB
dist/assets/ITestViralAIPrompts-BfGcuqXz.js                               5.00 kB │ gzip:   1.97 kB
dist/assets/30-days-series-world-bible-explained-Mb9TW6kI.js              5.03 kB │ gzip:   2.18 kB
dist/assets/image-gen-test-Isq5llud.js                                    5.03 kB │ gzip:   1.54 kB
dist/assets/ScrollStoppingImagesNoDesign-fNF1ufdl.js                      5.05 kB │ gzip:   1.83 kB
dist/assets/30-days-series-dashboard-tour-Ce-4_wU-.js                     5.07 kB │ gzip:   2.19 kB
dist/assets/ai-visual-styles-most-engagement-Bf6yCYwQ.js                  5.09 kB │ gzip:   1.66 kB
dist/assets/30-days-series-days-per-episode-BseBB212.js                   5.10 kB │ gzip:   2.14 kB
dist/assets/WhatsHot-B8R-Whp9.js                                          5.14 kB │ gzip:   1.96 kB
dist/assets/what-is-30-days-series-mode-BgMrqzcN.js                       5.17 kB │ gzip:   2.20 kB
dist/assets/IsAIImageGenerationWorthItForCreators-u0TAQ090.js             5.17 kB │ gzip:   1.77 kB
dist/assets/footballer-nationality-swap-tips-Cpa2xmUq.js                  5.20 kB │ gzip:   2.25 kB
dist/assets/how-often-should-you-post-CUIs3Jl3.js                         5.24 kB │ gzip:   2.13 kB
dist/assets/ShopifyProductPhotoBestPractices-BUs_e0xR.js                  5.26 kB │ gzip:   1.90 kB
dist/assets/minecraft-style-ai-images-2BAqxHoG.js                         5.26 kB │ gzip:   2.10 kB
dist/assets/clay-rescue-series-DaMtHuYS.js                                5.29 kB │ gzip:   2.07 kB
dist/assets/micro-camera-animal-series-DholSiKi.js                        5.31 kB │ gzip:   2.06 kB
dist/assets/30-days-character-consistency-B30P99wX.js                     5.32 kB │ gzip:   2.29 kB
dist/assets/clay-rescue-vs-micro-camera-animal-bTmvJIjR.js                5.34 kB │ gzip:   2.01 kB
dist/assets/cartoon-drive-by-series-D6ykHepT.js                           5.37 kB │ gzip:   2.04 kB
dist/assets/30-days-universe-ideas-CEkq4O0W.js                            5.37 kB │ gzip:   2.30 kB
dist/assets/30-days-voiceover-sync-B7gc9VGi.js                            5.39 kB │ gzip:   2.35 kB
dist/assets/hidden-ai-image-styles-DZ7FfC0P.js                            5.42 kB │ gzip:   2.18 kB
dist/assets/30-days-camera-mode-D98kxJTo.js                               5.45 kB │ gzip:   2.32 kB
dist/assets/30-days-video-series-4tRpA6JY.js                              5.45 kB │ gzip:   2.19 kB
dist/assets/CreatorsBlowingUpWithAI-BpbrK68c.js                           5.46 kB │ gzip:   1.68 kB
dist/assets/footballer-nationality-swap-series-CNwbzrx4.js                5.47 kB │ gzip:   2.09 kB
dist/assets/instagram-reels-algorithm-explained-D2w7eBxs.js               5.50 kB │ gzip:   2.23 kB
dist/assets/faceless-youtube-channel-ideas-BKK9SAMX.js                    5.50 kB │ gzip:   2.24 kB
dist/assets/behind-the-scenes-is-it-real-DOP2X54V.js                      5.50 kB │ gzip:   2.31 kB
dist/assets/cross-promote-zyvo-formats-DPY5mmK6.js                        5.53 kB │ gzip:   2.27 kB
dist/assets/disney-vs-ghibli-ai-images-DGO0hpSz.js                        5.54 kB │ gzip:   2.12 kB
dist/assets/TopAIImageStylesThatGoViralOnSocialMedia-CxP0xulX.js          5.56 kB │ gzip:   1.86 kB
dist/assets/is-30-days-worth-it-CpZ8ESQr.js                               5.57 kB │ gzip:   2.26 kB
dist/assets/noir-vs-cyberpunk-ai-images-C37f42DX.js                       5.58 kB │ gzip:   2.14 kB
dist/assets/repurpose-one-video-ten-pieces-DpwgB5l6.js                    5.61 kB │ gzip:   2.26 kB
dist/assets/ai-dark-moody-cinematic-images-BkZCYnfN.js                    5.64 kB │ gzip:   1.85 kB
dist/assets/how-to-create-luxury-ai-images-yLdhduch.js                    5.65 kB │ gzip:   1.85 kB
dist/assets/multi-format-weekly-calendar-H0BPrsuO.js                      5.72 kB │ gzip:   2.32 kB
dist/assets/behind-the-scenes-vs-clay-rescue-CGVl5FTE.js                  5.74 kB │ gzip:   2.18 kB
dist/assets/why3daiimagesperform-MEVBRTA9.js                              5.76 kB │ gzip:   1.90 kB
dist/assets/HowAIImageGeneratorsWork-3yjJPUrD.js                          5.79 kB │ gzip:   1.98 kB
dist/assets/Forshopifystores-Bl7w5T1y.js                                  5.81 kB │ gzip:   1.95 kB
dist/assets/whichaiimagestyleworksbest-CZPT8lRF.js                        5.81 kB │ gzip:   1.96 kB
dist/assets/what-is-30-days-ai-trend-BPWhUesf.js                          5.83 kB │ gzip:   2.38 kB
dist/assets/HowtoCreateMinimalistImagesUsingAI-CW8QDbmb.js                5.83 kB │ gzip:   1.88 kB
dist/assets/ai-product-photography-high-end-DvrKOtl9.js                   5.84 kB │ gzip:   1.89 kB
dist/assets/how-to-spot-viral-ai-trend-BPXTrlWb.js                        5.90 kB │ gzip:   2.55 kB
dist/assets/ViralAiImagesTikTok-C1F7TPpV.js                               5.90 kB │ gzip:   2.02 kB
dist/assets/HowtoCreateMovieStyleVisuals-DHMnLUMS.js                      5.93 kB │ gzip:   1.96 kB
dist/assets/HowtoGenerateAestheticImagesWithAI-6QQ59Oq6.js                5.94 kB │ gzip:   1.94 kB
dist/assets/30-days-series-vs-single-video-BsSepNSI.js                    5.95 kB │ gzip:   2.22 kB
dist/assets/skeleton-xray-ai-trend-Dp36Bvfu.js                            5.96 kB │ gzip:   2.29 kB
dist/assets/content-slump-recovery-Ddf_m7nf.js                            5.96 kB │ gzip:   2.45 kB
dist/assets/ai-image-generator-examples-CSG9Op33.js                       5.99 kB │ gzip:   2.34 kB
dist/assets/imperfect-ai-videos-winning-DbkzlsNb.js                       6.00 kB │ gzip:   2.57 kB
dist/assets/behind-the-scenes-camera-vantage-CgSGhtCU.js                  6.06 kB │ gzip:   2.43 kB
dist/assets/behind-the-scenes-series-Dl1F1t9e.js                          6.06 kB │ gzip:   2.46 kB
dist/assets/30-days-premise-formula-C2zK1w25.js                           6.12 kB │ gzip:   2.48 kB
dist/assets/JumpBackIn-DG7Z_NtT.js                                        6.14 kB │ gzip:   2.37 kB
dist/assets/30-days-halloween-special-BK5A3yYZ.js                         6.15 kB │ gzip:   2.52 kB
dist/assets/popularstyles-yNLgzgL7.js                                     6.21 kB │ gzip:   2.19 kB
dist/assets/AIImageStylesEveryoneObsessedWith-BjfmOOjb.js                 6.25 kB │ gzip:   2.11 kB
dist/assets/face-asmr-privacy-ChcTcoZY.js                                 6.29 kB │ gzip:   2.35 kB
dist/assets/whats-hot-right-now-ai-trends-DVNsuGLw.js                     6.32 kB │ gzip:   2.68 kB
dist/assets/footballer-nationality-swap-mistakes-CLvs74-0.js              6.35 kB │ gzip:   2.49 kB
dist/assets/behind-the-scenes-halloween-nWr-kx-u.js                       6.38 kB │ gzip:   2.54 kB
dist/assets/ai-fruit-story-finale-ideas-C22e9c2K.js                       6.41 kB │ gzip:   2.53 kB
dist/assets/micro-camera-animal-video-ideas-BVC7kFwi.js                   6.42 kB │ gzip:   2.44 kB
dist/assets/ai-fruit-story-halloween-YtKwLMvV.js                          6.42 kB │ gzip:   2.53 kB
dist/assets/tiktok-algorithm-explained-CBIjiFI2.js                        6.44 kB │ gzip:   2.48 kB
dist/assets/fruit-story-vs-footballer-nationality-swap-DhQFNYeX.js        6.44 kB │ gzip:   2.45 kB
dist/assets/zyvo-content-workflow-Bc_flvTW.js                             6.50 kB │ gzip:   2.64 kB
dist/assets/footballer-nationality-swap-time-xNsISYSk.js                  6.50 kB │ gzip:   2.42 kB
dist/assets/ConnectionsLanding-Dca7Y79-.js                                6.53 kB │ gzip:   2.40 kB
dist/assets/ai-fruit-story-group-chat-BN697fy6.js                         6.53 kB │ gzip:   2.59 kB
dist/assets/every-zyvo-video-format-compared-DIbxy7JN.js                  6.53 kB │ gzip:   2.51 kB
dist/assets/face-asmr-mistakes-AXbF9-hn.js                                6.53 kB │ gzip:   2.55 kB
dist/assets/behind-the-scenes-vs-micro-camera-animal-Do4DBhyb.js          6.55 kB │ gzip:   2.35 kB
dist/assets/StatsLanding-BaNeb0Li.js                                      6.55 kB │ gzip:   2.57 kB
dist/assets/ai-fruit-story-character-names-Cmd3wQEc.js                    6.57 kB │ gzip:   2.53 kB
dist/assets/behind-the-scenes-how-its-made-DS_Pk_J0.js                    6.58 kB │ gzip:   2.67 kB
dist/assets/AIImageGeneratorForContentCreators-C38WDYU8.js                6.65 kB │ gzip:   1.95 kB
dist/assets/what-is-zyvo-publish-BTkK2A8x.js                              6.68 kB │ gzip:   2.41 kB
dist/assets/TopAIImageGeneratorFeaturesThatMatter-DhSsDIDX.js             6.72 kB │ gzip:   2.24 kB
dist/assets/what-is-zyvo-connections-B3_9LWnO.js                          6.72 kB │ gzip:   2.31 kB
dist/assets/TheSecretPromptsBehindViralAIImages-DdmaLxjz.js               6.72 kB │ gzip:   2.12 kB
dist/assets/HowToLaunchProductsFasyerWithAi-zC00OpbG.js                   6.73 kB │ gzip:   2.41 kB
dist/assets/ConvertingProductImagesForShopify-5YhWXAaz.js                 6.77 kB │ gzip:   2.40 kB
dist/assets/30-days-mistakes-CKegbgLg.js                                  6.77 kB │ gzip:   2.81 kB
dist/assets/how-to-make-money-ai-content-Dp5qE10J.js                      6.79 kB │ gzip:   2.65 kB
dist/assets/what-is-face-asmr-pdvUd5fH.js                                 6.81 kB │ gzip:   2.54 kB
dist/assets/HowVisualBrandingImpactsOnlineSales-mP2-oz04.js               6.81 kB │ gzip:   2.02 kB
dist/assets/BestAiToolsEcommerce-D86gkSs2.js                              6.83 kB │ gzip:   2.30 kB
dist/assets/footer-Dmm1Ii0n.js                                            6.83 kB │ gzip:   1.13 kB
dist/assets/AIBackgroundRemovalForProductPhotos-C6mV127y.js               6.84 kB │ gzip:   1.98 kB
dist/assets/cartoon-drive-by-mistakes-CMmC4hYi.js                         6.84 kB │ gzip:   2.66 kB
dist/assets/ScaleEcommerceContent-D4x25Db8.js                             6.85 kB │ gzip:   2.31 kB
dist/assets/behind-the-scenes-extended-modules-DEbGMjwJ.js                6.86 kB │ gzip:   2.74 kB
dist/assets/vertical-video-formats-guide-Dh_G6gpi.js                      6.87 kB │ gzip:   2.49 kB
dist/assets/LatestTrends-DKUoUemR.js                                      6.87 kB │ gzip:   2.64 kB
dist/assets/ai-fruit-story-vs-2am-worlds-lfdcVKAw.js                      6.90 kB │ gzip:   2.51 kB
dist/assets/30-days-vs-ai-fruit-story-CF3cIbB-.js                         6.90 kB │ gzip:   2.47 kB
dist/assets/ai-fruit-story-drama-tier-list-COeguhkQ.js                    6.91 kB │ gzip:   2.94 kB
dist/assets/ai-fruit-story-examples-EtrI9bby.js                           6.94 kB │ gzip:   2.86 kB
dist/assets/what-is-zyvo-stats-C0Csvhsu.js                                6.99 kB │ gzip:   2.50 kB
dist/assets/how-to-get-started-with-zyvo-CRiErZmV.js                      7.01 kB │ gzip:   2.64 kB
dist/assets/behind-the-scenes-mistakes-CzpFK7Ab.js                        7.01 kB │ gzip:   2.97 kB
dist/assets/Ai-Tools-Every-Shopify-Store-Owner-Know-CDUzd-Hi.js           7.02 kB │ gzip:   2.48 kB
dist/assets/ProductImagesThatConvertGuide-BILvpAFk.js                     7.08 kB │ gzip:   2.42 kB
dist/assets/best-ai-video-generators-tiktok-pdHKCYH3.js                   7.11 kB │ gzip:   2.60 kB
dist/assets/WhyAIImagesOutperformRealPhotos-BOLRSffw.js                   7.11 kB │ gzip:   2.26 kB
dist/assets/clay-rescue-video-ideas-CtLOGPQw.js                           7.12 kB │ gzip:   2.78 kB
dist/assets/is-zyvo-free-DChqVGZh.js                                      7.14 kB │ gzip:   2.62 kB
dist/assets/behind-the-scenes-video-ideas-CFHeZvnu.js                     7.15 kB │ gzip:   2.75 kB
dist/assets/is-ai-content-worth-it-COG--dMV.js                            7.15 kB │ gzip:   2.63 kB
dist/assets/ai-fruit-story-duets-stitches-BWLYAX1l.js                     7.16 kB │ gzip:   2.80 kB
dist/assets/micro-camera-animal-mistakes-eQ2bJrEB.js                      7.19 kB │ gzip:   2.83 kB
dist/assets/ai-fruit-story-time-Ds6bTSSK.js                               7.24 kB │ gzip:   2.54 kB
dist/assets/AIProductPhotoForSmallBusiness-aTY_8n7f.js                    7.26 kB │ gzip:   2.49 kB
dist/assets/behind-the-scenes-disaster-types-CAjk8kOE.js                  7.27 kB │ gzip:   2.99 kB
dist/assets/cartoon-drive-by-explained-Dr6N1e0i.js                        7.31 kB │ gzip:   2.83 kB
dist/assets/ai-fruit-story-cliffhangers-B3_dEzyQ.js                       7.32 kB │ gzip:   2.89 kB
dist/assets/zyvo-template-comparison-BrKcveAE.js                          7.36 kB │ gzip:   2.76 kB
dist/assets/footballer-nationality-swap-ideas-D5o5Egt6.js                 7.38 kB │ gzip:   2.77 kB
dist/assets/best-free-ai-tools-creators-BYXhaNSj.js                       7.38 kB │ gzip:   2.74 kB
dist/assets/TurnAnyIdeaIntoViralImage-B09cbfKQ.js                         7.40 kB │ gzip:   2.44 kB
dist/assets/ai-image-generator-mistakes-3fI7mqlZ.js                       7.41 kB │ gzip:   2.98 kB
dist/assets/creations-C86TqZCu.js                                         7.42 kB │ gzip:   2.64 kB
dist/assets/AIImageGeneratorBeginnersGuide2026-C-33PdLc.js                7.42 kB │ gzip:   2.41 kB
dist/assets/which-zyvo-template-DW2kXUpo.js                               7.48 kB │ gzip:   2.96 kB
dist/assets/HowVisualQualityImpactsSeo-DjMDslhO.js                        7.50 kB │ gzip:   2.70 kB
dist/assets/ai-fruit-story-pricing-DCdzFNpi.js                            7.51 kB │ gzip:   2.75 kB
dist/assets/ai-content-hooks-captions-that-go-viral-BQbArx_A.js           7.52 kB │ gzip:   2.92 kB
dist/assets/HowBetterImagesReduceBounceRate-pt2aOcGf.js                   7.56 kB │ gzip:   2.69 kB
dist/assets/WhyYourPostsDontGoViral-WCyOPxb6.js                           7.57 kB │ gzip:   2.37 kB
dist/assets/footballer-nationality-swap-explained-m16oc_PQ.js             7.57 kB │ gzip:   2.85 kB
dist/assets/ai-fruit-story-series-universe-ieh4PuBY.js                    7.59 kB │ gzip:   2.91 kB
dist/assets/ImageGeneratorLanding-BpKUNixU.js                             7.61 kB │ gzip:   2.52 kB
dist/assets/GenerateHighQualityImagesWithAI-Uuf59Fr_.js                   7.63 kB │ gzip:   2.27 kB
dist/assets/ai-fruit-story-best-lines-Ckqw0zrS.js                         7.66 kB │ gzip:   3.19 kB
dist/assets/StudioQualityProductPhotos-Cmpavjhi.js                        7.67 kB │ gzip:   2.48 kB
dist/assets/AIImageGeneratorVsTraditionalDesign-ynx6WXPD.js               7.67 kB │ gzip:   2.27 kB
dist/assets/ai-fruit-story-couples-B2bOm4DY.js                            7.69 kB │ gzip:   3.07 kB
dist/assets/BestAIImageGeneratorForSocialMedia-BZ5KKbRo.js                7.70 kB │ gzip:   2.33 kB
dist/assets/behind-the-scenes-trend-explained-BAi36OV7.js                 7.73 kB │ gzip:   2.91 kB
dist/assets/ReferenceImageModal-BZP3Chzp.js                               7.74 kB │ gzip:   2.76 kB
dist/assets/clay-rescue-mistakes-BfzQMAnN.js                              7.76 kB │ gzip:   3.03 kB
dist/assets/best-time-to-post-ai-content-y8LzhnkZ.js                      7.77 kB │ gzip:   3.08 kB
dist/assets/AiProductPhotosForDropshipping-DlwLzZCk.js                    7.77 kB │ gzip:   2.64 kB
dist/assets/ai-fruit-story-vs-traditional-animation-DczC8eOl.js           7.88 kB │ gzip:   2.97 kB
dist/assets/ai-image-generator-prompt-formula-DkeT7xPC.js                 7.92 kB │ gzip:   2.88 kB
dist/assets/GenerateImagesForAdsUsingAI-CaRp_-dw.js                       7.92 kB │ gzip:   2.43 kB
dist/assets/ai-fruit-story-craziest-generation-ktEPIe9I.js                7.95 kB │ gzip:   3.12 kB
dist/assets/zyvo-vs-other-ai-tools-t2IXl4Sj.js                            7.99 kB │ gzip:   2.87 kB
dist/assets/what-is-micro-camera-animal-C1pvzbVZ.js                       8.00 kB │ gzip:   2.86 kB
dist/assets/cartoon-drive-by-vs-2am-worlds-DLdyRWyU.js                    8.05 kB │ gzip:   2.80 kB
dist/assets/CreateProfessionalImagesWithAI-BbiBfoZN.js                    8.06 kB │ gzip:   2.53 kB
dist/assets/ai-fruit-story-mistakes-BL153piq.js                           8.08 kB │ gzip:   3.28 kB
dist/assets/HowImproveEcommerceVisualTrust-B4Cnp483.js                    8.09 kB │ gzip:   2.62 kB
dist/assets/BlogIndex-ZjMrTITe.js                                         8.14 kB │ gzip:   2.80 kB
dist/assets/ai-fruit-story-fan-theories-0zHoWIju.js                       8.24 kB │ gzip:   3.35 kB
dist/assets/cartoon-drive-by-video-ideas-Cjz0xteb.js                      8.25 kB │ gzip:   3.14 kB
dist/assets/EcommerceVisualConsistencyExplained-CLh6PAom.js               8.36 kB │ gzip:   2.82 kB
dist/assets/AIroductIncreaseRates-C9xZzwYW.js                             8.47 kB │ gzip:   2.74 kB
dist/assets/CartoonDriveByLanding-DdtRPXcn.js                             8.58 kB │ gzip:   2.86 kB
dist/assets/ai-vs-traditional-product-photography-D_f22lY9.js             8.60 kB │ gzip:   2.58 kB
dist/assets/what-is-clay-rescue-Kdg7RZs1.js                               8.62 kB │ gzip:   3.02 kB
dist/assets/FaceAsmrPaywall-Cuv6EXg1.js                                   8.63 kB │ gzip:   2.96 kB
dist/assets/ai-fruit-story-unhinged-plots-ROxJISIH.js                     8.76 kB │ gzip:   3.57 kB
dist/assets/HowToWriteAViralScript-CvXLjCT6.js                            9.00 kB │ gzip:   3.39 kB
dist/assets/what-is-ai-fruit-story-B2x6SHc2.js                            9.07 kB │ gzip:   3.44 kB
dist/assets/WhyCleanProductPhotosBuildTrust-DEDPqYfh.js                   9.14 kB │ gzip:   2.84 kB
dist/assets/what-is-zyvo-BFh2b_et.js                                      9.14 kB │ gzip:   3.48 kB
dist/assets/one-click-publishing-playbook-D22vFvX2.js                     9.28 kB │ gzip:   3.53 kB
dist/assets/FootballerNationalitySwapLanding-8gJ_DZbD.js                  9.30 kB │ gzip:   3.11 kB
dist/assets/HowVisualBrandingSeparatesWinnersFromLosers-vpiC0P95.js       9.36 kB │ gzip:   2.93 kB
dist/assets/AIProductPhotosForFashionStores-0pQyOM6Z.js                   9.40 kB │ gzip:   2.84 kB
dist/assets/AIProductPhotosForBeautyAndSkincare-BanGf0oY.js               9.47 kB │ gzip:   2.87 kB
dist/assets/WhyProductPhotosMatter-7DfOzQUG.js                            9.48 kB │ gzip:   2.57 kB
dist/assets/clay-rescue-ai-video-maker-szBsV348.js                        9.48 kB │ gzip:   3.35 kB
dist/assets/ai-fruit-story-quiz-BHVdz9hs.js                               9.61 kB │ gzip:   3.85 kB
dist/assets/ai-fruit-story-instagram-youtube-shorts-Bblv3tr1.js           9.78 kB │ gzip:   3.37 kB
dist/assets/AIImageTrendsYouNeedToJumpOn-DmNoGyzy.js                      9.90 kB │ gzip:   2.84 kB
dist/assets/HowAIHelpsEcommerceBrandsScaleFaster-CoCSDjjl.js             10.05 kB │ gzip:   2.97 kB
dist/assets/ai-fruit-story-talking-dialogue-tips-wjGvkaUr.js             10.07 kB │ gzip:   3.69 kB
dist/assets/why-giant-hand-rescue-videos-go-viral-QDUp5W-6.js            10.10 kB │ gzip:   3.46 kB
dist/assets/ai-fruit-story-plot-twists-WeDV-EnM.js                       10.12 kB │ gzip:   3.85 kB
dist/assets/ProductPhotographyTrendsForEcommerce-Bc0Cb3kS.js             10.13 kB │ gzip:   2.98 kB
dist/assets/BestAiProductBgToUse-CW70vfuP.js                             10.15 kB │ gzip:   2.90 kB
dist/assets/ai-fruit-story-prompt-formula-BVgXevN7.js                    10.99 kB │ gzip:   3.88 kB
dist/assets/viral-ai-fruit-drama-videos-CV4K14pC.js                      11.15 kB │ gzip:   4.19 kB
dist/assets/story-Bs0bQx7X.js                                            11.69 kB │ gzip:   3.72 kB
dist/assets/viral-face-asmr-videos-BofipY0J.js                           11.83 kB │ gzip:   4.36 kB
dist/assets/schedule-auto-publish-ai-videos-C72-Ckvm.js                  12.00 kB │ gzip:   4.08 kB
dist/assets/ViralScriptStyles-DxU9sjAM.js                                12.10 kB │ gzip:   4.24 kB
dist/assets/VisualOptimizationForMobileEcommerce-pdd-Ogd3.js             12.35 kB │ gzip:   3.71 kB
dist/assets/HelpCenter-CjwPUMw3.js                                       12.41 kB │ gzip:   4.55 kB
dist/assets/ai-video-generator-tiktok-reels-BjihxBaD.js                  12.68 kB │ gzip:   4.32 kB
dist/assets/face-asmr-maker-OL1t--d4.js                                  12.87 kB │ gzip:   4.57 kB
dist/assets/how-to-make-viral-ai-tiktok-videos-D2tM7WUF.js               13.18 kB │ gzip:   4.45 kB
dist/assets/best-ai-tools-faceless-tiktok-videos-h25v6LV2.js             13.22 kB │ gzip:   4.50 kB
dist/assets/SeoLandingPage-Aa_X5Rbo.js                                   13.28 kB │ gzip:   4.34 kB
dist/assets/analytics-growth-square-CP-wWjQk.js                          13.42 kB │ gzip:   3.59 kB
dist/assets/BehindTheScenesLanding-Cn8BfJtP.js                           13.56 kB │ gzip:   4.32 kB
dist/assets/how-to-start-asmr-channel-with-ai-C2x800UP.js                13.57 kB │ gzip:   4.91 kB
dist/assets/ClayRescueLanding-BTzl7Oa5.js                                13.71 kB │ gzip:   4.36 kB
dist/assets/best-face-asmr-video-ideas-2026-BehepX5x.js                  13.71 kB │ gzip:   4.74 kB
dist/assets/how-to-go-viral-tiktok-fruit-drama-CN6YwE9k.js               13.81 kB │ gzip:   4.75 kB
dist/assets/free-viral-ai-tool-BhQaqcQh.js                               14.32 kB │ gzip:   4.61 kB
dist/assets/ThirtyDaysSeriesLanding-DRSEgMo5.js                          14.32 kB │ gzip:   4.28 kB
dist/assets/free-ai-image-generator-BkzgdFv9.js                          14.34 kB │ gzip:   4.07 kB
dist/assets/ThirtyDaysLanding-Cu6C_x1E.js                                14.79 kB │ gzip:   4.72 kB
dist/assets/ai-fruit-story-character-ideas-DJupr8dc.js                   14.82 kB │ gzip:   5.13 kB
dist/assets/asmr-video-ideas-tiktok-2026-DMHSUj6I.js                     15.00 kB │ gzip:   5.51 kB
dist/assets/how-to-create-viral-ai-videos-CKwJz3LO.js                    15.01 kB │ gzip:   5.10 kB
dist/assets/viral-animal-bodycam-videos-CZPhE4IK.js                      15.21 kB │ gzip:   5.08 kB
dist/assets/micro-camera-animal-maker-BjnaXLRc.js                        15.66 kB │ gzip:   5.13 kB
dist/assets/shared-BD4EHBJN.js                                           15.75 kB │ gzip:   5.34 kB
dist/assets/research-gMLlKUgw.js                                         15.89 kB │ gzip:   4.86 kB
dist/assets/HowToGoViralWithAI-CSKV1oV5.js                               15.91 kB │ gzip:   4.64 kB
dist/assets/TextToVoice-CRtWNYdg.js                                      16.05 kB │ gzip:   4.76 kB
dist/assets/script-4eua7iLx.js                                           16.45 kB │ gzip:   4.88 kB
dist/assets/AIVideoNewViralCurrency-kDuWahse.js                          16.55 kB │ gzip:   5.10 kB
dist/assets/connections-DAsA_1dM.js                                      16.83 kB │ gzip:   4.26 kB
dist/assets/dialog-GoYWgm99.js                                           16.99 kB │ gzip:   6.43 kB
dist/assets/MicroCameraAnimalLanding-flZASmnl.js                         17.59 kB │ gzip:   5.33 kB
dist/assets/FaceAsmrLanding-CAFFo0_b.js                                  17.93 kB │ gzip:   5.42 kB
dist/assets/best-ai-fruit-story-ideas-BVtoAbKs.js                        18.33 kB │ gzip:   6.77 kB
dist/assets/AIProductPhotoGenerator-BwSiPhZS.js                          20.40 kB │ gzip:   6.33 kB
dist/assets/how-to-write-a-viral-script-DFenDeXa.js                      20.44 kB │ gzip:   6.50 kB
dist/assets/home-BXOTTHjc.js                                             20.50 kB │ gzip:   6.86 kB
dist/assets/visualWorld-CgG__P6C.js                                      20.91 kB │ gzip:   7.15 kB
dist/assets/ai-script-generator-viral-videos-BqEivpKj.js                 21.30 kB │ gzip:   6.42 kB
dist/assets/AIFruitStoryLanding-Drw33ABT.js                              21.61 kB │ gzip:   6.24 kB
dist/assets/WorkspaceSettings-Kwn7GQbH.js                                21.82 kB │ gzip:   6.55 kB
dist/assets/promptHandoff-CGeFKHyY.js                                    21.95 kB │ gzip:   5.33 kB
dist/assets/new-DpvkGNJV.js                                              22.85 kB │ gzip:   6.57 kB
dist/assets/GenerationExperience-BXWYef30.js                             24.71 kB │ gzip:   7.04 kB
dist/assets/LipSync-DEwZ4MyO.js                                          24.86 kB │ gzip:   6.73 kB
dist/assets/ZyvoVsMidjourneyProductPhotos-DWqLAMGJ.js                    26.47 kB │ gzip:   7.06 kB
dist/assets/ai-content-creation-tools-instagram-viral-BBvGQvwF.js        28.76 kB │ gzip:   8.26 kB
dist/assets/portal-53rJQZWB.js                                           28.84 kB │ gzip:  10.89 kB
dist/assets/ViralScore-tMj2IOBa.js                                       30.32 kB │ gzip:   8.97 kB
dist/assets/CreatorGrowthGuide-Ck3ePdRe.js                               31.70 kB │ gzip:  10.76 kB
dist/assets/look-DxY_k1Gh.js                                             35.55 kB │ gzip:  11.78 kB
dist/assets/best-ai-image-generators-social-media-2026-BNkPB5r9.js       35.85 kB │ gzip:   9.54 kB
dist/assets/CartoonDriveBy-CqegmSCH.js                                   38.15 kB │ gzip:  12.41 kB
dist/assets/Pricing-BWLn_xFv.js                                          39.62 kB │ gzip:  10.18 kB
dist/assets/PublishLanding-CUZoeYpK.js                                   41.45 kB │ gzip:  11.35 kB
dist/assets/layout-C5tlDySy.js                                           41.78 kB │ gzip:  11.63 kB
dist/assets/stats-CwwUnHaQ.js                                            42.67 kB │ gzip:  11.66 kB
dist/assets/FaceAsmr-CLZAzWYA.js                                         50.75 kB │ gzip:  15.53 kB
dist/assets/video-generator-DT6BYIDU.js                                  55.22 kB │ gzip:  15.97 kB
dist/assets/TwoAm-C8rZ-If1.js                                            62.88 kB │ gzip:  19.28 kB
dist/assets/FootballerNationalitySwap-DoVRXxDo.js                        67.44 kB │ gzip:  20.31 kB
dist/assets/index-CyB1HtTy.js                                            67.80 kB │ gzip:  23.00 kB
dist/assets/LongFormSelect-mQ-dmBAf.js                                   69.04 kB │ gzip:  24.56 kB
dist/assets/ScriptBuilder-DMQ5_a1l.js                                    71.38 kB │ gzip:  18.90 kB
dist/assets/Image-NouA6oFK.js                                            81.16 kB │ gzip:  22.86 kB
dist/assets/MicroCameraAnimal-B30T5Hpa.js                                81.36 kB │ gzip:  19.11 kB
dist/assets/publish-BrnY6Squ.js                                          84.41 kB │ gzip:  21.15 kB
dist/assets/ClayRescue-MyyT24iC.js                                       98.98 kB │ gzip:  30.42 kB
dist/assets/ArticleCard-Bs9pnGND.js                                     123.68 kB │ gzip:  23.76 kB
dist/assets/BehindTheScenes-BJHNuZBj.js                                 139.61 kB │ gzip:  37.17 kB
dist/assets/ThirtyDays-uDf4X8ZY.js                                      166.59 kB │ gzip:  46.43 kB
dist/assets/TwoAmBlogGuide-RM3huIhP.js                                  193.35 kB │ gzip:  53.29 kB
dist/assets/AICookingMatic-yrxLEMum.js                                  207.93 kB │ gzip:  60.74 kB
dist/assets/index-Chty4n-R.js                                         1,058.25 kB │ gzip: 311.59 kB

(!) Some chunks are larger than 500 kB after minification. Consider:
- Using dynamic import() to code-split the application
- Use build.rollupOptions.output.manualChunks to improve chunking: https://rollupjs.org/configuration-options/#output-manualchunks
- Adjust chunk size limit for this warning via build.chunkSizeWarningLimit.
✓ built in 11.93s
