vite v7.2.4 building ssr environment for production...
transforming...
[baseline-browser-mapping] The data in this module is over two months old.  To ensure accurate Baseline data, please update: `npm i baseline-browser-mapping@latest -D`
Browserslist: browsers data (caniuse-lite) is 10 months old. Please run:
  npx update-browserslist-db@latest
  Why you should do it regularly: https://github.com/browserslist/update-db#readme
"NavLink" is imported from external module "react-router-dom" but never used in "src/components/Figma/FAQ.jsx".
"UploadCloud" and "Wand" are imported from external module "lucide-react" but never used in "src/pages/settings/WorkspaceSettings.jsx" and "src/components/ImageGenerator/Generate.jsx".
"ArrowTopRightOnSquareIcon" is imported from external module "@heroicons/react/24/solid" but never used in "src/components/ImageGenerator/Generate.jsx".
"createRoot" is imported from external module "react-dom/client" but never used in "src/components/ui/Toast.jsx".
✓ 696 modules transformed.
rendering chunks...
[plugin vite:reporter] 
(!) C:/Users/Public/Zylo/src/lib/supabaseClient.ts is dynamically imported by C:/Users/Public/Zylo/src/lib/downloadMedia.ts but also statically imported by C:/Users/Public/Zylo/src/App.jsx, C:/Users/Public/Zylo/src/app/blog/BlogIndex.jsx, C:/Users/Public/Zylo/src/components/AuthModal.jsx, C:/Users/Public/Zylo/src/components/EmailConsentModal.jsx, C:/Users/Public/Zylo/src/components/GenerationsDock.jsx, C:/Users/Public/Zylo/src/components/ImageGenerator/Generate.jsx, C:/Users/Public/Zylo/src/components/ScriptBuilder/ScriptFeedback.jsx, C:/Users/Public/Zylo/src/components/ScriptBuilder/ScriptStylePicker.jsx, C:/Users/Public/Zylo/src/components/VideoGenerator/Generate.jsx, C:/Users/Public/Zylo/src/components/WelcomeScreen.jsx, C:/Users/Public/Zylo/src/components/billing/CancelFeedbackModal.jsx, C:/Users/Public/Zylo/src/components/creations/library.jsx, C:/Users/Public/Zylo/src/components/publish/ConnectAccountsModal.jsx, C:/Users/Public/Zylo/src/components/publish/PostModal.jsx, C:/Users/Public/Zylo/src/components/reference-images/ReferenceImageModal.jsx, C:/Users/Public/Zylo/src/components/seo/SeoGeneratorHero.jsx, C:/Users/Public/Zylo/src/components/stats/InstagramStats.jsx, C:/Users/Public/Zylo/src/components/viral-tools/ai-cooking-matic/WorkflowSteps.jsx, C:/Users/Public/Zylo/src/components/viral-tools/ai-cooking-matic/api/cookingMaticApi.js, C:/Users/Public/Zylo/src/components/viral-tools/ai-fruit-story/AIFruitStoryResults.jsx, C:/Users/Public/Zylo/src/components/viral-tools/ai-fruit-story/FruitStoryPaywall.jsx, C:/Users/Public/Zylo/src/components/viral-tools/ai-fruit-story/api/fruitStoryApi.js, C:/Users/Public/Zylo/src/components/viral-tools/behind-the-scenes/api/behindTheScenesApi.js, C:/Users/Public/Zylo/src/components/viral-tools/cartoon-drive-by/api/cartoonDriveByApi.js, C:/Users/Public/Zylo/src/components/viral-tools/clay-rescue/api/clayRescueApi.js, C:/Users/Public/Zylo/src/components/viral-tools/clay-rescue/videoEditor/useClayRescueEditor.js, C:/Users/Public/Zylo/src/components/viral-tools/face-asmr/FaceAsmrPaywall.jsx, C:/Users/Public/Zylo/src/components/viral-tools/face-asmr/api/faceAsmrApi.js, C:/Users/Public/Zylo/src/components/viral-tools/footballer-nationality-swap/api/footballerNationalitySwapApi.js, C:/Users/Public/Zylo/src/components/viral-tools/footballer-nationality-swap/videoEditor/useFootballerStitchEditor.js, C:/Users/Public/Zylo/src/components/viral-tools/micro-camera-animal/api/microCameraAnimalApi.js, C:/Users/Public/Zylo/src/components/viral-tools/thirty-days/api/thirtyDaysApi.js, C:/Users/Public/Zylo/src/components/viral-tools/thirty-days/api/thirtyDaysSeriesApi.js, C:/Users/Public/Zylo/src/components/viral-tools/two-am/TwoAmPaywall.jsx, C:/Users/Public/Zylo/src/components/viral-tools/two-am/api/twoAmApi.js, C:/Users/Public/Zylo/src/components/workspace/JumpBackIn.jsx, C:/Users/Public/Zylo/src/components/workspace/toprow.jsx, C:/Users/Public/Zylo/src/context/AuthContext.jsx, C:/Users/Public/Zylo/src/hooks/useCredits.ts, C:/Users/Public/Zylo/src/hooks/useProfileCredits.js, C:/Users/Public/Zylo/src/lib/auth.js, C:/Users/Public/Zylo/src/lib/creations.js, C:/Users/Public/Zylo/src/lib/generateScript.js, C:/Users/Public/Zylo/src/lib/jobs.ts, C:/Users/Public/Zylo/src/lib/payments.ts, C:/Users/Public/Zylo/src/lib/referenceImages.ts, C:/Users/Public/Zylo/src/lib/storage.ts, C:/Users/Public/Zylo/src/pages/AuthCallback.jsx, C:/Users/Public/Zylo/src/pages/Pricing.jsx, C:/Users/Public/Zylo/src/pages/admin/FeedbackAnalytics.jsx, C:/Users/Public/Zylo/src/pages/auth/AuthCallback.jsx, C:/Users/Public/Zylo/src/pages/help/Feedback.jsx, C:/Users/Public/Zylo/src/pages/help/HelpCenter.tsx, C:/Users/Public/Zylo/src/pages/settings/Billing.jsx, C:/Users/Public/Zylo/src/pages/settings/WorkspaceSettings.jsx, C:/Users/Public/Zylo/src/pages/support/SupportContact.jsx, C:/Users/Public/Zylo/src/pages/tools/Forgot.jsx, C:/Users/Public/Zylo/src/pages/tools/Reset.jsx, C:/Users/Public/Zylo/src/pages/viral/Image.jsx, C:/Users/Public/Zylo/src/pages/viral/LipSync.jsx, C:/Users/Public/Zylo/src/pages/viral/ScriptBuilder.jsx, C:/Users/Public/Zylo/src/pages/viral/ViralScore.jsx, C:/Users/Public/Zylo/src/pages/viral/video-generator.jsx, C:/Users/Public/Zylo/src/pages/workspace/AICookingMatic.jsx, C:/Users/Public/Zylo/src/pages/workspace/AIFruitStory.jsx, C:/Users/Public/Zylo/src/pages/workspace/BehindTheScenes.jsx, C:/Users/Public/Zylo/src/pages/workspace/CartoonDriveBy.jsx, C:/Users/Public/Zylo/src/pages/workspace/ClayRescue.jsx, C:/Users/Public/Zylo/src/pages/workspace/FaceAsmr.jsx, C:/Users/Public/Zylo/src/pages/workspace/FootballerNationalitySwap.jsx, C:/Users/Public/Zylo/src/pages/workspace/MicroCameraAnimal.jsx, C:/Users/Public/Zylo/src/pages/workspace/ThirtyDays.jsx, C:/Users/Public/Zylo/src/pages/workspace/TwoAm.jsx, C:/Users/Public/Zylo/src/pages/workspace/connections.jsx, C:/Users/Public/Zylo/src/pages/workspace/earn/shared.jsx, C:/Users/Public/Zylo/src/pages/workspace/earn/useReferralLink.js, C:/Users/Public/Zylo/src/pages/workspace/layout.jsx, C:/Users/Public/Zylo/src/pages/workspace/long-form/discoverySession.js, C:/Users/Public/Zylo/src/pages/workspace/long-form/ideaEngine.js, C:/Users/Public/Zylo/src/pages/workspace/long-form/look.jsx, C:/Users/Public/Zylo/src/pages/workspace/long-form/previewJobs.js, C:/Users/Public/Zylo/src/pages/workspace/long-form/project.js, C:/Users/Public/Zylo/src/pages/workspace/long-form/research.js, C:/Users/Public/Zylo/src/pages/workspace/long-form/script.js, C:/Users/Public/Zylo/src/pages/workspace/long-form/visualPlan.js, C:/Users/Public/Zylo/src/pages/workspace/long-form/visualWorld.js, C:/Users/Public/Zylo/src/pages/workspace/long-form/visualWorld.jsx, C:/Users/Public/Zylo/src/pages/workspace/publish.jsx, C:/Users/Public/Zylo/src/pages/workspace/stats.jsx, dynamic import will not move module into another chunk.

dist-ssr/assets/3-Yd5LbWvF.js                                              0.05 kB
dist-ssr/assets/4-DpIjKdLn.js                                              0.05 kB
dist-ssr/assets/9-CY3bc18j.js                                              0.05 kB
dist-ssr/assets/1-DyzVt6Al.js                                              0.05 kB
dist-ssr/assets/7-Bb6rJGru.js                                              0.05 kB
dist-ssr/assets/8-BS3P9y8C.js                                              0.05 kB
dist-ssr/assets/15-_ghTwJ1q.js                                             0.05 kB
dist-ssr/assets/16-BLZsemaC.js                                             0.05 kB
dist-ssr/assets/14-jJ2-gUNn.js                                             0.05 kB
dist-ssr/assets/13-Aq6ubnea.js                                             0.05 kB
dist-ssr/assets/11-DcA89sO-.js                                             0.05 kB
dist-ssr/assets/18-BZ0ysu2B.js                                             0.05 kB
dist-ssr/assets/20-B8iRZHp0.js                                             0.05 kB
dist-ssr/assets/19-Bzzou0MP.js                                             0.05 kB
dist-ssr/assets/21-DvLSroM_.js                                             0.05 kB
dist-ssr/assets/17-BAdX30EM.js                                             0.05 kB
dist-ssr/assets/22-B-gWiBPV.js                                             0.05 kB
dist-ssr/assets/23-BSegC16c.js                                             0.05 kB
dist-ssr/assets/nyc-BCIodCOF.js                                            0.05 kB
dist-ssr/assets/best-Cu4T0Hfv.js                                           0.05 kB
dist-ssr/assets/good-KX9QVIym.js                                           0.05 kB
dist-ssr/assets/wrong-CFESmiYF.js                                          0.05 kB
dist-ssr/assets/dubai-CKiTkUmD.js                                          0.05 kB
dist-ssr/assets/good.2-DDSho9L5.js                                         0.05 kB
dist-ssr/assets/human2-DHnRp1bt.js                                         0.05 kB
dist-ssr/assets/human3-CrjPfRht.js                                         0.05 kB
dist-ssr/assets/human4-Cs_DOLZq.js                                         0.05 kB
dist-ssr/assets/human1-rVh5T0v9.js                                         0.05 kB
dist-ssr/assets/realcase-C26Y1OmF.js                                       0.06 kB
dist-ssr/assets/example1-Brlwdc2L.js                                       0.06 kB
dist-ssr/assets/example4-yd73h3Pw.js                                       0.06 kB
dist-ssr/assets/example5-DRIFt7ku.js                                       0.06 kB
dist-ssr/assets/bgexample-Ds7EYmAw.js                                      0.06 kB
dist-ssr/assets/beforeafter-BGOUfreE.js                                    0.06 kB
dist-ssr/assets/beforeafter2-DDoLIoqG.js                                   0.06 kB
dist-ssr/assets/beforeafter3-BOTcYNPb.js                                   0.06 kB
dist-ssr/assets/video9.16-fast-QnAB6tMH.js                                 0.06 kB
dist-ssr/assets/videoo9.16-fast-CtJczX5d.js                                0.06 kB
dist-ssr/assets/calendar-28-days-square-DzljefBY.js                        0.07 kB
dist-ssr/assets/manual-vs-automated-wide-BiRLUm0G.js                       0.07 kB
dist-ssr/assets/publish-landing-hero-wide-D9psndR5.js                      0.07 kB
dist-ssr/assets/analytics-landing-hero-wide-DjCAIqBf.js                    0.08 kB
dist-ssr/assets/5-DW7z6H8O.js                                              0.08 kB
dist-ssr/assets/12-DhCVlrUm.js                                             0.08 kB
dist-ssr/assets/publish-while-sleeping-vertical-b3HlDKl8.js                0.08 kB
dist-ssr/assets/25-giYrQrTT.js                                             0.08 kB
dist-ssr/assets/multi-platform-distribution-wide-DtCLr0IQ.js               0.08 kB
dist-ssr/assets/one-video-three-platforms-vertical-ryPhNlVX.js             0.08 kB
dist-ssr/assets/before2-CLCqh1qj.js                                        0.10 kB
dist-ssr/assets/example3-BJ_Wbffc.js                                       0.10 kB
dist-ssr/assets/upload-once-square-8JEA4FhI.js                             0.12 kB
dist-ssr/assets/Cancel-BbGj2Di1.js                                         0.66 kB
dist-ssr/assets/Success-CDeCzLur.js                                        0.88 kB
dist-ssr/assets/Toast-DbaDg86X.js                                          0.89 kB
dist-ssr/assets/WelcomeToZyloHelp-Dr8t_Ujr.js                              0.94 kB
dist-ssr/assets/RelatedArticles-BVTW_2I5.js                                1.00 kB
dist-ssr/assets/AuthCallback-C_Akosws.js                                   1.06 kB
dist-ssr/assets/SupportPolicies-667i5IaD.js                                1.27 kB
dist-ssr/assets/FeedbackAnalytics-DzJAyCj7.js                              1.35 kB
dist-ssr/assets/GenerateButton-C-RG2j6T.js                                 1.40 kB
dist-ssr/assets/research-BJSANq7V.js                                       1.64 kB
dist-ssr/assets/BillingAndCredits-rUDQGqOW.js                              1.64 kB
dist-ssr/assets/SupportLayout-BPf7srRD.js                                  1.69 kB
dist-ssr/assets/LongFormSelect-m_gwoZky.js                                 2.05 kB
dist-ssr/assets/BlogCategoryPage-C3dRw0xh.js                               2.13 kB
dist-ssr/assets/bg-BNJ4rd7x.js                                             2.37 kB
dist-ssr/assets/Forgot-jyhj9ktP.js                                         2.51 kB
dist-ssr/assets/SupportHome-ChdEre1C.js                                    2.64 kB
dist-ssr/assets/Feedback-D-CB5EOn.js                                       2.97 kB
dist-ssr/assets/Login-FlpslBMs.js                                          3.29 kB
dist-ssr/assets/index-DHQ1p5C7.js                                          3.29 kB
dist-ssr/assets/GuestGenerateModal-CcvOBqjW.js                             3.31 kB
dist-ssr/assets/SupportArticle-lT5vXQhw.js                                 3.41 kB
dist-ssr/assets/Reset-BvFL-k1J.js                                          3.48 kB
dist-ssr/assets/ProductPhotosShopify-B13Hhpy0.js                           3.48 kB
dist-ssr/assets/ViralShowcase-D_zefocW.js                                  3.63 kB
dist-ssr/assets/Signup-CE8Rijkg.js                                         3.88 kB
dist-ssr/assets/LatestModels-MwOldeZp.js                                   3.99 kB
dist-ssr/assets/SupportContact-Ccb3nCD8.js                                 4.35 kB
dist-ssr/assets/image-gen-test-DXOS1zNT.js                                 4.35 kB
dist-ssr/assets/project-zHQQwAMa.js                                        4.38 kB
dist-ssr/assets/behind-the-scenes-beginners-guide-C09zdrX5.js              4.60 kB
dist-ssr/assets/ProductPhotographyMistakesEcommerce-rgEGsSWZ.js            4.73 kB
dist-ssr/assets/30-days-series-cliffhangers-Dmg5Hx7j.js                    4.86 kB
dist-ssr/assets/SupportPolicyArticle-CJpdnlfQ.js                           4.95 kB
dist-ssr/assets/behind-the-scenes-tier-list-D11C0tji.js                    4.97 kB
dist-ssr/assets/30-days-quality-tiers-C4sEIAEs.js                          5.04 kB
dist-ssr/assets/behind-the-scenes-time-BjduXSgn.js                         5.10 kB
dist-ssr/assets/30-days-time-D6_-ZtFc.js                                   5.12 kB
dist-ssr/assets/30-days-scene-continuity-DO8oyCzR.js                       5.13 kB
dist-ssr/assets/ITestViralAIPrompts-D9H6bDRA.js                            5.14 kB
dist-ssr/assets/ScrollStoppingImagesNoDesign-TW9YTkf-.js                   5.14 kB
dist-ssr/assets/ai-visual-styles-most-engagement-D3ilK14u.js               5.18 kB
dist-ssr/assets/30-days-series-world-bible-explained-BnQWjq-9.js           5.19 kB
dist-ssr/assets/30-days-series-dashboard-tour-BOj0gFR9.js                  5.23 kB
dist-ssr/assets/30-days-series-days-per-episode-u93AyZJ3.js                5.24 kB
dist-ssr/assets/IsAIImageGenerationWorthItForCreators-DRQ8MrhL.js          5.26 kB
dist-ssr/assets/WhatsHot-wxmhUFfq.js                                       5.30 kB
dist-ssr/assets/what-is-30-days-series-mode-BUQGKWlD.js                    5.32 kB
dist-ssr/assets/ShopifyProductPhotoBestPractices-CnMUU67A.js               5.35 kB
dist-ssr/assets/how-often-should-you-post-BgOsW6Y2.js                      5.36 kB
dist-ssr/assets/footballer-nationality-swap-tips-D1ZJqz8U.js               5.36 kB
dist-ssr/assets/minecraft-style-ai-images-Cm8QydCa.js                      5.37 kB
dist-ssr/assets/clay-rescue-series-Bd82dNAF.js                             5.40 kB
dist-ssr/assets/micro-camera-animal-series-yWSQuY4P.js                     5.43 kB
dist-ssr/assets/clay-rescue-vs-micro-camera-animal-DjFoAjvn.js             5.46 kB
dist-ssr/assets/30-days-character-consistency-gDp3byqb.js                  5.48 kB
dist-ssr/assets/cartoon-drive-by-series-DJAKe0rY.js                        5.49 kB
dist-ssr/assets/30-days-universe-ideas-Czjegwae.js                         5.51 kB
dist-ssr/assets/hidden-ai-image-styles-CyHlKxDy.js                         5.53 kB
dist-ssr/assets/CreatorsBlowingUpWithAI-CpnKZdKW.js                        5.54 kB
dist-ssr/assets/30-days-voiceover-sync-bAEWoXo1.js                         5.55 kB
dist-ssr/assets/30-days-video-series-B_aw89jK.js                           5.59 kB
dist-ssr/assets/footballer-nationality-swap-series-CWVJREtd.js             5.59 kB
dist-ssr/assets/30-days-camera-mode-BRdHFKeV.js                            5.61 kB
dist-ssr/assets/instagram-reels-algorithm-explained-DRYbnVDu.js            5.61 kB
dist-ssr/assets/faceless-youtube-channel-ideas-Ssg2jxUu.js                 5.62 kB
dist-ssr/assets/disney-vs-ghibli-ai-images-BzjyWJP9.js                     5.62 kB
dist-ssr/assets/behind-the-scenes-is-it-real-CzIW2qwj.js                   5.64 kB
dist-ssr/assets/cross-promote-zyvo-formats-BkuRrSsG.js                     5.64 kB
dist-ssr/assets/TopAIImageStylesThatGoViralOnSocialMedia-Y5w1NFMW.js       5.65 kB
dist-ssr/assets/noir-vs-cyberpunk-ai-images-9haX4x37.js                    5.66 kB
dist-ssr/assets/is-30-days-worth-it-DfXnWmcd.js                            5.69 kB
dist-ssr/assets/how-to-create-luxury-ai-images-D9Jer1W4.js                 5.72 kB
dist-ssr/assets/ai-dark-moody-cinematic-images-uQG4g1jr.js                 5.72 kB
dist-ssr/assets/repurpose-one-video-ten-pieces-CD5HbOJF.js                 5.73 kB
dist-ssr/assets/multi-format-weekly-calendar-wE42obv7.js                   5.82 kB
dist-ssr/assets/behind-the-scenes-vs-clay-rescue-B8Wp-JMk.js               5.85 kB
dist-ssr/assets/why3daiimagesperform-C0J2VrJk.js                           5.85 kB
dist-ssr/assets/Forshopifystores-D5gdtLFu.js                               5.86 kB
dist-ssr/assets/HowAIImageGeneratorsWork--odTk-2R.js                       5.86 kB
dist-ssr/assets/whichaiimagestyleworksbest-B1p4JZkf.js                     5.90 kB
dist-ssr/assets/HowtoCreateMinimalistImagesUsingAI-B8DcQApz.js             5.91 kB
dist-ssr/assets/ai-product-photography-high-end-DwmYP4T9.js                5.92 kB
dist-ssr/assets/ViralAiImagesTikTok-YDrC54cX.js                            5.96 kB
dist-ssr/assets/what-is-30-days-ai-trend-CksjcdDx.js                       5.96 kB
dist-ssr/assets/HowtoCreateMovieStyleVisuals-CVF9kO6I.js                   6.01 kB
dist-ssr/assets/how-to-spot-viral-ai-trend-CGYjzHXF.js                     6.01 kB
dist-ssr/assets/HowtoGenerateAestheticImagesWithAI-0z00pge4.js             6.01 kB
dist-ssr/assets/30-days-series-vs-single-video-CEO1YDxw.js                 6.03 kB
dist-ssr/assets/skeleton-xray-ai-trend-XqQxphFV.js                         6.06 kB
dist-ssr/assets/content-slump-recovery-wRnTBKHT.js                         6.07 kB
dist-ssr/assets/imperfect-ai-videos-winning-CxruvJX9.js                    6.10 kB
dist-ssr/assets/ai-image-generator-examples-CkE5Q8lR.js                    6.12 kB
dist-ssr/assets/popularstyles-DqAg-i2h.js                                  6.14 kB
dist-ssr/assets/behind-the-scenes-camera-vantage-DsPYMihM.js               6.18 kB
dist-ssr/assets/behind-the-scenes-series-sxFeLmAs.js                       6.19 kB
dist-ssr/assets/30-days-premise-formula-BgDrLPa5.js                        6.22 kB
dist-ssr/assets/JumpBackIn-BdVNrSYx.js                                     6.27 kB
dist-ssr/assets/30-days-halloween-special-d4JFWyXQ.js                      6.29 kB
dist-ssr/assets/AIImageStylesEveryoneObsessedWith-BU6bsA3g.js              6.32 kB
dist-ssr/assets/face-asmr-privacy-5j9liVVp.js                              6.38 kB
dist-ssr/assets/whats-hot-right-now-ai-trends-D06WBQfq.js                  6.44 kB
dist-ssr/assets/ConnectionsLanding-pw-4hpT9.js                             6.45 kB
dist-ssr/assets/footballer-nationality-swap-mistakes-BIKH9eFr.js           6.48 kB
dist-ssr/assets/ai-fruit-story-finale-ideas-DkZLw7tp.js                    6.50 kB
dist-ssr/assets/StatsLanding-CbN2xlYh.js                                   6.51 kB
dist-ssr/assets/behind-the-scenes-halloween-DTQqy_OA.js                    6.51 kB
dist-ssr/assets/micro-camera-animal-video-ideas-CC-Rts0I.js                6.51 kB
dist-ssr/assets/fruit-story-vs-footballer-nationality-swap-DY7nXuNB.js     6.52 kB
dist-ssr/assets/tiktok-algorithm-explained-D-yYvlHY.js                     6.52 kB
dist-ssr/assets/ai-fruit-story-halloween-iXBJc4wl.js                       6.53 kB
dist-ssr/assets/footer-D5sSCZnU.js                                         6.57 kB
dist-ssr/assets/footballer-nationality-swap-time-PHFpiiE9.js               6.58 kB
dist-ssr/assets/zyvo-content-workflow-DysLl8oq.js                          6.60 kB
dist-ssr/assets/every-zyvo-video-format-compared-Clfy0ifY.js               6.60 kB
dist-ssr/assets/ai-fruit-story-group-chat-DqsANwSb.js                      6.63 kB
dist-ssr/assets/face-asmr-mistakes-CD9FV181.js                             6.63 kB
dist-ssr/assets/behind-the-scenes-vs-micro-camera-animal-BIGQ5pI4.js       6.64 kB
dist-ssr/assets/ai-fruit-story-character-names-B29Zw7WX.js                 6.65 kB
dist-ssr/assets/behind-the-scenes-how-its-made-Bf4N5GHs.js                 6.69 kB
dist-ssr/assets/AIImageGeneratorForContentCreators-0SbvkI4x.js             6.69 kB
dist-ssr/assets/what-is-zyvo-publish-D6djrZbA.js                           6.77 kB
dist-ssr/assets/TheSecretPromptsBehindViralAIImages-B2YtS8hO.js            6.77 kB
dist-ssr/assets/TopAIImageGeneratorFeaturesThatMatter-BV-dpL3T.js          6.78 kB
dist-ssr/assets/HowToLaunchProductsFasyerWithAi-B0j7D49d.js                6.79 kB
dist-ssr/assets/ConvertingProductImagesForShopify-Cz4DO4Qb.js              6.79 kB
dist-ssr/assets/what-is-zyvo-connections-Cwm3BLBT.js                       6.80 kB
dist-ssr/assets/HowVisualBrandingImpactsOnlineSales-DuuLdIgs.js            6.83 kB
dist-ssr/assets/BestAiToolsEcommerce-6k61DsZg.js                           6.85 kB
dist-ssr/assets/AIBackgroundRemovalForProductPhotos-Bcv1EfZY.js            6.85 kB
dist-ssr/assets/how-to-make-money-ai-content-Cfdc5dRP.js                   6.87 kB
dist-ssr/assets/what-is-face-asmr-BggCO9TE.js                              6.89 kB
dist-ssr/assets/30-days-mistakes--dQgcJqw.js                               6.90 kB
dist-ssr/assets/ScaleEcommerceContent-VBAuNliT.js                          6.91 kB
dist-ssr/assets/vertical-video-formats-guide-q-I53Iie.js                   6.92 kB
dist-ssr/assets/cartoon-drive-by-mistakes-DOUz9XOf.js                      6.95 kB
dist-ssr/assets/ai-fruit-story-vs-2am-worlds-CH9TkH03.js                   6.95 kB
dist-ssr/assets/30-days-vs-ai-fruit-story-yIaIunR6.js                      6.96 kB
dist-ssr/assets/LatestTrends-DBk7VRfM.js                                   6.97 kB
dist-ssr/assets/behind-the-scenes-extended-modules-fp6-cnUu.js             6.99 kB
dist-ssr/assets/ai-fruit-story-drama-tier-list-Bhxj_qDR.js                 7.01 kB
dist-ssr/assets/ai-fruit-story-examples-BkpP0Fz1.js                        7.06 kB
dist-ssr/assets/what-is-zyvo-stats-CZlO8y42.js                             7.07 kB
dist-ssr/assets/ProductImagesThatConvertGuide-3VTHQZqS.js                  7.08 kB
dist-ssr/assets/how-to-get-started-with-zyvo-DaiP_Spj.js                   7.08 kB
dist-ssr/assets/creations-dk5Be1Hx.js                                      7.09 kB
dist-ssr/assets/Ai-Tools-Every-Shopify-Store-Owner-Know-DEXULxpC.js        7.11 kB
dist-ssr/assets/behind-the-scenes-mistakes-8hJcu9H_.js                     7.16 kB
dist-ssr/assets/WhyAIImagesOutperformRealPhotos-SaeWeVMM.js                7.16 kB
dist-ssr/assets/best-ai-video-generators-tiktok-DAOZm2Cb.js                7.18 kB
dist-ssr/assets/clay-rescue-video-ideas-zGgiYj8c.js                        7.21 kB
dist-ssr/assets/is-zyvo-free-B4LGgh-f.js                                   7.22 kB
dist-ssr/assets/is-ai-content-worth-it-4zeyfy8v.js                         7.22 kB
dist-ssr/assets/ai-fruit-story-duets-stitches-ifDNDPpE.js                  7.24 kB
dist-ssr/assets/behind-the-scenes-video-ideas-Ct4CWLWY.js                  7.28 kB
dist-ssr/assets/ai-fruit-story-time-CU5qnsGc.js                            7.28 kB
dist-ssr/assets/micro-camera-animal-mistakes-BX_JYAqq.js                   7.29 kB
dist-ssr/assets/AIProductPhotoForSmallBusiness-CVWR0STX.js                 7.30 kB
dist-ssr/assets/cartoon-drive-by-explained-7SDEgdRo.js                     7.38 kB
dist-ssr/assets/behind-the-scenes-disaster-types-BvRe1tkN.js               7.40 kB
dist-ssr/assets/ai-fruit-story-cliffhangers-Bjsu9D78.js                    7.40 kB
dist-ssr/assets/AIImageGeneratorBeginnersGuide2026-Bz34hT9Q.js             7.42 kB
dist-ssr/assets/zyvo-template-comparison-DYIulpBj.js                       7.43 kB
dist-ssr/assets/TurnAnyIdeaIntoViralImage-BRLYSQ1N.js                      7.44 kB
dist-ssr/assets/best-free-ai-tools-creators-CxrFvZuR.js                    7.45 kB
dist-ssr/assets/footballer-nationality-swap-ideas-CiqNMlIo.js              7.49 kB
dist-ssr/assets/ai-image-generator-mistakes-BsvgZjci.js                    7.51 kB
dist-ssr/assets/ReferenceImageModal-BA8GohaS.js                            7.54 kB
dist-ssr/assets/HowVisualQualityImpactsSeo-B7OllRPA.js                     7.56 kB
dist-ssr/assets/which-zyvo-template-xJHEl9NP.js                            7.58 kB
dist-ssr/assets/ai-content-hooks-captions-that-go-viral-DVESU5rW.js        7.58 kB
dist-ssr/assets/WhyYourPostsDontGoViral-Bwfovpiw.js                        7.58 kB
dist-ssr/assets/HowBetterImagesReduceBounceRate-37Xqm5uV.js                7.59 kB
dist-ssr/assets/ai-fruit-story-pricing-f92SMJdz.js                         7.59 kB
dist-ssr/assets/footballer-nationality-swap-explained-CREsHTlL.js          7.60 kB
dist-ssr/assets/ImageGeneratorLanding-BaqDhSI-.js                          7.61 kB
dist-ssr/assets/StudioQualityProductPhotos-DfzW72cl.js                     7.61 kB
dist-ssr/assets/GenerateHighQualityImagesWithAI-DpcMyJXf.js                7.63 kB
dist-ssr/assets/ai-fruit-story-series-universe-tDja6sfb.js                 7.65 kB
dist-ssr/assets/AIImageGeneratorVsTraditionalDesign-BTu76yD6.js            7.69 kB
dist-ssr/assets/BestAIImageGeneratorForSocialMedia-DFaYgc82.js             7.73 kB
dist-ssr/assets/behind-the-scenes-trend-explained-CEoFcU6J.js              7.75 kB
dist-ssr/assets/ai-fruit-story-best-lines-D2_d80E1.js                      7.75 kB
dist-ssr/assets/ai-fruit-story-couples-UxsRlZNO.js                         7.77 kB
dist-ssr/assets/AiProductPhotosForDropshipping--eZEJmOZ.js                 7.80 kB
dist-ssr/assets/best-time-to-post-ai-content-ecF6_d1Y.js                   7.84 kB
dist-ssr/assets/clay-rescue-mistakes-BBySgW5Y.js                           7.86 kB
dist-ssr/assets/HowImproveEcommerceVisualTrust-CmUze5d-.js                 7.88 kB
dist-ssr/assets/GenerateImagesForAdsUsingAI-KLaaIByE.js                    7.92 kB
dist-ssr/assets/ai-fruit-story-vs-traditional-animation-CwmKJrOF.js        7.94 kB
dist-ssr/assets/ai-image-generator-prompt-formula-CBT9WKI4.js              7.97 kB
dist-ssr/assets/zyvo-vs-other-ai-tools-gpk7HAJe.js                         8.03 kB
dist-ssr/assets/ai-fruit-story-craziest-generation-D_tzI5Zu.js             8.03 kB
dist-ssr/assets/CreateProfessionalImagesWithAI-CpxMJxKO.js                 8.04 kB
dist-ssr/assets/BlogIndex-FluzIvbQ.js                                      8.06 kB
dist-ssr/assets/what-is-micro-camera-animal-C3xYDfBq.js                    8.07 kB
dist-ssr/assets/cartoon-drive-by-vs-2am-worlds-C_FrDfOv.js                 8.07 kB
dist-ssr/assets/ai-fruit-story-mistakes-xnIKdt9p.js                        8.18 kB
dist-ssr/assets/ai-fruit-story-fan-theories-BSqS2N53.js                    8.33 kB
dist-ssr/assets/EcommerceVisualConsistencyExplained-Bl8Wursy.js            8.34 kB
dist-ssr/assets/cartoon-drive-by-video-ideas-D49dURoi.js                   8.39 kB
dist-ssr/assets/AIroductIncreaseRates-Dnpxa189.js                          8.43 kB
dist-ssr/assets/FaceAsmrPaywall-CNAebp_J.js                                8.55 kB
dist-ssr/assets/ai-vs-traditional-product-photography-Bb6YVZGA.js          8.57 kB
dist-ssr/assets/CartoonDriveByLanding-1kezm5la.js                          8.58 kB
dist-ssr/assets/what-is-clay-rescue-RUlZlPK8.js                            8.66 kB
dist-ssr/assets/HowToWriteAViralScript-NVaBu9Be.js                         8.73 kB
dist-ssr/assets/ai-fruit-story-unhinged-plots-DcarBmWa.js                  8.84 kB
dist-ssr/assets/FootballerNationalitySwapLanding-C1bCW_kv.js               8.96 kB
dist-ssr/assets/WhyCleanProductPhotosBuildTrust-uN3noyo7.js                9.04 kB
dist-ssr/assets/what-is-ai-fruit-story-BeLBwgcy.js                         9.13 kB
dist-ssr/assets/what-is-zyvo-C1pANxZM.js                                   9.21 kB
dist-ssr/assets/WhyProductPhotosMatter-DFZHPimC.js                         9.21 kB
dist-ssr/assets/HowVisualBrandingSeparatesWinnersFromLosers-ClcuzBez.js    9.30 kB
dist-ssr/assets/one-click-publishing-playbook-B7b_FMC1.js                  9.33 kB
dist-ssr/assets/AIProductPhotosForFashionStores-BlaxBOg1.js                9.34 kB
dist-ssr/assets/AIProductPhotosForBeautyAndSkincare-y4F-aZN8.js            9.41 kB
dist-ssr/assets/clay-rescue-ai-video-maker-9j4mH3l8.js                     9.51 kB
dist-ssr/assets/ai-fruit-story-quiz-ByqaDGqJ.js                            9.70 kB
dist-ssr/assets/ai-fruit-story-instagram-youtube-shorts-B2y3hoEu.js        9.75 kB
dist-ssr/assets/AIImageTrendsYouNeedToJumpOn-CAXPXuVU.js                   9.84 kB
dist-ssr/assets/BestAiProductBgToUse-BUkCzDqm.js                           9.85 kB
dist-ssr/assets/HowAIHelpsEcommerceBrandsScaleFaster-DK1ekAzH.js           9.92 kB
dist-ssr/assets/ProductPhotographyTrendsForEcommerce-D3KmhD4-.js          10.02 kB
dist-ssr/assets/ai-fruit-story-talking-dialogue-tips-9Xqh4I99.js          10.10 kB
dist-ssr/assets/why-giant-hand-rescue-videos-go-viral-CzA_eyo7.js         10.11 kB
dist-ssr/assets/ai-fruit-story-plot-twists-BGVFhEQi.js                    10.17 kB
dist-ssr/assets/ai-fruit-story-prompt-formula-m-PPAmIX.js                 10.99 kB
dist-ssr/assets/HelpCenter-EDMdyg1r.js                                    11.05 kB
dist-ssr/assets/viral-ai-fruit-drama-videos-BYTQ-7NL.js                   11.15 kB
dist-ssr/assets/story-BVIxNxNe.js                                         11.45 kB
dist-ssr/assets/viral-face-asmr-videos-Bfo_7JMV.js                        11.78 kB
dist-ssr/assets/ViralScriptStyles-CfAjNaIg.js                             11.79 kB
dist-ssr/assets/schedule-auto-publish-ai-videos-GN1olFux.js               11.98 kB
dist-ssr/assets/VisualOptimizationForMobileEcommerce-DKnTHcjV.js          12.14 kB
dist-ssr/assets/ai-video-generator-tiktok-reels-BUGGXFP-.js               12.66 kB
dist-ssr/assets/face-asmr-maker-3iLziczs.js                               12.74 kB
dist-ssr/assets/analytics-growth-square-kUAE1cm5.js                       13.03 kB
dist-ssr/assets/SeoLandingPage-D3Ai2pwf.js                                13.12 kB
dist-ssr/assets/how-to-make-viral-ai-tiktok-videos-C5cm8ay0.js            13.14 kB
dist-ssr/assets/best-ai-tools-faceless-tiktok-videos-CZzXPSCB.js          13.20 kB
dist-ssr/assets/BehindTheScenesLanding-wptiQc6l.js                        13.46 kB
dist-ssr/assets/ClayRescueLanding-CtoZ-rsn.js                             13.53 kB
dist-ssr/assets/how-to-start-asmr-channel-with-ai-C2VCBs6m.js             13.54 kB
dist-ssr/assets/how-to-go-viral-tiktok-fruit-drama-DEQL-3RT.js            13.64 kB
dist-ssr/assets/best-face-asmr-video-ideas-2026-vBpEANc1.js               13.69 kB
dist-ssr/assets/free-ai-image-generator-DxIgScwG.js                       14.12 kB
dist-ssr/assets/ThirtyDaysSeriesLanding-m7D7ov4R.js                       14.17 kB
dist-ssr/assets/free-viral-ai-tool-F1KLm7XP.js                            14.22 kB
dist-ssr/assets/ThirtyDaysLanding-Bp1XJ6iq.js                             14.35 kB
dist-ssr/assets/ai-fruit-story-character-ideas-CzkEiHAL.js                14.74 kB
dist-ssr/assets/shared-DbI1R-N-.js                                        14.92 kB
dist-ssr/assets/asmr-video-ideas-tiktok-2026-KRYUXI_P.js                  14.93 kB
dist-ssr/assets/how-to-create-viral-ai-videos-Byv4IFZH.js                 14.93 kB
dist-ssr/assets/viral-animal-bodycam-videos-D5eJaWKM.js                   15.13 kB
dist-ssr/assets/TextToVoice-qGNRn6F7.js                                   15.31 kB
dist-ssr/assets/micro-camera-animal-maker-DD_hPrXc.js                     15.57 kB
dist-ssr/assets/research-CMHGPdGp.js                                      15.57 kB
dist-ssr/assets/HowToGoViralWithAI-DYj-h8I-.js                            15.76 kB
dist-ssr/assets/script-DWdPwrhL.js                                        16.23 kB
dist-ssr/assets/AIVideoNewViralCurrency-CEuc4b9J.js                       16.37 kB
dist-ssr/assets/connections-NjfpMNa3.js                                   16.43 kB
dist-ssr/assets/MicroCameraAnimalLanding-CqFEA-fS.js                      17.32 kB
dist-ssr/assets/FaceAsmrLanding-BUq6D_PM.js                               17.62 kB
dist-ssr/assets/best-ai-fruit-story-ideas-YITwB59x.js                     18.26 kB
dist-ssr/assets/home-D4vhl_Ah.js                                          19.33 kB
dist-ssr/assets/visualWorld-28raSxLr.js                                   20.08 kB
dist-ssr/assets/AIProductPhotoGenerator-Bp-i_Ezu.js                       20.16 kB
dist-ssr/assets/how-to-write-a-viral-script-EsdRVSO-.js                   20.25 kB
dist-ssr/assets/WorkspaceSettings-CrQIUkhi.js                             20.90 kB
dist-ssr/assets/ai-script-generator-viral-videos-VBSc2DwR.js              21.00 kB
dist-ssr/assets/AIFruitStoryLanding-BurGazcP.js                           21.33 kB
dist-ssr/assets/promptHandoff-CGeFKHyY.js                                 21.95 kB
dist-ssr/assets/new-CluR84Vf.js                                           22.43 kB
dist-ssr/assets/GenerationExperience-eQyuchz7.js                          23.28 kB
dist-ssr/assets/LipSync-Ds10iW4b.js                                       24.22 kB
dist-ssr/assets/ZyvoVsMidjourneyProductPhotos-BNHBTFX_.js                 26.00 kB
dist-ssr/assets/ai-content-creation-tools-instagram-viral-Ccr_fYzQ.js     28.33 kB
dist-ssr/assets/ViralScore-BrNj5Atm.js                                    29.61 kB
dist-ssr/assets/CreatorGrowthGuide-DLCvo2LD.js                            31.71 kB
dist-ssr/assets/look-D0VDhIuJ.js                                          34.25 kB
dist-ssr/assets/best-ai-image-generators-social-media-2026-CtzIk_H7.js    35.19 kB
dist-ssr/assets/CartoonDriveBy--yW7ahIX.js                                37.43 kB
dist-ssr/assets/Pricing-T738IXQU.js                                       38.78 kB
dist-ssr/assets/index-2YUoLkCZ.js                                         39.19 kB
dist-ssr/assets/layout-CoWw_yRA.js                                        39.54 kB
dist-ssr/assets/PublishLanding-Cw7Ou68x.js                                40.28 kB
dist-ssr/assets/stats-dxPyjJ_0.js                                         40.63 kB
dist-ssr/assets/FaceAsmr-DnJ7idn5.js                                      49.42 kB
dist-ssr/assets/video-generator-qq9rGuyQ.js                               53.44 kB
dist-ssr/assets/TwoAm-BZ8u5sno.js                                         60.43 kB
dist-ssr/assets/FootballerNationalitySwap-DKaM9kir.js                     65.53 kB
dist-ssr/assets/ScriptBuilder-DedR0v2s.js                                 68.90 kB
dist-ssr/assets/Image-e-S4GtDa.js                                         78.81 kB
dist-ssr/assets/MicroCameraAnimal-CdqWQps4.js                             80.33 kB
dist-ssr/assets/publish-DwzoF83d.js                                       81.23 kB
dist-ssr/assets/ClayRescue-DTzSVof6.js                                    97.30 kB
dist-ssr/assets/ArticleCard-BicIhEaL.js                                  123.67 kB
dist-ssr/assets/BehindTheScenes-vgLidWmO.js                              138.01 kB
dist-ssr/assets/ThirtyDays-Ctb4i9g5.js                                   162.31 kB
dist-ssr/assets/TwoAmBlogGuide-_p6sVVm1.js                               193.31 kB
dist-ssr/assets/AICookingMatic-D9qFJY5j.js                               201.32 kB
dist-ssr/entry-server.js                                                 471.67 kB
✓ built in 7.16s
