
> test1@0.0.0 dev
> vite --host 127.0.0.1


  [32m[1mVITE[22m v7.2.4[39m  [2mready in [0m[1m397[22m[2m[0m ms[22m

  [32m➜[39m  [1mLocal[22m:   [36mhttp://127.0.0.1:[1m5173[22m/[39m
[2m17.47.04[22m [36m[1m[vite][22m[39m [90m[2m(client)[22m[39m [32mhmr update [39m[2m/src/index.css, /src/components/workspace/MobileBottomNav.jsx[22m
[2m17.47.08[22m [36m[1m[vite][22m[39m [90m[2m(client)[22m[39m [32mhmr update [39m[2m/src/index.css, /src/components/workspace/MobileBottomNav.jsx[22m
[2m17.47.12[22m [36m[1m[vite][22m[39m [90m[2m(client)[22m[39m [32mhmr update [39m[2m/src/index.css, /src/components/workspace/MobileBottomNav.jsx[22m
[2m17.47.16[22m [36m[1m[vite][22m[39m [90m[2m(client)[22m[39m [32mhmr update [39m[2m/src/index.css, /src/components/workspace/MobileBottomNav.jsx[22m
[2m17.47.22[22m [36m[1m[vite][22m[39m [90m[2m(client)[22m[39m [32mhmr update [39m[2m/src/index.css, /src/components/workspace/MobileBottomNav.jsx[22m
[2m17.47.30[22m [36m[1m[vite][22m[39m [90m[2m(client)[22m[39m [32mhmr update [39m[2m/src/index.css, /src/components/workspace/MobileBottomNav.jsx[22m
[2m17.47.47[22m [36m[1m[vite][22m[39m [90m[2m(client)[22m[39m [32mhmr update [39m[2m/src/index.css, /src/components/workspace/MobileBottomNav.jsx[22m
[2m17.48.00[22m [36m[1m[vite][22m[39m [90m[2m(client)[22m[39m [32mhmr update [39m[2m/src/index.css, /src/components/workspace/toolshell.jsx[22m
[2m17.48.14[22m [36m[1m[vite][22m[39m [90m[2m(client)[22m[39m [32mhmr update [39m[2m/src/index.css, /src/components/workspace/toolshell.jsx[22m
[2m17.48.29[22m [36m[1m[vite][22m[39m [90m[2m(client)[22m[39m [32mhmr update [39m[2m/src/pages/workspace/home.jsx, /src/index.css[22m
[2m17.48.33[22m [36m[1m[vite][22m[39m [90m[2m(client)[22m[39m [32mhmr update [39m[2m/src/pages/workspace/home.jsx, /src/index.css[22m
[2m17.52.34[22m [36m[1m[vite][22m[39m [90m[2m(client)[22m[39m [32mhmr update [39m[2m/src/index.css, /src/components/workspace/CreateMenu.jsx[22m
[2m17.52.35[22m [36m[1m[vite][22m[39m [90m[2m(client)[22m[39m [33mhmr invalidate [39m[2m/src/components/workspace/CreateMenu.jsx[22m Could not Fast Refresh ("CREATE_TOOLS" export is incompatible). Learn more at https://github.com/vitejs/vite-plugin-react/tree/main/packages/plugin-react#consistent-components-exports
[2m17.52.35[22m [36m[1m[vite][22m[39m [90m[2m(client)[22m[39m [32mhmr update [39m[2m/src/components/workspace/toolshell.jsx, /src/components/workspace/MobileBottomNav.jsx[22m
[2m17.52.39[22m [36m[1m[vite][22m[39m [90m[2m(client)[22m[39m [32mhmr update [39m[2m/src/index.css, /src/components/workspace/toolshell.jsx[22m
[2m17.52.45[22m [36m[1m[vite][22m[39m [90m[2m(client)[22m[39m [32mhmr update [39m[2m/src/index.css, /src/components/workspace/toolshell.jsx[22m
[2m17.52.55[22m [36m[1m[vite][22m[39m [90m[2m(client)[22m[39m [32mhmr update [39m[2m/src/index.css, /src/components/workspace/toolshell.jsx[22m
[2m17.53.00[22m [36m[1m[vite][22m[39m [90m[2m(client)[22m[39m [32mhmr update [39m[2m/src/index.css, /src/components/workspace/toolshell.jsx[22m
[2m17.53.05[22m [36m[1m[vite][22m[39m [90m[2m(client)[22m[39m [32mhmr update [39m[2m/src/index.css, /src/components/workspace/toolshell.jsx[22m
[2m17.53.10[22m [36m[1m[vite][22m[39m [90m[2m(client)[22m[39m [32mhmr update [39m[2m/src/index.css, /src/components/workspace/toolshell.jsx[22m
[2m17.53.16[22m [36m[1m[vite][22m[39m [90m[2m(client)[22m[39m [32mhmr update [39m[2m/src/index.css, /src/components/workspace/toolshell.jsx[22m
[2m17.53.27[22m [36m[1m[vite][22m[39m [90m[2m(client)[22m[39m [32mhmr update [39m[2m/src/index.css, /src/components/workspace/MobileBottomNav.jsx[22m
[2m17.53.38[22m [36m[1m[vite][22m[39m [90m[2m(client)[22m[39m [32mhmr update [39m[2m/src/index.css, /src/components/workspace/MobileBottomNav.jsx[22m
[2m17.53.43[22m [36m[1m[vite][22m[39m [90m[2m(client)[22m[39m [32mhmr update [39m[2m/src/index.css, /src/components/workspace/MobileBottomNav.jsx[22m
[2m17.53.48[22m [36m[1m[vite][22m[39m [90m[2m(client)[22m[39m [32mhmr update [39m[2m/src/index.css, /src/components/workspace/MobileBottomNav.jsx[22m
[2m17.53.53[22m [36m[1m[vite][22m[39m [90m[2m(client)[22m[39m [32mhmr update [39m[2m/src/index.css, /src/components/workspace/MobileBottomNav.jsx[22m
[2m17.53.57[22m [36m[1m[vite][22m[39m [90m[2m(client)[22m[39m [32mhmr update [39m[2m/src/index.css, /src/components/workspace/MobileBottomNav.jsx[22m
[2m17.54.05[22m [36m[1m[vite][22m[39m [90m[2m(client)[22m[39m [32mhmr update [39m[2m/src/index.css, /src/components/workspace/MobileBottomNav.jsx[22m
[2m17.54.09[22m [36m[1m[vite][22m[39m [90m[2m(client)[22m[39m [32mhmr update [39m[2m/src/index.css, /src/components/workspace/MobileBottomNav.jsx[22m
[2m17.54.24[22m [36m[1m[vite][22m[39m [90m[2m(client)[22m[39m [32mhmr update [39m[2m/src/index.css, /src/components/workspace/MobileBottomNav.jsx[22m
[2m17.54.33[22m [36m[1m[vite][22m[39m [90m[2m(client)[22m[39m [32mhmr update [39m[2m/src/index.css, /src/components/workspace/MobileBottomNav.jsx[22m
[2m17.54.41[22m [36m[1m[vite][22m[39m [90m[2m(client)[22m[39m [32mhmr update [39m[2m/src/pages/workspace/home.jsx, /src/index.css[22m
[2m17.54.51[22m [36m[1m[vite][22m[39m [90m[2m(client)[22m[39m [32mhmr update [39m[2m/src/pages/workspace/home.jsx, /src/index.css[22m
[2m17.55.04[22m [36m[1m[vite][22m[39m [90m[2m(client)[22m[39m [32mhmr update [39m[2m/src/index.css, /src/components/workspace/toolshell.jsx[22m
[2m18.08.36[22m [36m[1m[vite][22m[39m [90m[2m(client)[22m[39m [32mhmr update [39m[2m/src/pages/workspace/AIFruitStory.jsx, /src/components/viral-tools/ai-fruit-story/AIFruitStoryBuilder.jsx, /src/components/viral-tools/ai-fruit-story/AIFruitStoryResults.jsx, /src/components/viral-tools/ai-fruit-story/steps/FruitStepAnimate.jsx, /src/components/viral-tools/ai-fruit-story/steps/FruitStepScenes.jsx, /src/index.css[22m
[2m18.14.04[22m [36m[1m[vite][22m[39m [90m[2m(client)[22m[39m [32mhmr update [39m[2m/src/pages/workspace/home.jsx, /src/index.css[22m
[2m18.14.26[22m [36m[1m[vite][22m[39m [90m[2m(client)[22m[39m [32mhmr update [39m[2m/src/index.css, /src/components/workspace/toolshell.jsx[22m
[2m18.14.32[22m [36m[1m[vite][22m[39m [90m[2m(client)[22m[39m [32mhmr update [39m[2m/src/index.css, /src/components/workspace/MobileBottomNav.jsx[22m
[2m18.14.44[22m [36m[1m[vite][22m[39m [90m[2m(client)[22m[39m [32mhmr update [39m[2m/src/index.css, /src/components/workspace/MobileBottomNav.jsx[22m
[2m18.14.49[22m [36m[1m[vite][22m[39m [90m[2m(client)[22m[39m [32mhmr update [39m[2m/src/index.css, /src/components/workspace/MobileBottomNav.jsx[22m
[2m18.14.53[22m [36m[1m[vite][22m[39m [90m[2m(client)[22m[39m [32mhmr update [39m[2m/src/index.css, /src/components/workspace/MobileBottomNav.jsx[22m
[2m18.15.00[22m [36m[1m[vite][22m[39m [90m[2m(client)[22m[39m [32mhmr update [39m[2m/src/index.css, /src/components/workspace/MobileBottomNav.jsx[22m
[2m18.15.14[22m [36m[1m[vite][22m[39m [90m[2m(client)[22m[39m [32mhmr update [39m[2m/src/index.css, /src/components/workspace/MobileBottomNav.jsx[22m
[2m18.15.20[22m [36m[1m[vite][22m[39m [90m[2m(client)[22m[39m [32mhmr update [39m[2m/src/index.css, /src/components/workspace/CreateMenu.jsx[22m
[2m18.15.20[22m [36m[1m[vite][22m[39m [90m[2m(client)[22m[39m [33mhmr invalidate [39m[2m/src/components/workspace/CreateMenu.jsx[22m Could not Fast Refresh ("CREATE_TOOLS" export is incompatible). Learn more at https://github.com/vitejs/vite-plugin-react/tree/main/packages/plugin-react#consistent-components-exports
[2m18.15.20[22m [36m[1m[vite][22m[39m [90m[2m(client)[22m[39m [32mhmr update [39m[2m/src/components/workspace/toolshell.jsx, /src/components/workspace/MobileBottomNav.jsx[22m
[2m18.15.27[22m [36m[1m[vite][22m[39m [90m[2m(client)[22m[39m [32mhmr update [39m[2m/src/index.css, /src/components/workspace/MobileBottomNav.jsx[22m
[2m18.22.57[22m [36m[1m[vite][22m[39m [90m[2m(client)[22m[39m [32mhmr update [39m[2m/src/pages/workspace/home.jsx, /src/index.css[22m
[2m18.23.01[22m [36m[1m[vite][22m[39m [90m[2m(client)[22m[39m [32mhmr update [39m[2m/src/pages/workspace/home.jsx, /src/index.css[22m
[2m18.37.25[22m [36m[1m[vite][22m[39m [90m[2m(client)[22m[39m [32mhmr update [39m[2m/src/pages/workspace/AIFruitStory.jsx, /src/index.css[22m
[2m18.51.40[22m [36m[1m[vite][22m[39m [90m[2m(client)[22m[39m [32mhmr update [39m[2m/src/pages/workspace/AIFruitStory.jsx, /src/components/viral-tools/ai-fruit-story/AIFruitStoryBuilder.jsx, /src/components/viral-tools/ai-fruit-story/AIFruitStoryResults.jsx, /src/components/viral-tools/ai-fruit-story/steps/FruitStepAnimate.jsx, /src/components/viral-tools/ai-fruit-story/steps/FruitStepScenes.jsx, /src/index.css[22m
[2m18.51.49[22m [36m[1m[vite][22m[39m [90m[2m(client)[22m[39m [32mhmr update [39m[2m/src/pages/workspace/AIFruitStory.jsx, /src/components/viral-tools/ai-fruit-story/AIFruitStoryBuilder.jsx, /src/components/viral-tools/ai-fruit-story/AIFruitStoryResults.jsx, /src/components/viral-tools/ai-fruit-story/steps/FruitStepAnimate.jsx, /src/components/viral-tools/ai-fruit-story/steps/FruitStepScenes.jsx, /src/index.css[22m
[2m18.52.07[22m [36m[1m[vite][22m[39m [90m[2m(client)[22m[39m [32mhmr update [39m[2m/src/pages/workspace/AIFruitStory.jsx, /src/components/viral-tools/ai-fruit-story/AIFruitStoryBuilder.jsx, /src/components/viral-tools/ai-fruit-story/AIFruitStoryResults.jsx, /src/components/viral-tools/ai-fruit-story/steps/FruitStepAnimate.jsx, /src/components/viral-tools/ai-fruit-story/steps/FruitStepScenes.jsx, /src/index.css[22m
[2m18.54.39[22m [36m[1m[vite][22m[39m [90m[2m(client)[22m[39m [32mhmr update [39m[2m/src/pages/workspace/AIFruitStory.jsx, /src/components/viral-tools/ai-fruit-story/AIFruitStoryBuilder.jsx, /src/components/viral-tools/ai-fruit-story/AIFruitStoryResults.jsx, /src/components/viral-tools/ai-fruit-story/steps/FruitStepAnimate.jsx, /src/components/viral-tools/ai-fruit-story/steps/FruitStepScenes.jsx, /src/index.css[22m
[2m19.23.29[22m [36m[1m[vite][22m[39m [90m[2m(client)[22m[39m [32mhmr update [39m[2m/src/pages/workspace/AIFruitStory.jsx, /src/components/viral-tools/ai-fruit-story/AIFruitStoryBuilder.jsx, /src/components/viral-tools/ai-fruit-story/AIFruitStoryResults.jsx, /src/components/viral-tools/ai-fruit-story/steps/FruitStepAnimate.jsx, /src/components/viral-tools/ai-fruit-story/steps/FruitStepScenes.jsx, /src/index.css[22m
[2m19.23.47[22m [36m[1m[vite][22m[39m [90m[2m(client)[22m[39m [32mhmr update [39m[2m/src/pages/workspace/AIFruitStory.jsx, /src/components/viral-tools/ai-fruit-story/AIFruitStoryBuilder.jsx, /src/components/viral-tools/ai-fruit-story/AIFruitStoryResults.jsx, /src/components/viral-tools/ai-fruit-story/steps/FruitStepAnimate.jsx, /src/components/viral-tools/ai-fruit-story/steps/FruitStepScenes.jsx, /src/index.css[22m
[2m19.25.18[22m [36m[1m[vite][22m[39m [90m[2m(client)[22m[39m [32mhmr update [39m[2m/src/pages/workspace/AIFruitStory.jsx, /src/components/viral-tools/ai-fruit-story/AIFruitStoryBuilder.jsx, /src/components/viral-tools/ai-fruit-story/AIFruitStoryResults.jsx, /src/components/viral-tools/ai-fruit-story/steps/FruitStepAnimate.jsx, /src/components/viral-tools/ai-fruit-story/steps/FruitStepScenes.jsx, /src/index.css[22m
[2m19.25.36[22m [36m[1m[vite][22m[39m [90m[2m(client)[22m[39m [32mhmr update [39m[2m/src/pages/workspace/AIFruitStory.jsx, /src/components/viral-tools/ai-fruit-story/AIFruitStoryBuilder.jsx, /src/components/viral-tools/ai-fruit-story/AIFruitStoryResults.jsx, /src/components/viral-tools/ai-fruit-story/steps/FruitStepAnimate.jsx, /src/components/viral-tools/ai-fruit-story/steps/FruitStepScenes.jsx, /src/index.css[22m
[2m19.25.49[22m [36m[1m[vite][22m[39m [90m[2m(client)[22m[39m [32mhmr update [39m[2m/src/pages/workspace/AIFruitStory.jsx, /src/index.css[22m
[2m19.26.07[22m [36m[1m[vite][22m[39m [90m[2m(client)[22m[39m [32mhmr update [39m[2m/src/pages/workspace/AIFruitStory.jsx, /src/index.css[22m
[2m19.57.33[22m [36m[1m[vite][22m[39m [90m[2m(client)[22m[39m [32mhmr update [39m[2m/src/index.css, /src/components/workspace/CreateMenu.jsx[22m
[2m19.57.34[22m [36m[1m[vite][22m[39m [90m[2m(client)[22m[39m [33mhmr invalidate [39m[2m/src/components/workspace/CreateMenu.jsx[22m Could not Fast Refresh ("CREATE_TOOLS" export is incompatible). Learn more at https://github.com/vitejs/vite-plugin-react/tree/main/packages/plugin-react#consistent-components-exports
[2m19.57.34[22m [36m[1m[vite][22m[39m [90m[2m(client)[22m[39m [32mhmr update [39m[2m/src/components/workspace/toolshell.jsx, /src/components/workspace/MobileBottomNav.jsx[22m
[2m19.57.53[22m [36m[1m[vite][22m[39m [90m[2m(client)[22m[39m [32mhmr update [39m[2m/src/index.css, /src/components/workspace/toolshell.jsx[22m
[2m19.57.59[22m [36m[1m[vite][22m[39m [90m[2m(client)[22m[39m [32mhmr update [39m[2m/src/index.css, /src/components/workspace/MobileBottomNav.jsx[22m
[2m19.58.10[22m [36m[1m[vite][22m[39m [90m[2m(client)[22m[39m [32mhmr update [39m[2m/src/index.css, /src/components/workspace/MobileBottomNav.jsx[22m
[2m19.58.15[22m [36m[1m[vite][22m[39m [90m[2m(client)[22m[39m [32mhmr update [39m[2m/src/index.css, /src/components/workspace/MobileBottomNav.jsx[22m
[2m19.58.24[22m [36m[1m[vite][22m[39m [90m[2m(client)[22m[39m [32mhmr update [39m[2m/src/index.css, /src/components/workspace/MobileBottomNav.jsx[22m
[2m19.58.43[22m [36m[1m[vite][22m[39m [90m[2m(client)[22m[39m [32mhmr update [39m[2m/src/index.css, /src/components/workspace/MobileBottomNav.jsx[22m
[2m19.58.49[22m [36m[1m[vite][22m[39m [90m[2m(client)[22m[39m [32mhmr update [39m[2m/src/index.css, /src/components/workspace/MobileBottomNav.jsx[22m
[2m19.58.54[22m [36m[1m[vite][22m[39m [90m[2m(client)[22m[39m [32mhmr update [39m[2m/src/index.css, /src/components/workspace/MobileBottomNav.jsx[22m
[2m19.59.01[22m [36m[1m[vite][22m[39m [90m[2m(client)[22m[39m [32mhmr update [39m[2m/src/index.css, /src/components/workspace/MobileBottomNav.jsx[22m
[2m19.59.07[22m [36m[1m[vite][22m[39m [90m[2m(client)[22m[39m [32mhmr update [39m[2m/src/index.css, /src/components/workspace/MobileBottomNav.jsx[22m
[2m20.01.07[22m [36m[1m[vite][22m[39m [90m[2m(client)[22m[39m [32mhmr update [39m[2m/src/pages/workspace/home.jsx, /src/index.css[22m
[2m20.01.12[22m [36m[1m[vite][22m[39m [90m[2m(client)[22m[39m [32mhmr update [39m[2m/src/pages/workspace/home.jsx, /src/index.css[22m
[2m20.01.19[22m [36m[1m[vite][22m[39m [90m[2m(client)[22m[39m [32mhmr update [39m[2m/src/pages/workspace/home.jsx, /src/index.css[22m
[2m20.02.03[22m [36m[1m[vite][22m[39m [90m[2m(client)[22m[39m [32mhmr update [39m[2m/src/pages/workspace/home.jsx, /src/index.css[22m
[2m20.02.06[22m [36m[1m[vite][22m[39m [90m[2m(client)[22m[39m [32mhmr update [39m[2m/src/pages/workspace/home.jsx, /src/index.css[22m
[2m20.02.45[22m [36m[1m[vite][22m[39m [90m[2m(client)[22m[39m [32mhmr update [39m[2m/src/index.css, /src/components/workspace/toolshell.jsx[22m
[2m20.03.57[22m [36m[1m[vite][22m[39m [90m[2m(client)[22m[39m [32mhmr update [39m[2m/src/index.css, /src/components/workspace/toolshell.jsx[22m
[2m20.04.42[22m [36m[1m[vite][22m[39m [90m[2m(client)[22m[39m [32mhmr update [39m[2m/src/index.css, /src/components/workspace/toolshell.jsx[22m
[2m20.05.02[22m [36m[1m[vite][22m[39m [90m[2m(client)[22m[39m [32mhmr update [39m[2m/src/pages/workspace/home.jsx, /src/index.css[22m
[2m20.05.08[22m [36m[1m[vite][22m[39m [90m[2m(client)[22m[39m [32mhmr update [39m[2m/src/pages/workspace/home.jsx, /src/index.css[22m
[2m20.08.15[22m [36m[1m[vite][22m[39m [90m[2m(client)[22m[39m [32mhmr update [39m[2m/src/components/public-gallery/gallery.jsx, /src/index.css[22m
[2m20.11.40[22m [36m[1m[vite][22m[39m [90m[2m(client)[22m[39m [32mhmr update [39m[2m/src/index.css[22m
[2m20.11.48[22m [36m[1m[vite][22m[39m [90m[2m(client)[22m[39m [32mhmr update [39m[2m/src/index.css[22m
[2m20.12.17[22m [36m[1m[vite][22m[39m [90m[2m(client)[22m[39m [32mhmr update [39m[2m/src/index.css[22m
[2m20.12.43[22m [36m[1m[vite][22m[39m [90m[2m(client)[22m[39m [32mhmr update [39m[2m/src/index.css[22m
[2m20.12.49[22m [36m[1m[vite][22m[39m [90m[2m(client)[22m[39m [32mhmr update [39m[2m/src/index.css[22m
[2m20.17.33[22m [36m[1m[vite][22m[39m [90m[2m(client)[22m[39m [32mhmr update [39m[2m/src/pages/workspace/connections.jsx, /src/index.css[22m
[2m20.17.54[22m [36m[1m[vite][22m[39m [90m[2m(client)[22m[39m [32mhmr update [39m[2m/src/pages/workspace/connections.jsx, /src/index.css[22m
[2m20.18.02[22m [36m[1m[vite][22m[39m [90m[2m(client)[22m[39m [32mhmr update [39m[2m/src/pages/workspace/connections.jsx, /src/index.css[22m
[2m20.18.09[22m [36m[1m[vite][22m[39m [90m[2m(client)[22m[39m [32mhmr update [39m[2m/src/pages/workspace/connections.jsx, /src/index.css[22m
[2m20.18.28[22m [36m[1m[vite][22m[39m [90m[2m(client)[22m[39m [32mhmr update [39m[2m/src/pages/workspace/connections.jsx, /src/index.css[22m
[2m20.18.33[22m [36m[1m[vite][22m[39m [90m[2m(client)[22m[39m [32mhmr update [39m[2m/src/pages/workspace/connections.jsx, /src/index.css[22m
[2m20.22.33[22m [36m[1m[vite][22m[39m [90m[2m(client)[22m[39m [32mhmr update [39m[2m/src/pages/workspace/connections.jsx, /src/index.css[22m
[2m20.25.18[22m [36m[1m[vite][22m[39m [90m[2m(client)[22m[39m [32mhmr update [39m[2m/src/pages/workspace/connections.jsx, /src/index.css[22m
[2m23.17.12[22m [36m[1m[vite][22m[39m [90m[2m(client)[22m[39m [32mhmr update [39m[2m/src/index.css, /src/components/publish/PostModal.jsx[22m
[2m23.17.27[22m [36m[1m[vite][22m[39m [90m[2m(client)[22m[39m [32mhmr update [39m[2m/src/index.css, /src/components/publish/PostModal.jsx[22m
[2m23.17.45[22m [36m[1m[vite][22m[39m [90m[2m(client)[22m[39m [32mhmr update [39m[2m/src/index.css, /src/components/publish/PostModal.jsx[22m
[2m23.17.59[22m [36m[1m[vite][22m[39m [90m[2m(client)[22m[39m [32mhmr update [39m[2m/src/index.css, /src/components/publish/PostModal.jsx[22m
[2m23.18.07[22m [36m[1m[vite][22m[39m [90m[2m(client)[22m[39m [32mhmr update [39m[2m/src/index.css, /src/components/publish/PostModal.jsx[22m
[2m23.18.30[22m [36m[1m[vite][22m[39m [90m[2m(client)[22m[39m [32mhmr update [39m[2m/src/index.css, /src/components/publish/PostModal.jsx[22m
[2m23.19.03[22m [36m[1m[vite][22m[39m [90m[2m(client)[22m[39m [32mhmr update [39m[2m/src/pages/workspace/publish.jsx, /src/index.css[22m
[2m23.19.14[22m [36m[1m[vite][22m[39m [90m[2m(client)[22m[39m [32mhmr update [39m[2m/src/pages/workspace/publish.jsx, /src/index.css[22m
[2m23.19.22[22m [36m[1m[vite][22m[39m [90m[2m(client)[22m[39m [32mhmr update [39m[2m/src/pages/workspace/publish.jsx, /src/index.css[22m
[2m23.19.29[22m [36m[1m[vite][22m[39m [90m[2m(client)[22m[39m [32mhmr update [39m[2m/src/pages/workspace/publish.jsx, /src/index.css[22m
