vite v7.2.4 building client environment for production...
transforming...
[baseline-browser-mapping] The data in this module is over two months old.  To ensure accurate Baseline data, please update: `npm i baseline-browser-mapping@latest -D`
Browserslist: browsers data (caniuse-lite) is 10 months old. Please run:
  npx update-browserslist-db@latest
  Why you should do it regularly: https://github.com/browserslist/update-db#readme
✓ 3398 modules transformed.
rendering chunks...
[plugin vite:reporter] 
(!) C:/Users/Public/Zylo/src/lib/supabaseClient.ts is dynamically imported by C:/Users/Public/Zylo/src/lib/downloadMedia.ts, C:/Users/Public/Zylo/src/pages/workspace/long-form/look.jsx, C:/Users/Public/Zylo/src/pages/workspace/long-form/look.jsx but also statically imported by C:/Users/Public/Zylo/src/App.jsx, C:/Users/Public/Zylo/src/app/blog/BlogIndex.jsx, C:/Users/Public/Zylo/src/components/AuthModal.jsx, C:/Users/Public/Zylo/src/components/EmailConsentModal.jsx, C:/Users/Public/Zylo/src/components/GenerationsDock.jsx, C:/Users/Public/Zylo/src/components/ImageGenerator/Generate.jsx, C:/Users/Public/Zylo/src/components/ScriptBuilder/ScriptFeedback.jsx, C:/Users/Public/Zylo/src/components/ScriptBuilder/ScriptStylePicker.jsx, C:/Users/Public/Zylo/src/components/VideoGenerator/Generate.jsx, C:/Users/Public/Zylo/src/components/WelcomeScreen.jsx, C:/Users/Public/Zylo/src/components/billing/CancelFeedbackModal.jsx, C:/Users/Public/Zylo/src/components/creations/library.jsx, C:/Users/Public/Zylo/src/components/publish/ConnectAccountsModal.jsx, C:/Users/Public/Zylo/src/components/publish/PostModal.jsx, C:/Users/Public/Zylo/src/components/reference-images/ReferenceImageModal.jsx, C:/Users/Public/Zylo/src/components/seo/SeoGeneratorHero.jsx, C:/Users/Public/Zylo/src/components/stats/InstagramStats.jsx, C:/Users/Public/Zylo/src/components/viral-tools/ai-cooking-matic/WorkflowSteps.jsx, C:/Users/Public/Zylo/src/components/viral-tools/ai-cooking-matic/api/cookingMaticApi.js, C:/Users/Public/Zylo/src/components/viral-tools/ai-fruit-story/AIFruitStoryResults.jsx, C:/Users/Public/Zylo/src/components/viral-tools/ai-fruit-story/FruitStoryPaywall.jsx, C:/Users/Public/Zylo/src/components/viral-tools/ai-fruit-story/api/fruitStoryApi.js, C:/Users/Public/Zylo/src/components/viral-tools/behind-the-scenes/api/behindTheScenesApi.js, C:/Users/Public/Zylo/src/components/viral-tools/cartoon-drive-by/api/cartoonDriveByApi.js, C:/Users/Public/Zylo/src/components/viral-tools/clay-rescue/api/clayRescueApi.js, C:/Users/Public/Zylo/src/components/viral-tools/clay-rescue/videoEditor/useClayRescueEditor.js, C:/Users/Public/Zylo/src/components/viral-tools/face-asmr/FaceAsmrPaywall.jsx, C:/Users/Public/Zylo/src/components/viral-tools/face-asmr/api/faceAsmrApi.js, C:/Users/Public/Zylo/src/components/viral-tools/footballer-nationality-swap/api/footballerNationalitySwapApi.js, C:/Users/Public/Zylo/src/components/viral-tools/footballer-nationality-swap/videoEditor/useFootballerStitchEditor.js, C:/Users/Public/Zylo/src/components/viral-tools/micro-camera-animal/api/microCameraAnimalApi.js, C:/Users/Public/Zylo/src/components/viral-tools/thirty-days/api/thirtyDaysApi.js, C:/Users/Public/Zylo/src/components/viral-tools/thirty-days/api/thirtyDaysSeriesApi.js, C:/Users/Public/Zylo/src/components/viral-tools/two-am/TwoAmPaywall.jsx, C:/Users/Public/Zylo/src/components/viral-tools/two-am/api/twoAmApi.js, C:/Users/Public/Zylo/src/components/workspace/JumpBackIn.jsx, C:/Users/Public/Zylo/src/components/workspace/toprow.jsx, C:/Users/Public/Zylo/src/context/AuthContext.jsx, C:/Users/Public/Zylo/src/hooks/useCredits.ts, C:/Users/Public/Zylo/src/hooks/useProfileCredits.js, C:/Users/Public/Zylo/src/lib/auth.js, C:/Users/Public/Zylo/src/lib/creations.js, C:/Users/Public/Zylo/src/lib/generateScript.js, C:/Users/Public/Zylo/src/lib/jobs.ts, C:/Users/Public/Zylo/src/lib/payments.ts, C:/Users/Public/Zylo/src/lib/referenceImages.ts, C:/Users/Public/Zylo/src/lib/storage.ts, C:/Users/Public/Zylo/src/pages/AuthCallback.jsx, C:/Users/Public/Zylo/src/pages/Pricing.jsx, C:/Users/Public/Zylo/src/pages/admin/FeedbackAnalytics.jsx, C:/Users/Public/Zylo/src/pages/auth/AuthCallback.jsx, C:/Users/Public/Zylo/src/pages/help/Feedback.jsx, C:/Users/Public/Zylo/src/pages/help/HelpCenter.tsx, C:/Users/Public/Zylo/src/pages/settings/Billing.jsx, C:/Users/Public/Zylo/src/pages/settings/WorkspaceSettings.jsx, C:/Users/Public/Zylo/src/pages/support/SupportContact.jsx, C:/Users/Public/Zylo/src/pages/tools/Forgot.jsx, C:/Users/Public/Zylo/src/pages/tools/Reset.jsx, C:/Users/Public/Zylo/src/pages/viral/Image.jsx, C:/Users/Public/Zylo/src/pages/viral/LipSync.jsx, C:/Users/Public/Zylo/src/pages/viral/ScriptBuilder.jsx, C:/Users/Public/Zylo/src/pages/viral/ViralScore.jsx, C:/Users/Public/Zylo/src/pages/viral/video-generator.jsx, C:/Users/Public/Zylo/src/pages/workspace/AICookingMatic.jsx, C:/Users/Public/Zylo/src/pages/workspace/AIFruitStory.jsx, C:/Users/Public/Zylo/src/pages/workspace/BehindTheScenes.jsx, C:/Users/Public/Zylo/src/pages/workspace/CartoonDriveBy.jsx, C:/Users/Public/Zylo/src/pages/workspace/ClayRescue.jsx, C:/Users/Public/Zylo/src/pages/workspace/FaceAsmr.jsx, C:/Users/Public/Zylo/src/pages/workspace/FootballerNationalitySwap.jsx, C:/Users/Public/Zylo/src/pages/workspace/MicroCameraAnimal.jsx, C:/Users/Public/Zylo/src/pages/workspace/ThirtyDays.jsx, C:/Users/Public/Zylo/src/pages/workspace/TwoAm.jsx, C:/Users/Public/Zylo/src/pages/workspace/connections.jsx, C:/Users/Public/Zylo/src/pages/workspace/earn/shared.jsx, C:/Users/Public/Zylo/src/pages/workspace/earn/useReferralLink.js, C:/Users/Public/Zylo/src/pages/workspace/layout.jsx, C:/Users/Public/Zylo/src/pages/workspace/long-form/discoverySession.js, C:/Users/Public/Zylo/src/pages/workspace/long-form/ideaEngine.js, C:/Users/Public/Zylo/src/pages/workspace/long-form/previewJobs.js, C:/Users/Public/Zylo/src/pages/workspace/long-form/project.js, C:/Users/Public/Zylo/src/pages/workspace/long-form/research.js, C:/Users/Public/Zylo/src/pages/workspace/long-form/script.js, C:/Users/Public/Zylo/src/pages/workspace/long-form/visualPlan.js, C:/Users/Public/Zylo/src/pages/workspace/long-form/visualWorld.js, C:/Users/Public/Zylo/src/pages/workspace/long-form/visualWorld.jsx, C:/Users/Public/Zylo/src/pages/workspace/publish.jsx, C:/Users/Public/Zylo/src/pages/workspace/stats.jsx, dynamic import will not move module into another chunk.

computing gzip size...
dist/index.html                                                           2.28 kB │ gzip:   1.08 kB
dist/assets/worker-BAOIWoxA.js                                            2.53 kB
dist/assets/credit-0DKaRW1O.png                                           5.12 kB
dist/assets/arrow-DWaLvdV9.png                                           37.79 kB
dist/assets/1-BRt5dMJM.png                                               41.49 kB
dist/assets/image9.16-fast-BS7o_TGN.webp                                 42.71 kB
dist/assets/headphone-B-DRsUyx.jpg                                      141.47 kB
dist/assets/candle-Rydilkje.jpg                                         226.89 kB
dist/assets/sneaker-COyq-aWw.jpg                                        291.60 kB
dist/assets/publish-landing-hero-wide-DNBq_GtD.png                      401.09 kB
dist/assets/one-video-three-platforms-vertical-b7Ygun4Z.png             403.97 kB
dist/assets/calendar-28-days-square-Df8en8vh.png                        409.71 kB
dist/assets/analytics-growth-square-ClfRxVKs.png                        414.93 kB
dist/assets/publish-calendar-phone-vertical-CRjFaUf5.png                422.54 kB
dist/assets/analytics-landing-hero-wide-B0oGigMz.png                    424.25 kB
dist/assets/content-pipeline-wide-B0aTitpS.png                          429.63 kB
dist/assets/publish-while-sleeping-vertical-C0vcgdSO.png                440.44 kB
dist/assets/content-growth-loop-vertical-GFrvJOmS.png                   445.01 kB
dist/assets/creator-command-center-vertical-xDMC5ONY.png                447.40 kB
dist/assets/ai-caption-generator-vertical-Db3gWBNC.png                  455.39 kB
dist/assets/publish-success-vertical-CkhYcfL7.png                       458.72 kB
dist/assets/batch-content-workflow-vertical-DJs2XhrG.png                460.90 kB
dist/assets/upload-once-square-VYhe9aid.png                             463.83 kB
dist/assets/multi-platform-distribution-wide-ZgvhhkXZ.png               468.88 kB
dist/assets/publish-hub-square-DJZ8NpCe.png                             473.45 kB
dist/assets/manual-vs-automated-wide-B-xmZpm8.png                       483.92 kB
dist/assets/automated-posting-queue-vertical-CX-C0lcq.png               497.79 kB
dist/assets/schedule-28-days-vertical-5tFzqGyX.png                      525.14 kB
dist/assets/Logo-BE3RH03d.png                                           532.63 kB
dist/assets/zylo-BoyFztBy.png                                           535.59 kB
dist/assets/1-BrF2__lQ.png                                              572.06 kB
dist/assets/1-DpvUJI1D.png                                              572.96 kB
dist/assets/video9.16-fast-C3k-YHF9.mp4                                 603.17 kB
dist/assets/20-D8Y6h34V.png                                             645.77 kB
dist/assets/18-CpBU3Kcc.png                                             910.82 kB
dist/assets/bgexample-BJxHif_j.png                                      933.53 kB
dist/assets/19-BxO29SmV.png                                           1,019.16 kB
dist/assets/before2-BujZv8E0.png                                      1,130.36 kB
dist/assets/before1-T2dSlVDn.png                                      1,175.53 kB
dist/assets/10-BO0Qz9wG.png                                           1,255.28 kB
dist/assets/4-vXspTVxT.png                                            1,292.72 kB
dist/assets/13-GnTR2jNr.png                                           1,388.05 kB
dist/assets/2-1pGsLOKS.png                                            1,394.61 kB
dist/assets/3-BwrJ_POp.png                                            1,423.29 kB
dist/assets/serum-BhOL1VV6.png                                        1,464.47 kB
dist/assets/22-BUx0XyYZ.png                                           1,539.83 kB
dist/assets/same-B2q6-hHR.png                                         1,548.76 kB
dist/assets/15-DZIrGg0P.png                                           1,556.60 kB
dist/assets/library-Cb5UBhuw.png                                      1,597.91 kB
dist/assets/7-0KB2sYuX.png                                            1,645.23 kB
dist/assets/6-BssmI_ff.png                                            1,657.02 kB
dist/assets/14-hjeAbaA1.png                                           1,659.07 kB
dist/assets/9-22AoI7eL.png                                            1,660.44 kB
dist/assets/11-Sz7SIkb4.png                                           1,690.75 kB
dist/assets/8-D14qMwsL.png                                            1,700.39 kB
dist/assets/24-BdKdqhfa.png                                           1,729.94 kB
dist/assets/23-BgQAIf8b.png                                           1,781.83 kB
dist/assets/example-pfFK6t-R.png                                      1,785.12 kB
dist/assets/beforeafter3-DguwTaPy.png                                 1,785.20 kB
dist/assets/videoo9.16-fast-CYm1ZrQW.mp4                              1,788.50 kB
dist/assets/12-WNoG5ary.png                                           1,789.37 kB
dist/assets/videooo9.16-fast--xXB_4jJ.mp4                             1,844.96 kB
dist/assets/16-CUI7dPa5.png                                           1,858.03 kB
dist/assets/example1-BaIyK4ld.png                                     1,859.13 kB
dist/assets/1-2XopdMBd.png                                            1,889.26 kB
dist/assets/5-CuFY0F0g.png                                            1,915.30 kB
dist/assets/25-BaRcyDQj.png                                           1,919.89 kB
dist/assets/example2-D2pPiRNG.png                                     1,953.77 kB
dist/assets/realcase-CMbpTAAI.png                                     1,969.24 kB
dist/assets/21-HnwfOSo0.png                                           2,023.39 kB
dist/assets/17-Cqw4r9QV.png                                           2,040.26 kB
dist/assets/example3-C3y_bRVt.png                                     2,067.73 kB
dist/assets/beforeafter2-Dw_h7F0P.png                                 2,097.99 kB
dist/assets/best-DBZwuFvp.png                                         2,138.06 kB
dist/assets/bg-Cyxa6vZD.png                                           2,183.69 kB
dist/assets/26-Dv7v2qC-.png                                           2,209.89 kB
dist/assets/wrong-CY9ewft3.png                                        2,210.14 kB
dist/assets/good.2-DK2pfq_X.png                                       2,210.20 kB
dist/assets/bg2-jbn8Ik5_.png                                          2,215.47 kB
dist/assets/good-B8DPgBRI.png                                         2,270.92 kB
dist/assets/UseCase-Dw9JunP4.png                                      2,292.70 kB
dist/assets/beforeafter-XPxZTG75.png                                  2,370.95 kB
dist/assets/example4-1HISiosj.png                                     2,374.64 kB
dist/assets/example5-BVYSHKLP.png                                     2,502.95 kB
dist/assets/dubai-svb9y0lO.png                                        3,147.86 kB
dist/assets/village-BEgCl3HJ.png                                      3,147.86 kB
dist/assets/nyc-yDNXbmq0.png                                          3,147.86 kB
dist/assets/human3-JIUc3qAe.png                                       3,147.86 kB
dist/assets/greek-CV1_aJ0Q.png                                        3,147.86 kB
dist/assets/beach-DzzE3219.png                                        3,147.86 kB
dist/assets/same2-BRq_D1QH.png                                        3,286.25 kB
dist/assets/human2-DrnzZFRz.png                                       3,984.23 kB
dist/assets/human4-DsxzmIN8.png                                       3,984.23 kB
dist/assets/human1-DrHqpKUE.png                                       3,984.23 kB
dist/assets/human5-CWhoBRs9.png                                       3,984.23 kB
dist/assets/bg-Dm5i_zao.mp4                                           9,976.40 kB
dist/assets/wrong2-By4VCKa3.png                                      20,104.39 kB
dist/assets/layout-lY32WxaL.css                                           2.64 kB │ gzip:   0.89 kB
dist/assets/index-B_WT6yDb.css                                          411.80 kB │ gzip:  55.39 kB
dist/assets/3-Yd5LbWvF.js                                                 0.05 kB │ gzip:   0.07 kB
dist/assets/4-DpIjKdLn.js                                                 0.05 kB │ gzip:   0.07 kB
dist/assets/9-CY3bc18j.js                                                 0.05 kB │ gzip:   0.07 kB
dist/assets/1-DyzVt6Al.js                                                 0.05 kB │ gzip:   0.07 kB
dist/assets/7-Bb6rJGru.js                                                 0.05 kB │ gzip:   0.07 kB
dist/assets/8-BS3P9y8C.js                                                 0.05 kB │ gzip:   0.07 kB
dist/assets/15-_ghTwJ1q.js                                                0.05 kB │ gzip:   0.07 kB
dist/assets/16-BLZsemaC.js                                                0.05 kB │ gzip:   0.07 kB
dist/assets/14-jJ2-gUNn.js                                                0.05 kB │ gzip:   0.07 kB
dist/assets/13-Aq6ubnea.js                                                0.05 kB │ gzip:   0.07 kB
dist/assets/11-DcA89sO-.js                                                0.05 kB │ gzip:   0.07 kB
dist/assets/18-BZ0ysu2B.js                                                0.05 kB │ gzip:   0.07 kB
dist/assets/20-B8iRZHp0.js                                                0.05 kB │ gzip:   0.07 kB
dist/assets/19-Bzzou0MP.js                                                0.05 kB │ gzip:   0.07 kB
dist/assets/21-DvLSroM_.js                                                0.05 kB │ gzip:   0.07 kB
dist/assets/17-BAdX30EM.js                                                0.05 kB │ gzip:   0.07 kB
dist/assets/22-B-gWiBPV.js                                                0.05 kB │ gzip:   0.07 kB
dist/assets/23-BSegC16c.js                                                0.05 kB │ gzip:   0.07 kB
dist/assets/nyc-BCIodCOF.js                                               0.05 kB │ gzip:   0.07 kB
dist/assets/best-Cu4T0Hfv.js                                              0.05 kB │ gzip:   0.07 kB
dist/assets/good-KX9QVIym.js                                              0.05 kB │ gzip:   0.07 kB
dist/assets/wrong-CFESmiYF.js                                             0.05 kB │ gzip:   0.07 kB
dist/assets/dubai-CKiTkUmD.js                                             0.05 kB │ gzip:   0.07 kB
dist/assets/good.2-DDSho9L5.js                                            0.05 kB │ gzip:   0.07 kB
dist/assets/human2-DHnRp1bt.js                                            0.05 kB │ gzip:   0.07 kB
dist/assets/human3-CrjPfRht.js                                            0.05 kB │ gzip:   0.07 kB
dist/assets/human4-Cs_DOLZq.js                                            0.05 kB │ gzip:   0.07 kB
dist/assets/human1-rVh5T0v9.js                                            0.05 kB │ gzip:   0.07 kB
dist/assets/realcase-C26Y1OmF.js                                          0.06 kB │ gzip:   0.08 kB
dist/assets/example1-Brlwdc2L.js                                          0.06 kB │ gzip:   0.08 kB
dist/assets/example4-yd73h3Pw.js                                          0.06 kB │ gzip:   0.08 kB
dist/assets/example5-DRIFt7ku.js                                          0.06 kB │ gzip:   0.08 kB
dist/assets/bgexample-Ds7EYmAw.js                                         0.06 kB │ gzip:   0.08 kB
dist/assets/beforeafter-BGOUfreE.js                                       0.06 kB │ gzip:   0.08 kB
dist/assets/beforeafter2-DDoLIoqG.js                                      0.06 kB │ gzip:   0.08 kB
dist/assets/beforeafter3-BOTcYNPb.js                                      0.06 kB │ gzip:   0.08 kB
dist/assets/video9.16-fast-QnAB6tMH.js                                    0.06 kB │ gzip:   0.08 kB
dist/assets/videoo9.16-fast-CtJczX5d.js                                   0.06 kB │ gzip:   0.08 kB
dist/assets/calendar-28-days-square-DzljefBY.js                           0.07 kB │ gzip:   0.09 kB
dist/assets/manual-vs-automated-wide-BiRLUm0G.js                          0.07 kB │ gzip:   0.09 kB
dist/assets/publish-landing-hero-wide-D9psndR5.js                         0.07 kB │ gzip:   0.09 kB
dist/assets/analytics-landing-hero-wide-DjCAIqBf.js                       0.08 kB │ gzip:   0.10 kB
dist/assets/5-DW7z6H8O.js                                                 0.08 kB │ gzip:   0.09 kB
dist/assets/12-DhCVlrUm.js                                                0.08 kB │ gzip:   0.09 kB
dist/assets/publish-while-sleeping-vertical-b3HlDKl8.js                   0.08 kB │ gzip:   0.10 kB
dist/assets/25-giYrQrTT.js                                                0.08 kB │ gzip:   0.09 kB
dist/assets/multi-platform-distribution-wide-DtCLr0IQ.js                  0.08 kB │ gzip:   0.10 kB
dist/assets/one-video-three-platforms-vertical-ryPhNlVX.js                0.08 kB │ gzip:   0.10 kB
dist/assets/before2-CLCqh1qj.js                                           0.10 kB │ gzip:   0.10 kB
dist/assets/example3-BJ_Wbffc.js                                          0.10 kB │ gzip:   0.10 kB
dist/assets/chevron-left-BoU22jl5.js                                      0.13 kB │ gzip:   0.14 kB
dist/assets/chevron-right-YF5RaZ2w.js                                     0.13 kB │ gzip:   0.14 kB
dist/assets/plus-BXEV9JDy.js                                              0.15 kB │ gzip:   0.15 kB
dist/assets/arrow-left-DUOpkuX6.js                                        0.17 kB │ gzip:   0.16 kB
dist/assets/music-2-DjrqYoN0.js                                           0.17 kB │ gzip:   0.17 kB
dist/assets/arrow-up-right-CdZhxISs.js                                    0.17 kB │ gzip:   0.16 kB
dist/assets/search--VSNVRU5.js                                            0.17 kB │ gzip:   0.17 kB
dist/assets/circle-check-BTSzgtvM.js                                      0.17 kB │ gzip:   0.17 kB
dist/assets/user-C0rB06NL.js                                              0.19 kB │ gzip:   0.18 kB
dist/assets/info-Xz1uS7kR.js                                              0.20 kB │ gzip:   0.18 kB
dist/assets/rotate-ccw-DF46OGc3.js                                        0.20 kB │ gzip:   0.18 kB
dist/assets/circle-x-XSSXsFAW.js                                          0.20 kB │ gzip:   0.18 kB
dist/assets/credit-card-DtNqXHWS.js                                       0.21 kB │ gzip:   0.19 kB
dist/assets/log-out-BVX8HLnZ.js                                           0.23 kB │ gzip:   0.19 kB
dist/assets/mic-By_ZvNAF.js                                               0.23 kB │ gzip:   0.20 kB
dist/assets/upload-B5d9I6qY.js                                            0.23 kB │ gzip:   0.19 kB
dist/assets/copy-tTsp-wz6.js                                              0.23 kB │ gzip:   0.21 kB
dist/assets/message-square-C3LBdUxN.js                                    0.23 kB │ gzip:   0.20 kB
dist/assets/history-Cn3pqP8i.js                                           0.24 kB │ gzip:   0.20 kB
dist/assets/maximize-2-07ClMOfF.js                                        0.24 kB │ gzip:   0.19 kB
dist/assets/camera-BvXzRpCL.js                                            0.24 kB │ gzip:   0.21 kB
dist/assets/compass-Cm1Tt-zR.js                                           0.25 kB │ gzip:   0.21 kB
dist/assets/circle-alert-D7Q7hNcl.js                                      0.25 kB │ gzip:   0.19 kB
dist/assets/eye-CqQNZ7Lb.js                                               0.25 kB │ gzip:   0.20 kB
dist/assets/external-link-og9_gwDQ.js                                     0.25 kB │ gzip:   0.20 kB
dist/assets/calendar-C0HKJE64.js                                          0.26 kB │ gzip:   0.21 kB
dist/assets/triangle-alert-DKT5i9Gf.js                                    0.27 kB │ gzip:   0.21 kB
dist/assets/shield-D4UvYA_V.js                                            0.27 kB │ gzip:   0.22 kB
dist/assets/book-open-B67aFahL.js                                         0.28 kB │ gzip:   0.21 kB
dist/assets/copy-check-DlN-r-GR.js                                        0.28 kB │ gzip:   0.23 kB
dist/assets/lightbulb-CyvI2yIk.js                                         0.28 kB │ gzip:   0.22 kB
dist/assets/house-COpoxldO.js                                             0.29 kB │ gzip:   0.22 kB
dist/assets/send-CW1e332x.js                                              0.29 kB │ gzip:   0.23 kB
dist/assets/instagram-DoAOD7ZW.js                                         0.30 kB │ gzip:   0.24 kB
dist/assets/users-CaxbR3u5.js                                             0.31 kB │ gzip:   0.23 kB
dist/assets/user-plus-CUKVBVWp.js                                         0.31 kB │ gzip:   0.24 kB
dist/assets/id-card-BpctwCOp.js                                           0.32 kB │ gzip:   0.24 kB
dist/assets/trash-2-8PqZPLS0.js                                           0.33 kB │ gzip:   0.22 kB
dist/assets/youtube-DifVUSml.js                                           0.33 kB │ gzip:   0.22 kB
dist/assets/clapperboard-BH2ZaOuE.js                                      0.35 kB │ gzip:   0.26 kB
dist/assets/grip-vertical-DmMInF5H.js                                     0.37 kB │ gzip:   0.20 kB
dist/assets/car-front-BucDEvLg.js                                         0.40 kB │ gzip:   0.27 kB
dist/assets/layers-ChdI1LZv.js                                            0.42 kB │ gzip:   0.24 kB
dist/assets/calendar-days-SwCdJBzz.js                                     0.50 kB │ gzip:   0.27 kB
dist/assets/wand-sparkles-C3gsgE_k.js                                     0.51 kB │ gzip:   0.29 kB
dist/assets/layout-grid-osAsIop5.js                                       0.53 kB │ gzip:   0.29 kB
dist/assets/upload-once-square-BHkTAqOQ.js                                0.62 kB │ gzip:   0.41 kB
dist/assets/Cancel-7kkpWvyB.js                                            0.63 kB │ gzip:   0.40 kB
dist/assets/AuthCallback-B5SMmMlX.js                                      0.77 kB │ gzip:   0.46 kB
dist/assets/Success-DUCFRPri.js                                           0.85 kB │ gzip:   0.48 kB
dist/assets/Toast-CNoeVDr8.js                                             0.87 kB │ gzip:   0.50 kB
dist/assets/WelcomeToZyloHelp-CDrUY0Ko.js                                 0.96 kB │ gzip:   0.55 kB
dist/assets/RelatedArticles-BIYUjs4F.js                                   1.00 kB │ gzip:   0.50 kB
dist/assets/FeedbackAnalytics-CrJHS3ME.js                                 1.10 kB │ gzip:   0.56 kB
dist/assets/SupportPolicies-MunWM1hN.js                                   1.25 kB │ gzip:   0.66 kB
dist/assets/GenerateButton-D81Q50Wg.js                                    1.43 kB │ gzip:   0.69 kB
dist/assets/research-C6UE-5Ex.js                                          1.64 kB │ gzip:   0.60 kB
dist/assets/BillingAndCredits-8EfQIC2c.js                                 1.70 kB │ gzip:   0.79 kB
dist/assets/SupportLayout-xyG098rq.js                                     1.72 kB │ gzip:   0.79 kB
dist/assets/index-607UPNXL.js                                             1.79 kB │ gzip:   0.93 kB
dist/assets/BlogCategoryPage-C_nMFE11.js                                  1.96 kB │ gzip:   0.80 kB
dist/assets/Forgot-BvMyt31y.js                                            2.34 kB │ gzip:   1.07 kB
dist/assets/bg-CwlDo7EX.js                                                2.40 kB │ gzip:   1.18 kB
dist/assets/Feedback-S9ejnZvC.js                                          2.83 kB │ gzip:   1.44 kB
dist/assets/SupportHome-DUiQzkHU.js                                       3.06 kB │ gzip:   1.21 kB
dist/assets/index-CUxsIblL.js                                             3.11 kB │ gzip:   1.26 kB
dist/assets/index-B5A2VcMZ.js                                             3.14 kB │ gzip:   1.35 kB
dist/assets/Login-Dtsm0GLT.js                                             3.15 kB │ gzip:   1.28 kB
dist/assets/Reset-BgoBApCy.js                                             3.26 kB │ gzip:   1.29 kB
dist/assets/SupportArticle-Dn3xzIsa.js                                    3.45 kB │ gzip:   1.36 kB
dist/assets/ProductPhotosShopify-BgsJVHFm.js                              3.55 kB │ gzip:   1.33 kB
dist/assets/ViralShowcase-C-pDYvZF.js                                     3.69 kB │ gzip:   1.57 kB
dist/assets/Signup-BuoCCM1J.js                                            3.76 kB │ gzip:   1.55 kB
dist/assets/GuestGenerateModal-BSywbAUb.js                                3.85 kB │ gzip:   1.57 kB
dist/assets/LatestModels-D3zWedzE.js                                      3.99 kB │ gzip:   1.70 kB
dist/assets/SupportContact-BGT6QXdN.js                                    4.25 kB │ gzip:   1.45 kB
dist/assets/project-DKsp63Pn.js                                           4.38 kB │ gzip:   1.35 kB
dist/assets/behind-the-scenes-beginners-guide-4AZtYg9S.js                 4.44 kB │ gzip:   1.92 kB
dist/assets/ProductPhotographyMistakesEcommerce-CWtQQfqk.js               4.64 kB │ gzip:   1.70 kB
dist/assets/30-days-series-cliffhangers-BiqKAL4i.js                       4.70 kB │ gzip:   2.05 kB
dist/assets/behind-the-scenes-tier-list-BlSdbQKu.js                       4.82 kB │ gzip:   2.07 kB
dist/assets/30-days-quality-tiers-DxUh-h0N.js                             4.90 kB │ gzip:   2.06 kB
dist/assets/SupportPolicyArticle-Bt_NBUfJ.js                              4.93 kB │ gzip:   2.15 kB
dist/assets/behind-the-scenes-time-DvbGVwqI.js                            4.95 kB │ gzip:   2.08 kB
dist/assets/30-days-scene-continuity-BJg6hrLv.js                          4.97 kB │ gzip:   2.18 kB
dist/assets/30-days-time-BoRkYYKx.js                                      4.97 kB │ gzip:   2.18 kB
dist/assets/ITestViralAIPrompts-BagGQ8n1.js                               5.00 kB │ gzip:   1.97 kB
dist/assets/30-days-series-world-bible-explained-CR-TYm35.js              5.03 kB │ gzip:   2.18 kB
dist/assets/image-gen-test-CMiYcbBd.js                                    5.03 kB │ gzip:   1.54 kB
dist/assets/ScrollStoppingImagesNoDesign-CEXgY4Qx.js                      5.05 kB │ gzip:   1.83 kB
dist/assets/30-days-series-dashboard-tour-B-NgTsed.js                     5.07 kB │ gzip:   2.19 kB
dist/assets/ai-visual-styles-most-engagement-KPXk_pad.js                  5.09 kB │ gzip:   1.67 kB
dist/assets/30-days-series-days-per-episode-FRUvt8Og.js                   5.10 kB │ gzip:   2.14 kB
dist/assets/WhatsHot-Bzo8omo6.js                                          5.14 kB │ gzip:   1.96 kB
dist/assets/what-is-30-days-series-mode-B_ETjUKi.js                       5.17 kB │ gzip:   2.21 kB
dist/assets/IsAIImageGenerationWorthItForCreators-BfJ2AcAN.js             5.17 kB │ gzip:   1.77 kB
dist/assets/footballer-nationality-swap-tips-Bs7lDPVs.js                  5.20 kB │ gzip:   2.25 kB
dist/assets/how-often-should-you-post-4urx07wK.js                         5.24 kB │ gzip:   2.13 kB
dist/assets/ShopifyProductPhotoBestPractices-Cvpa_OcI.js                  5.26 kB │ gzip:   1.90 kB
dist/assets/minecraft-style-ai-images-BXDL9O_n.js                         5.26 kB │ gzip:   2.10 kB
dist/assets/clay-rescue-series-C_vGYYSQ.js                                5.29 kB │ gzip:   2.07 kB
dist/assets/micro-camera-animal-series-eIopxD0r.js                        5.31 kB │ gzip:   2.06 kB
dist/assets/30-days-character-consistency-BWEhu3O8.js                     5.32 kB │ gzip:   2.30 kB
dist/assets/clay-rescue-vs-micro-camera-animal-oFSU4RmS.js                5.34 kB │ gzip:   2.02 kB
dist/assets/cartoon-drive-by-series-B8tQbo4h.js                           5.37 kB │ gzip:   2.05 kB
dist/assets/30-days-universe-ideas-tDoK-bet.js                            5.37 kB │ gzip:   2.30 kB
dist/assets/30-days-voiceover-sync-BKXL4k7c.js                            5.39 kB │ gzip:   2.35 kB
dist/assets/hidden-ai-image-styles-BOQxW_mp.js                            5.42 kB │ gzip:   2.19 kB
dist/assets/30-days-camera-mode-NIdGdXwH.js                               5.45 kB │ gzip:   2.33 kB
dist/assets/30-days-video-series-C0ZcJNBG.js                              5.45 kB │ gzip:   2.19 kB
dist/assets/CreatorsBlowingUpWithAI-Dx82ItdV.js                           5.46 kB │ gzip:   1.68 kB
dist/assets/footballer-nationality-swap-series-Kqxoxmaw.js                5.47 kB │ gzip:   2.09 kB
dist/assets/instagram-reels-algorithm-explained-CZXun4KL.js               5.50 kB │ gzip:   2.23 kB
dist/assets/faceless-youtube-channel-ideas-BVgPOh4m.js                    5.50 kB │ gzip:   2.24 kB
dist/assets/behind-the-scenes-is-it-real-ThB_ZF58.js                      5.50 kB │ gzip:   2.32 kB
dist/assets/cross-promote-zyvo-formats-Diq-64aV.js                        5.53 kB │ gzip:   2.28 kB
dist/assets/disney-vs-ghibli-ai-images-DyOSkwND.js                        5.54 kB │ gzip:   2.12 kB
dist/assets/TopAIImageStylesThatGoViralOnSocialMedia-DSikvlLC.js          5.56 kB │ gzip:   1.86 kB
dist/assets/is-30-days-worth-it-D9B6G3QG.js                               5.57 kB │ gzip:   2.27 kB
dist/assets/noir-vs-cyberpunk-ai-images-B7TVa0sg.js                       5.58 kB │ gzip:   2.15 kB
dist/assets/repurpose-one-video-ten-pieces-C_Z4SQpA.js                    5.61 kB │ gzip:   2.26 kB
dist/assets/ai-dark-moody-cinematic-images-N2SvVb_d.js                    5.64 kB │ gzip:   1.85 kB
dist/assets/how-to-create-luxury-ai-images-B92yH9F6.js                    5.65 kB │ gzip:   1.86 kB
dist/assets/multi-format-weekly-calendar-CY5QyrKG.js                      5.72 kB │ gzip:   2.32 kB
dist/assets/behind-the-scenes-vs-clay-rescue-C5tMEkVH.js                  5.74 kB │ gzip:   2.19 kB
dist/assets/why3daiimagesperform-Dwhv7ZSM.js                              5.76 kB │ gzip:   1.90 kB
dist/assets/HowAIImageGeneratorsWork-s56Y288d.js                          5.79 kB │ gzip:   1.99 kB
dist/assets/Forshopifystores-CAfyDIWC.js                                  5.81 kB │ gzip:   1.95 kB
dist/assets/whichaiimagestyleworksbest-BaC6as3G.js                        5.81 kB │ gzip:   1.97 kB
dist/assets/what-is-30-days-ai-trend-BIUaqc66.js                          5.83 kB │ gzip:   2.38 kB
dist/assets/HowtoCreateMinimalistImagesUsingAI-IJfNLLDt.js                5.83 kB │ gzip:   1.89 kB
dist/assets/ai-product-photography-high-end-BcIf6wZC.js                   5.84 kB │ gzip:   1.89 kB
dist/assets/how-to-spot-viral-ai-trend-dLMfGS4-.js                        5.90 kB │ gzip:   2.55 kB
dist/assets/ViralAiImagesTikTok-CB1wks3e.js                               5.90 kB │ gzip:   2.02 kB
dist/assets/HowtoCreateMovieStyleVisuals-DJFYCV0R.js                      5.93 kB │ gzip:   1.96 kB
dist/assets/HowtoGenerateAestheticImagesWithAI-BgaiX94i.js                5.94 kB │ gzip:   1.95 kB
dist/assets/30-days-series-vs-single-video-DoxjV5d9.js                    5.95 kB │ gzip:   2.23 kB
dist/assets/skeleton-xray-ai-trend-H0GI3Qbd.js                            5.96 kB │ gzip:   2.30 kB
dist/assets/content-slump-recovery-4ha-N5tY.js                            5.96 kB │ gzip:   2.46 kB
dist/assets/ai-image-generator-examples-9LGQ82_e.js                       5.99 kB │ gzip:   2.34 kB
dist/assets/imperfect-ai-videos-winning-D1bDD5vC.js                       6.00 kB │ gzip:   2.57 kB
dist/assets/behind-the-scenes-camera-vantage-ByhDMDKj.js                  6.06 kB │ gzip:   2.44 kB
dist/assets/behind-the-scenes-series-4co0nOkr.js                          6.06 kB │ gzip:   2.46 kB
dist/assets/30-days-premise-formula-R-tB_Mbo.js                           6.12 kB │ gzip:   2.48 kB
dist/assets/JumpBackIn-BZK5RVoj.js                                        6.14 kB │ gzip:   2.38 kB
dist/assets/30-days-halloween-special-BmZGtrns.js                         6.15 kB │ gzip:   2.53 kB
dist/assets/popularstyles-ExVC6O-4.js                                     6.21 kB │ gzip:   2.20 kB
dist/assets/AIImageStylesEveryoneObsessedWith-DBt9Sp86.js                 6.25 kB │ gzip:   2.12 kB
dist/assets/face-asmr-privacy-h6pMUEAI.js                                 6.29 kB │ gzip:   2.36 kB
dist/assets/whats-hot-right-now-ai-trends-BEB1Aqtc.js                     6.32 kB │ gzip:   2.68 kB
dist/assets/footballer-nationality-swap-mistakes-DJ_mR_Rv.js              6.35 kB │ gzip:   2.50 kB
dist/assets/behind-the-scenes-halloween-DCjvaN6c.js                       6.38 kB │ gzip:   2.54 kB
dist/assets/ai-fruit-story-finale-ideas-Bp4NhiCg.js                       6.41 kB │ gzip:   2.53 kB
dist/assets/micro-camera-animal-video-ideas-Dc1TBCjw.js                   6.42 kB │ gzip:   2.45 kB
dist/assets/ai-fruit-story-halloween-BlDMFRHK.js                          6.42 kB │ gzip:   2.53 kB
dist/assets/tiktok-algorithm-explained-DM0NueE_.js                        6.44 kB │ gzip:   2.48 kB
dist/assets/fruit-story-vs-footballer-nationality-swap-DE5JXs35.js        6.44 kB │ gzip:   2.46 kB
dist/assets/ConnectionsLanding-CArZINHV.js                                6.49 kB │ gzip:   2.39 kB
dist/assets/zyvo-content-workflow-BpL3sW_f.js                             6.50 kB │ gzip:   2.65 kB
dist/assets/footballer-nationality-swap-time-qizPlUDX.js                  6.50 kB │ gzip:   2.43 kB
dist/assets/ai-fruit-story-group-chat-DF0yRqRX.js                         6.53 kB │ gzip:   2.59 kB
dist/assets/every-zyvo-video-format-compared-gpxV7AnX.js                  6.53 kB │ gzip:   2.51 kB
dist/assets/face-asmr-mistakes-ITGJa8TS.js                                6.53 kB │ gzip:   2.55 kB
dist/assets/behind-the-scenes-vs-micro-camera-animal-B_xubXjA.js          6.55 kB │ gzip:   2.35 kB
dist/assets/StatsLanding-D4wTt0pJ.js                                      6.55 kB │ gzip:   2.57 kB
dist/assets/ai-fruit-story-character-names-DIWaNZGf.js                    6.57 kB │ gzip:   2.54 kB
dist/assets/behind-the-scenes-how-its-made-d2ALykjj.js                    6.58 kB │ gzip:   2.68 kB
dist/assets/AIImageGeneratorForContentCreators-DqtXjp0s.js                6.65 kB │ gzip:   1.95 kB
dist/assets/what-is-zyvo-publish-Bkvyv3D1.js                              6.68 kB │ gzip:   2.42 kB
dist/assets/TopAIImageGeneratorFeaturesThatMatter-CfHvQnYU.js             6.72 kB │ gzip:   2.25 kB
dist/assets/what-is-zyvo-connections-BOe_c3su.js                          6.72 kB │ gzip:   2.31 kB
dist/assets/TheSecretPromptsBehindViralAIImages-DHuFmGOP.js               6.72 kB │ gzip:   2.12 kB
dist/assets/HowToLaunchProductsFasyerWithAi-BiqCeXcj.js                   6.73 kB │ gzip:   2.42 kB
dist/assets/ConvertingProductImagesForShopify-CA8Y9Zm6.js                 6.77 kB │ gzip:   2.41 kB
dist/assets/30-days-mistakes-MgHHQNM1.js                                  6.77 kB │ gzip:   2.81 kB
dist/assets/how-to-make-money-ai-content-CyYCFzyr.js                      6.79 kB │ gzip:   2.66 kB
dist/assets/what-is-face-asmr-CszRF2H_.js                                 6.81 kB │ gzip:   2.55 kB
dist/assets/HowVisualBrandingImpactsOnlineSales---3xWT8a.js               6.81 kB │ gzip:   2.02 kB
dist/assets/BestAiToolsEcommerce-cIwIclr_.js                              6.83 kB │ gzip:   2.30 kB
dist/assets/footer-Dr7msuD3.js                                            6.83 kB │ gzip:   1.13 kB
dist/assets/AIBackgroundRemovalForProductPhotos-wZhOPbdX.js               6.84 kB │ gzip:   1.98 kB
dist/assets/cartoon-drive-by-mistakes-C5JX6TBx.js                         6.84 kB │ gzip:   2.66 kB
dist/assets/ScaleEcommerceContent-DON-bcdg.js                             6.85 kB │ gzip:   2.31 kB
dist/assets/behind-the-scenes-extended-modules-24h89r3K.js                6.86 kB │ gzip:   2.74 kB
dist/assets/vertical-video-formats-guide-yDV30D7B.js                      6.87 kB │ gzip:   2.49 kB
dist/assets/LatestTrends-DQLIMo66.js                                      6.87 kB │ gzip:   2.64 kB
dist/assets/ai-fruit-story-vs-2am-worlds-1JNHxENq.js                      6.90 kB │ gzip:   2.51 kB
dist/assets/30-days-vs-ai-fruit-story-BUnSxGTg.js                         6.90 kB │ gzip:   2.48 kB
dist/assets/ai-fruit-story-drama-tier-list-CEjCHjIB.js                    6.91 kB │ gzip:   2.95 kB
dist/assets/ai-fruit-story-examples-6P6gqy77.js                           6.94 kB │ gzip:   2.86 kB
dist/assets/what-is-zyvo-stats-CXeOXMJG.js                                6.99 kB │ gzip:   2.50 kB
dist/assets/how-to-get-started-with-zyvo-BtVNTMf_.js                      7.01 kB │ gzip:   2.64 kB
dist/assets/behind-the-scenes-mistakes-Bhymkceh.js                        7.01 kB │ gzip:   2.97 kB
dist/assets/Ai-Tools-Every-Shopify-Store-Owner-Know-CmbV4VN2.js           7.02 kB │ gzip:   2.49 kB
dist/assets/ProductImagesThatConvertGuide-dD2gdAd0.js                     7.08 kB │ gzip:   2.42 kB
dist/assets/best-ai-video-generators-tiktok-CH-1ajwq.js                   7.11 kB │ gzip:   2.60 kB
dist/assets/WhyAIImagesOutperformRealPhotos-CLkKl-qT.js                   7.11 kB │ gzip:   2.27 kB
dist/assets/clay-rescue-video-ideas-nR4xNStn.js                           7.12 kB │ gzip:   2.79 kB
dist/assets/is-zyvo-free-By4ppV3i.js                                      7.14 kB │ gzip:   2.62 kB
dist/assets/behind-the-scenes-video-ideas-B5qlEQbR.js                     7.15 kB │ gzip:   2.76 kB
dist/assets/is-ai-content-worth-it-CxvR0e2V.js                            7.15 kB │ gzip:   2.63 kB
dist/assets/ai-fruit-story-duets-stitches-DFMfZ-e5.js                     7.16 kB │ gzip:   2.80 kB
dist/assets/micro-camera-animal-mistakes-w7k7BgUU.js                      7.19 kB │ gzip:   2.83 kB
dist/assets/ai-fruit-story-time-DA1JcZv3.js                               7.24 kB │ gzip:   2.54 kB
dist/assets/AIProductPhotoForSmallBusiness-CUBLYhas.js                    7.26 kB │ gzip:   2.50 kB
dist/assets/behind-the-scenes-disaster-types-BMaPhCiu.js                  7.27 kB │ gzip:   3.00 kB
dist/assets/cartoon-drive-by-explained-KTbHMyFY.js                        7.31 kB │ gzip:   2.84 kB
dist/assets/ai-fruit-story-cliffhangers--rdX-Grz.js                       7.32 kB │ gzip:   2.89 kB
dist/assets/zyvo-template-comparison-C1WMAjAp.js                          7.36 kB │ gzip:   2.76 kB
dist/assets/footballer-nationality-swap-ideas-BrhaOUA4.js                 7.38 kB │ gzip:   2.78 kB
dist/assets/best-free-ai-tools-creators-C6f602_D.js                       7.38 kB │ gzip:   2.74 kB
dist/assets/TurnAnyIdeaIntoViralImage-veobm9M9.js                         7.40 kB │ gzip:   2.44 kB
dist/assets/ai-image-generator-mistakes-CiaGRMh9.js                       7.41 kB │ gzip:   2.98 kB
dist/assets/creations-DWgd98GZ.js                                         7.42 kB │ gzip:   2.64 kB
dist/assets/AIImageGeneratorBeginnersGuide2026-D0cTispY.js                7.42 kB │ gzip:   2.41 kB
dist/assets/which-zyvo-template-DmD31c-f.js                               7.48 kB │ gzip:   2.97 kB
dist/assets/HowVisualQualityImpactsSeo-Co1Yf7T4.js                        7.50 kB │ gzip:   2.70 kB
dist/assets/ai-fruit-story-pricing-Ckpp57C0.js                            7.51 kB │ gzip:   2.75 kB
dist/assets/ai-content-hooks-captions-that-go-viral-BBQdULVx.js           7.52 kB │ gzip:   2.92 kB
dist/assets/HowBetterImagesReduceBounceRate-D6c4ZQdi.js                   7.56 kB │ gzip:   2.69 kB
dist/assets/WhyYourPostsDontGoViral-JFaNM731.js                           7.57 kB │ gzip:   2.38 kB
dist/assets/footballer-nationality-swap-explained-B3tHjFJw.js             7.57 kB │ gzip:   2.86 kB
dist/assets/ai-fruit-story-series-universe-DjG6aCx2.js                    7.59 kB │ gzip:   2.92 kB
dist/assets/ImageGeneratorLanding-EQ2zXdus.js                             7.61 kB │ gzip:   2.53 kB
dist/assets/GenerateHighQualityImagesWithAI-C9NQYqAV.js                   7.63 kB │ gzip:   2.27 kB
dist/assets/ai-fruit-story-best-lines-B8t0FI12.js                         7.66 kB │ gzip:   3.20 kB
dist/assets/StudioQualityProductPhotos-D0TLBdvL.js                        7.67 kB │ gzip:   2.48 kB
dist/assets/AIImageGeneratorVsTraditionalDesign-0QecYe2A.js               7.67 kB │ gzip:   2.27 kB
dist/assets/ai-fruit-story-couples-CiYvxyAm.js                            7.69 kB │ gzip:   3.07 kB
dist/assets/BestAIImageGeneratorForSocialMedia-BnisKhDD.js                7.70 kB │ gzip:   2.33 kB
dist/assets/behind-the-scenes-trend-explained-CAhBYHwo.js                 7.73 kB │ gzip:   2.92 kB
dist/assets/ReferenceImageModal-C6SEEubO.js                               7.74 kB │ gzip:   2.77 kB
dist/assets/clay-rescue-mistakes-XCrHJD8x.js                              7.76 kB │ gzip:   3.04 kB
dist/assets/best-time-to-post-ai-content-Cj_8VlE-.js                      7.77 kB │ gzip:   3.09 kB
dist/assets/AiProductPhotosForDropshipping-CBrm9wUz.js                    7.77 kB │ gzip:   2.65 kB
dist/assets/ai-fruit-story-vs-traditional-animation-DXHfdjpX.js           7.88 kB │ gzip:   2.97 kB
dist/assets/ai-image-generator-prompt-formula-Cbm9H50g.js                 7.92 kB │ gzip:   2.89 kB
dist/assets/GenerateImagesForAdsUsingAI-BeZD8B4E.js                       7.92 kB │ gzip:   2.43 kB
dist/assets/ai-fruit-story-craziest-generation-B3pxs--u.js                7.95 kB │ gzip:   3.13 kB
dist/assets/zyvo-vs-other-ai-tools-C4qh8Iz6.js                            7.99 kB │ gzip:   2.87 kB
dist/assets/what-is-micro-camera-animal-CYQJsQko.js                       8.00 kB │ gzip:   2.86 kB
dist/assets/cartoon-drive-by-vs-2am-worlds-J5gAJuD2.js                    8.05 kB │ gzip:   2.80 kB
dist/assets/CreateProfessionalImagesWithAI-PGtDYzct.js                    8.06 kB │ gzip:   2.54 kB
dist/assets/ai-fruit-story-mistakes-CVxjnVS4.js                           8.08 kB │ gzip:   3.28 kB
dist/assets/HowImproveEcommerceVisualTrust-CRPX7Mt7.js                    8.09 kB │ gzip:   2.62 kB
dist/assets/BlogIndex-CpLp6JiL.js                                         8.14 kB │ gzip:   2.81 kB
dist/assets/ai-fruit-story-fan-theories-C1QjENrQ.js                       8.24 kB │ gzip:   3.35 kB
dist/assets/cartoon-drive-by-video-ideas-DkiFCiOo.js                      8.25 kB │ gzip:   3.15 kB
dist/assets/EcommerceVisualConsistencyExplained-B05BL2ha.js               8.36 kB │ gzip:   2.83 kB
dist/assets/AIroductIncreaseRates-BlONsQYz.js                             8.47 kB │ gzip:   2.75 kB
dist/assets/CartoonDriveByLanding-C7pGwr6a.js                             8.58 kB │ gzip:   2.87 kB
dist/assets/ai-vs-traditional-product-photography-CXGuzgIR.js             8.60 kB │ gzip:   2.59 kB
dist/assets/what-is-clay-rescue-CN8aN4JJ.js                               8.62 kB │ gzip:   3.02 kB
dist/assets/FaceAsmrPaywall-aSbak613.js                                   8.63 kB │ gzip:   2.96 kB
dist/assets/ai-fruit-story-unhinged-plots-1s6dm7Av.js                     8.76 kB │ gzip:   3.58 kB
dist/assets/HowToWriteAViralScript-CdLrb2qK.js                            9.00 kB │ gzip:   3.39 kB
dist/assets/what-is-ai-fruit-story-ktB3IuyD.js                            9.07 kB │ gzip:   3.45 kB
dist/assets/WhyCleanProductPhotosBuildTrust-BteJ1VqS.js                   9.14 kB │ gzip:   2.85 kB
dist/assets/what-is-zyvo-Cvtp64Bl.js                                      9.14 kB │ gzip:   3.49 kB
dist/assets/one-click-publishing-playbook-COadFGlM.js                     9.28 kB │ gzip:   3.53 kB
dist/assets/FootballerNationalitySwapLanding-Cr3ao_dv.js                  9.30 kB │ gzip:   3.11 kB
dist/assets/HowVisualBrandingSeparatesWinnersFromLosers-BGMkCleg.js       9.36 kB │ gzip:   2.93 kB
dist/assets/AIProductPhotosForFashionStores-8HHdwmDD.js                   9.40 kB │ gzip:   2.84 kB
dist/assets/AIProductPhotosForBeautyAndSkincare-CfSSo_Io.js               9.47 kB │ gzip:   2.87 kB
dist/assets/WhyProductPhotosMatter-DptXF8s5.js                            9.48 kB │ gzip:   2.58 kB
dist/assets/clay-rescue-ai-video-maker-DCzAhuzL.js                        9.48 kB │ gzip:   3.36 kB
dist/assets/ai-fruit-story-quiz-o1gQFFxe.js                               9.61 kB │ gzip:   3.85 kB
dist/assets/ai-fruit-story-instagram-youtube-shorts-hLZPfA6F.js           9.78 kB │ gzip:   3.37 kB
dist/assets/AIImageTrendsYouNeedToJumpOn-CZzZabro.js                      9.90 kB │ gzip:   2.85 kB
dist/assets/HowAIHelpsEcommerceBrandsScaleFaster-Csh1lcp5.js             10.05 kB │ gzip:   2.97 kB
dist/assets/ai-fruit-story-talking-dialogue-tips-D6gEAh6i.js             10.07 kB │ gzip:   3.70 kB
dist/assets/why-giant-hand-rescue-videos-go-viral-Uv3OpibT.js            10.10 kB │ gzip:   3.46 kB
dist/assets/ai-fruit-story-plot-twists-CgVHxym3.js                       10.12 kB │ gzip:   3.86 kB
dist/assets/ProductPhotographyTrendsForEcommerce-C57eAFSV.js             10.13 kB │ gzip:   2.98 kB
dist/assets/BestAiProductBgToUse-Cy0aghxp.js                             10.15 kB │ gzip:   2.90 kB
dist/assets/ai-fruit-story-prompt-formula-o4reZxYW.js                    10.99 kB │ gzip:   3.88 kB
dist/assets/viral-ai-fruit-drama-videos-CqxehraS.js                      11.15 kB │ gzip:   4.19 kB
dist/assets/viral-face-asmr-videos-CbTB1yMS.js                           11.83 kB │ gzip:   4.36 kB
dist/assets/story-DgZhrqId.js                                            11.87 kB │ gzip:   3.86 kB
dist/assets/schedule-auto-publish-ai-videos-Jc6yIu9T.js                  12.00 kB │ gzip:   4.08 kB
dist/assets/ViralScriptStyles-70UsS1-A.js                                12.10 kB │ gzip:   4.25 kB
dist/assets/VisualOptimizationForMobileEcommerce-Cdyf9gGr.js             12.35 kB │ gzip:   3.71 kB
dist/assets/HelpCenter-x1swU-El.js                                       12.41 kB │ gzip:   4.55 kB
dist/assets/ai-video-generator-tiktok-reels-BTBNRU59.js                  12.68 kB │ gzip:   4.32 kB
dist/assets/face-asmr-maker-csbyQdzL.js                                  12.87 kB │ gzip:   4.58 kB
dist/assets/how-to-make-viral-ai-tiktok-videos-BleDd26a.js               13.18 kB │ gzip:   4.45 kB
dist/assets/best-ai-tools-faceless-tiktok-videos-CyuW8zkl.js             13.22 kB │ gzip:   4.50 kB
dist/assets/SeoLandingPage-CGJa2n33.js                                   13.28 kB │ gzip:   4.34 kB
dist/assets/analytics-growth-square-DsoOs6oX.js                          13.42 kB │ gzip:   3.59 kB
dist/assets/BehindTheScenesLanding-C7uOL7NO.js                           13.56 kB │ gzip:   4.32 kB
dist/assets/how-to-start-asmr-channel-with-ai-kMMQYnUr.js                13.57 kB │ gzip:   4.91 kB
dist/assets/ClayRescueLanding-D0e4PxuR.js                                13.71 kB │ gzip:   4.36 kB
dist/assets/best-face-asmr-video-ideas-2026-BX-qWhSC.js                  13.71 kB │ gzip:   4.74 kB
dist/assets/how-to-go-viral-tiktok-fruit-drama-hSR2yRrp.js               13.81 kB │ gzip:   4.76 kB
dist/assets/free-viral-ai-tool-tvTUOXyH.js                               14.32 kB │ gzip:   4.62 kB
dist/assets/ThirtyDaysSeriesLanding-DouU1vq-.js                          14.32 kB │ gzip:   4.28 kB
dist/assets/free-ai-image-generator-2IHbNQM4.js                          14.34 kB │ gzip:   4.07 kB
dist/assets/research-DKHXJSrr.js                                         14.69 kB │ gzip:   4.60 kB
dist/assets/ThirtyDaysLanding-DmjsUzls.js                                14.79 kB │ gzip:   4.72 kB
dist/assets/ai-fruit-story-character-ideas-Ba8dcS9P.js                   14.82 kB │ gzip:   5.13 kB
dist/assets/asmr-video-ideas-tiktok-2026-xjDTbLQU.js                     15.00 kB │ gzip:   5.51 kB
dist/assets/how-to-create-viral-ai-videos-DGeqXCRi.js                    15.01 kB │ gzip:   5.10 kB
dist/assets/viral-animal-bodycam-videos-BEeoQZh2.js                      15.21 kB │ gzip:   5.08 kB
dist/assets/micro-camera-animal-maker-DNoYAQ3U.js                        15.66 kB │ gzip:   5.14 kB
dist/assets/shared-DkRLsPxG.js                                           15.75 kB │ gzip:   5.34 kB
dist/assets/script-Op82Ftwj.js                                           15.87 kB │ gzip:   4.70 kB
dist/assets/HowToGoViralWithAI-_MqwarDp.js                               15.91 kB │ gzip:   4.64 kB
dist/assets/TextToVoice-9b2ZhfVc.js                                      16.05 kB │ gzip:   4.76 kB
dist/assets/AIVideoNewViralCurrency-cBobDo4C.js                          16.55 kB │ gzip:   5.10 kB
dist/assets/connections-19vJpDCM.js                                      16.83 kB │ gzip:   4.27 kB
dist/assets/GenerationExperience-BPeGwuIL.js                             16.87 kB │ gzip:   4.99 kB
dist/assets/MicroCameraAnimalLanding-CFD0xyFc.js                         17.59 kB │ gzip:   5.33 kB
dist/assets/FaceAsmrLanding-C3NbGgiB.js                                  17.93 kB │ gzip:   5.43 kB
dist/assets/best-ai-fruit-story-ideas-JnDgJjGq.js                        18.33 kB │ gzip:   6.77 kB
dist/assets/look-CkpHQGmZ.js                                             19.21 kB │ gzip:   5.97 kB
dist/assets/AIProductPhotoGenerator-BD44FlrK.js                          20.40 kB │ gzip:   6.33 kB
dist/assets/how-to-write-a-viral-script-hZZm7UMp.js                      20.44 kB │ gzip:   6.50 kB
dist/assets/home-xFFYiliz.js                                             20.50 kB │ gzip:   6.86 kB
dist/assets/ai-script-generator-viral-videos-BHn9rO4i.js                 21.30 kB │ gzip:   6.43 kB
dist/assets/AIFruitStoryLanding-1J8eDf63.js                              21.61 kB │ gzip:   6.24 kB
dist/assets/WorkspaceSettings-CtZ3X7Ju.js                                21.82 kB │ gzip:   6.55 kB
dist/assets/promptHandoff-CGeFKHyY.js                                    21.95 kB │ gzip:   5.33 kB
dist/assets/new-C-npMqR2.js                                              22.67 kB │ gzip:   6.54 kB
dist/assets/LipSync-BlExT0-o.js                                          24.86 kB │ gzip:   6.73 kB
dist/assets/ZyvoVsMidjourneyProductPhotos--MG1KPH-.js                    26.47 kB │ gzip:   7.07 kB
dist/assets/ai-content-creation-tools-instagram-viral-DDsQuYKV.js        28.76 kB │ gzip:   8.27 kB
dist/assets/ViralScore-Peb6PQhw.js                                       30.32 kB │ gzip:   8.97 kB
dist/assets/CreatorGrowthGuide-Bww0Pssl.js                               31.70 kB │ gzip:  10.76 kB
dist/assets/best-ai-image-generators-social-media-2026-C8jlShQQ.js       35.85 kB │ gzip:   9.54 kB
dist/assets/visualWorld-DbWmHWlt.js                                      37.46 kB │ gzip:  13.15 kB
dist/assets/CartoonDriveBy-BOvAW2Xa.js                                   38.15 kB │ gzip:  12.41 kB
dist/assets/Pricing-Bprrl0Z5.js                                          39.62 kB │ gzip:  10.19 kB
dist/assets/layout-rf645Uin.js                                           41.18 kB │ gzip:  11.53 kB
dist/assets/PublishLanding-CntZJmIq.js                                   41.41 kB │ gzip:  11.33 kB
dist/assets/stats-BueNIuKU.js                                            42.67 kB │ gzip:  11.67 kB
dist/assets/FaceAsmr-CU3mP7Zq.js                                         50.75 kB │ gzip:  15.52 kB
dist/assets/video-generator-CNjYylEt.js                                  55.22 kB │ gzip:  15.97 kB
dist/assets/TwoAm-CpuNqKkH.js                                            62.88 kB │ gzip:  19.28 kB
dist/assets/FootballerNationalitySwap-EgfYSt2r.js                        67.44 kB │ gzip:  20.31 kB
dist/assets/index-hiMdc5k-.js                                            67.80 kB │ gzip:  23.00 kB
dist/assets/ScriptBuilder-H6m52p8W.js                                    71.38 kB │ gzip:  18.90 kB
dist/assets/Image-DPmqZQs5.js                                            81.16 kB │ gzip:  22.86 kB
dist/assets/MicroCameraAnimal-CJRcw7X8.js                                81.36 kB │ gzip:  19.10 kB
dist/assets/publish-Ce5jbUbg.js                                          84.41 kB │ gzip:  21.16 kB
dist/assets/LongFormSelect-CXda-4ZS.js                                   97.17 kB │ gzip:  34.06 kB
dist/assets/ClayRescue-Btau-wpg.js                                       98.98 kB │ gzip:  30.42 kB
dist/assets/ArticleCard-DiyARM1R.js                                     123.68 kB │ gzip:  23.76 kB
dist/assets/BehindTheScenes-fks-Y66f.js                                 139.61 kB │ gzip:  37.18 kB
dist/assets/ThirtyDays-BSOmZrqZ.js                                      166.59 kB │ gzip:  46.44 kB
dist/assets/TwoAmBlogGuide-zZZysIdq.js                                  193.35 kB │ gzip:  53.30 kB
dist/assets/AICookingMatic-Bmow1pT1.js                                  207.93 kB │ gzip:  60.74 kB
dist/assets/index-CAz7YXcp.js                                         1,057.92 kB │ gzip: 311.53 kB

(!) Some chunks are larger than 500 kB after minification. Consider:
- Using dynamic import() to code-split the application
- Use build.rollupOptions.output.manualChunks to improve chunking: https://rollupjs.org/configuration-options/#output-manualchunks
- Adjust chunk size limit for this warning via build.chunkSizeWarningLimit.
✓ built in 23.43s
