vite v7.2.4 building client environment for production...
[baseline-browser-mapping] The data in this module is over two months old.  To ensure accurate Baseline data, please update: `npm i baseline-browser-mapping@latest -D`
transforming...
Browserslist: browsers data (caniuse-lite) is 10 months old. Please run:
  npx update-browserslist-db@latest
  Why you should do it regularly: https://github.com/browserslist/update-db#readme
✓ 3420 modules transformed.
rendering chunks...
[plugin vite:reporter] 
(!) C:/Users/Public/Zylo/src/lib/supabaseClient.ts is dynamically imported by C:/Users/Public/Zylo/src/lib/downloadMedia.ts but also statically imported by C:/Users/Public/Zylo/src/App.jsx, C:/Users/Public/Zylo/src/app/blog/BlogIndex.jsx, C:/Users/Public/Zylo/src/components/AuthModal.jsx, C:/Users/Public/Zylo/src/components/EmailConsentModal.jsx, C:/Users/Public/Zylo/src/components/GenerationsDock.jsx, C:/Users/Public/Zylo/src/components/ImageGenerator/Generate.jsx, C:/Users/Public/Zylo/src/components/ScriptBuilder/ScriptFeedback.jsx, C:/Users/Public/Zylo/src/components/ScriptBuilder/ScriptStylePicker.jsx, C:/Users/Public/Zylo/src/components/VideoGenerator/Generate.jsx, C:/Users/Public/Zylo/src/components/WelcomeScreen.jsx, C:/Users/Public/Zylo/src/components/billing/CancelFeedbackModal.jsx, C:/Users/Public/Zylo/src/components/creations/library.jsx, C:/Users/Public/Zylo/src/components/publish/ConnectAccountsModal.jsx, C:/Users/Public/Zylo/src/components/publish/PostModal.jsx, C:/Users/Public/Zylo/src/components/reference-images/ReferenceImageModal.jsx, C:/Users/Public/Zylo/src/components/seo/SeoGeneratorHero.jsx, C:/Users/Public/Zylo/src/components/stats/InstagramStats.jsx, C:/Users/Public/Zylo/src/components/viral-tools/ai-cooking-matic/WorkflowSteps.jsx, C:/Users/Public/Zylo/src/components/viral-tools/ai-cooking-matic/api/cookingMaticApi.js, C:/Users/Public/Zylo/src/components/viral-tools/ai-fruit-story/AIFruitStoryResults.jsx, C:/Users/Public/Zylo/src/components/viral-tools/ai-fruit-story/FruitStoryPaywall.jsx, C:/Users/Public/Zylo/src/components/viral-tools/ai-fruit-story/api/fruitStoryApi.js, C:/Users/Public/Zylo/src/components/viral-tools/behind-the-scenes/api/behindTheScenesApi.js, C:/Users/Public/Zylo/src/components/viral-tools/cartoon-drive-by/api/cartoonDriveByApi.js, C:/Users/Public/Zylo/src/components/viral-tools/clay-rescue/api/clayRescueApi.js, C:/Users/Public/Zylo/src/components/viral-tools/clay-rescue/videoEditor/useClayRescueEditor.js, C:/Users/Public/Zylo/src/components/viral-tools/face-asmr/FaceAsmrPaywall.jsx, C:/Users/Public/Zylo/src/components/viral-tools/face-asmr/api/faceAsmrApi.js, C:/Users/Public/Zylo/src/components/viral-tools/footballer-nationality-swap/api/footballerNationalitySwapApi.js, C:/Users/Public/Zylo/src/components/viral-tools/footballer-nationality-swap/videoEditor/useFootballerStitchEditor.js, C:/Users/Public/Zylo/src/components/viral-tools/micro-camera-animal/api/microCameraAnimalApi.js, C:/Users/Public/Zylo/src/components/viral-tools/thirty-days/api/thirtyDaysApi.js, C:/Users/Public/Zylo/src/components/viral-tools/thirty-days/api/thirtyDaysSeriesApi.js, C:/Users/Public/Zylo/src/components/viral-tools/two-am/TwoAmPaywall.jsx, C:/Users/Public/Zylo/src/components/viral-tools/two-am/api/twoAmApi.js, C:/Users/Public/Zylo/src/components/workspace/JumpBackIn.jsx, C:/Users/Public/Zylo/src/components/workspace/toprow.jsx, C:/Users/Public/Zylo/src/context/AuthContext.jsx, C:/Users/Public/Zylo/src/hooks/useCredits.ts, C:/Users/Public/Zylo/src/hooks/useProfileCredits.js, C:/Users/Public/Zylo/src/lib/auth.js, C:/Users/Public/Zylo/src/lib/creations.js, C:/Users/Public/Zylo/src/lib/generateScript.js, C:/Users/Public/Zylo/src/lib/jobs.ts, C:/Users/Public/Zylo/src/lib/payments.ts, C:/Users/Public/Zylo/src/lib/referenceImages.ts, C:/Users/Public/Zylo/src/lib/storage.ts, C:/Users/Public/Zylo/src/pages/AuthCallback.jsx, C:/Users/Public/Zylo/src/pages/Pricing.jsx, C:/Users/Public/Zylo/src/pages/admin/FeedbackAnalytics.jsx, C:/Users/Public/Zylo/src/pages/auth/AuthCallback.jsx, C:/Users/Public/Zylo/src/pages/help/Feedback.jsx, C:/Users/Public/Zylo/src/pages/help/HelpCenter.tsx, C:/Users/Public/Zylo/src/pages/settings/Billing.jsx, C:/Users/Public/Zylo/src/pages/settings/WorkspaceSettings.jsx, C:/Users/Public/Zylo/src/pages/support/SupportContact.jsx, C:/Users/Public/Zylo/src/pages/tools/Forgot.jsx, C:/Users/Public/Zylo/src/pages/tools/Reset.jsx, C:/Users/Public/Zylo/src/pages/viral/Image.jsx, C:/Users/Public/Zylo/src/pages/viral/LipSync.jsx, C:/Users/Public/Zylo/src/pages/viral/ScriptBuilder.jsx, C:/Users/Public/Zylo/src/pages/viral/ViralScore.jsx, C:/Users/Public/Zylo/src/pages/viral/video-generator.jsx, C:/Users/Public/Zylo/src/pages/workspace/AICookingMatic.jsx, C:/Users/Public/Zylo/src/pages/workspace/AIFruitStory.jsx, C:/Users/Public/Zylo/src/pages/workspace/BehindTheScenes.jsx, C:/Users/Public/Zylo/src/pages/workspace/CartoonDriveBy.jsx, C:/Users/Public/Zylo/src/pages/workspace/ClayRescue.jsx, C:/Users/Public/Zylo/src/pages/workspace/FaceAsmr.jsx, C:/Users/Public/Zylo/src/pages/workspace/FootballerNationalitySwap.jsx, C:/Users/Public/Zylo/src/pages/workspace/MicroCameraAnimal.jsx, C:/Users/Public/Zylo/src/pages/workspace/ThirtyDays.jsx, C:/Users/Public/Zylo/src/pages/workspace/TwoAm.jsx, C:/Users/Public/Zylo/src/pages/workspace/connections.jsx, C:/Users/Public/Zylo/src/pages/workspace/earn/shared.jsx, C:/Users/Public/Zylo/src/pages/workspace/earn/useReferralLink.js, C:/Users/Public/Zylo/src/pages/workspace/layout.jsx, C:/Users/Public/Zylo/src/pages/workspace/long-form/discoverySession.js, C:/Users/Public/Zylo/src/pages/workspace/long-form/generate.jsx, C:/Users/Public/Zylo/src/pages/workspace/long-form/generateWorkspaceApi.js, C:/Users/Public/Zylo/src/pages/workspace/long-form/ideaEngine.js, C:/Users/Public/Zylo/src/pages/workspace/long-form/look.jsx, C:/Users/Public/Zylo/src/pages/workspace/long-form/previewJobs.js, C:/Users/Public/Zylo/src/pages/workspace/long-form/project.js, C:/Users/Public/Zylo/src/pages/workspace/long-form/research.js, C:/Users/Public/Zylo/src/pages/workspace/long-form/scenePricing.js, C:/Users/Public/Zylo/src/pages/workspace/long-form/script.js, C:/Users/Public/Zylo/src/pages/workspace/long-form/visualPlan.js, C:/Users/Public/Zylo/src/pages/workspace/long-form/visualWorld.js, C:/Users/Public/Zylo/src/pages/workspace/long-form/visualWorld.jsx, C:/Users/Public/Zylo/src/pages/workspace/publish.jsx, C:/Users/Public/Zylo/src/pages/workspace/stats.jsx, dynamic import will not move module into another chunk.

computing gzip size...
dist/index.html                                                           2.28 kB │ gzip:   1.08 kB
dist/assets/worker-BAOIWoxA.js                                            2.53 kB
dist/assets/credit-0DKaRW1O.png                                           5.12 kB
dist/assets/arrow-DWaLvdV9.png                                           37.79 kB
dist/assets/1-BRt5dMJM.png                                               41.49 kB
dist/assets/image9.16-fast-BS7o_TGN.webp                                 42.71 kB
dist/assets/headphone-B-DRsUyx.jpg                                      141.47 kB
dist/assets/candle-Rydilkje.jpg                                         226.89 kB
dist/assets/sneaker-COyq-aWw.jpg                                        291.60 kB
dist/assets/publish-landing-hero-wide-DNBq_GtD.png                      401.09 kB
dist/assets/one-video-three-platforms-vertical-b7Ygun4Z.png             403.97 kB
dist/assets/calendar-28-days-square-Df8en8vh.png                        409.71 kB
dist/assets/analytics-growth-square-ClfRxVKs.png                        414.93 kB
dist/assets/publish-calendar-phone-vertical-CRjFaUf5.png                422.54 kB
dist/assets/analytics-landing-hero-wide-B0oGigMz.png                    424.25 kB
dist/assets/content-pipeline-wide-B0aTitpS.png                          429.63 kB
dist/assets/publish-while-sleeping-vertical-C0vcgdSO.png                440.44 kB
dist/assets/content-growth-loop-vertical-GFrvJOmS.png                   445.01 kB
dist/assets/creator-command-center-vertical-xDMC5ONY.png                447.40 kB
dist/assets/ai-caption-generator-vertical-Db3gWBNC.png                  455.39 kB
dist/assets/publish-success-vertical-CkhYcfL7.png                       458.72 kB
dist/assets/batch-content-workflow-vertical-DJs2XhrG.png                460.90 kB
dist/assets/upload-once-square-VYhe9aid.png                             463.83 kB
dist/assets/multi-platform-distribution-wide-ZgvhhkXZ.png               468.88 kB
dist/assets/publish-hub-square-DJZ8NpCe.png                             473.45 kB
dist/assets/manual-vs-automated-wide-B-xmZpm8.png                       483.92 kB
dist/assets/automated-posting-queue-vertical-CX-C0lcq.png               497.79 kB
dist/assets/schedule-28-days-vertical-5tFzqGyX.png                      525.14 kB
dist/assets/Logo-BE3RH03d.png                                           532.63 kB
dist/assets/zylo-BoyFztBy.png                                           535.59 kB
dist/assets/1-BrF2__lQ.png                                              572.06 kB
dist/assets/1-DpvUJI1D.png                                              572.96 kB
dist/assets/video9.16-fast-C3k-YHF9.mp4                                 603.17 kB
dist/assets/20-D8Y6h34V.png                                             645.77 kB
dist/assets/18-CpBU3Kcc.png                                             910.82 kB
dist/assets/bgexample-BJxHif_j.png                                      933.53 kB
dist/assets/19-BxO29SmV.png                                           1,019.16 kB
dist/assets/before2-BujZv8E0.png                                      1,130.36 kB
dist/assets/before1-T2dSlVDn.png                                      1,175.53 kB
dist/assets/10-BO0Qz9wG.png                                           1,255.28 kB
dist/assets/4-vXspTVxT.png                                            1,292.72 kB
dist/assets/13-GnTR2jNr.png                                           1,388.05 kB
dist/assets/2-1pGsLOKS.png                                            1,394.61 kB
dist/assets/3-BwrJ_POp.png                                            1,423.29 kB
dist/assets/serum-BhOL1VV6.png                                        1,464.47 kB
dist/assets/22-BUx0XyYZ.png                                           1,539.83 kB
dist/assets/same-B2q6-hHR.png                                         1,548.76 kB
dist/assets/15-DZIrGg0P.png                                           1,556.60 kB
dist/assets/library-Cb5UBhuw.png                                      1,597.91 kB
dist/assets/7-0KB2sYuX.png                                            1,645.23 kB
dist/assets/6-BssmI_ff.png                                            1,657.02 kB
dist/assets/14-hjeAbaA1.png                                           1,659.07 kB
dist/assets/9-22AoI7eL.png                                            1,660.44 kB
dist/assets/simple-story-cartoon-CjijmL6t.png                         1,688.08 kB
dist/assets/11-Sz7SIkb4.png                                           1,690.75 kB
dist/assets/8-D14qMwsL.png                                            1,700.39 kB
dist/assets/24-BdKdqhfa.png                                           1,729.94 kB
dist/assets/23-BgQAIf8b.png                                           1,781.83 kB
dist/assets/example-pfFK6t-R.png                                      1,785.12 kB
dist/assets/beforeafter3-DguwTaPy.png                                 1,785.20 kB
dist/assets/videoo9.16-fast-CYm1ZrQW.mp4                              1,788.50 kB
dist/assets/12-WNoG5ary.png                                           1,789.37 kB
dist/assets/videooo9.16-fast--xXB_4jJ.mp4                             1,844.96 kB
dist/assets/16-CUI7dPa5.png                                           1,858.03 kB
dist/assets/example1-BaIyK4ld.png                                     1,859.13 kB
dist/assets/1-2XopdMBd.png                                            1,889.26 kB
dist/assets/5-CuFY0F0g.png                                            1,915.30 kB
dist/assets/25-BaRcyDQj.png                                           1,919.89 kB
dist/assets/example2-D2pPiRNG.png                                     1,953.77 kB
dist/assets/realcase-CMbpTAAI.png                                     1,969.24 kB
dist/assets/21-HnwfOSo0.png                                           2,023.39 kB
dist/assets/17-Cqw4r9QV.png                                           2,040.26 kB
dist/assets/meme-documentary-Dtm_fE2E.png                             2,067.21 kB
dist/assets/example3-C3y_bRVt.png                                     2,067.73 kB
dist/assets/beforeafter2-Dw_h7F0P.png                                 2,097.99 kB
dist/assets/classic-2d-documentary-Coly3e3Z.png                       2,100.85 kB
dist/assets/bright-modern-cartoon-hpihLBaa.png                        2,102.77 kB
dist/assets/best-DBZwuFvp.png                                         2,138.06 kB
dist/assets/bg-Cyxa6vZD.png                                           2,183.69 kB
dist/assets/26-Dv7v2qC-.png                                           2,209.89 kB
dist/assets/wrong-CY9ewft3.png                                        2,210.14 kB
dist/assets/good.2-DK2pfq_X.png                                       2,210.20 kB
dist/assets/bg2-jbn8Ik5_.png                                          2,215.47 kB
dist/assets/documentary-collage-D6eoHuya.png                          2,223.83 kB
dist/assets/illustrated-history-ClNj2O3o.png                          2,250.45 kB
dist/assets/good-B8DPgBRI.png                                         2,270.92 kB
dist/assets/UseCase-Dw9JunP4.png                                      2,292.70 kB
dist/assets/beforeafter-XPxZTG75.png                                  2,370.95 kB
dist/assets/example4-1HISiosj.png                                     2,374.64 kB
dist/assets/example5-BVYSHKLP.png                                     2,502.95 kB
dist/assets/village-BEgCl3HJ.png                                      3,147.86 kB
dist/assets/human3-JIUc3qAe.png                                       3,147.86 kB
dist/assets/nyc-yDNXbmq0.png                                          3,147.86 kB
dist/assets/dubai-svb9y0lO.png                                        3,147.86 kB
dist/assets/greek-CV1_aJ0Q.png                                        3,147.86 kB
dist/assets/beach-DzzE3219.png                                        3,147.86 kB
dist/assets/same2-BRq_D1QH.png                                        3,286.25 kB
dist/assets/human2-DrnzZFRz.png                                       3,984.23 kB
dist/assets/human1-DrHqpKUE.png                                       3,984.23 kB
dist/assets/human4-DsxzmIN8.png                                       3,984.23 kB
dist/assets/human5-CWhoBRs9.png                                       3,984.23 kB
dist/assets/bg-Dm5i_zao.mp4                                           9,976.40 kB
dist/assets/wrong2-By4VCKa3.png                                      20,104.39 kB
dist/assets/layout-lY32WxaL.css                                           2.64 kB │ gzip:   0.89 kB
dist/assets/index-DlE-uwsu.css                                          419.03 kB │ gzip:  56.53 kB
dist/assets/3-Yd5LbWvF.js                                                 0.05 kB │ gzip:   0.07 kB
dist/assets/4-DpIjKdLn.js                                                 0.05 kB │ gzip:   0.07 kB
dist/assets/9-CY3bc18j.js                                                 0.05 kB │ gzip:   0.07 kB
dist/assets/1-DyzVt6Al.js                                                 0.05 kB │ gzip:   0.07 kB
dist/assets/7-Bb6rJGru.js                                                 0.05 kB │ gzip:   0.07 kB
dist/assets/8-BS3P9y8C.js                                                 0.05 kB │ gzip:   0.07 kB
dist/assets/15-_ghTwJ1q.js                                                0.05 kB │ gzip:   0.07 kB
dist/assets/16-BLZsemaC.js                                                0.05 kB │ gzip:   0.07 kB
dist/assets/14-jJ2-gUNn.js                                                0.05 kB │ gzip:   0.07 kB
dist/assets/13-Aq6ubnea.js                                                0.05 kB │ gzip:   0.07 kB
dist/assets/11-DcA89sO-.js                                                0.05 kB │ gzip:   0.07 kB
dist/assets/18-BZ0ysu2B.js                                                0.05 kB │ gzip:   0.07 kB
dist/assets/20-B8iRZHp0.js                                                0.05 kB │ gzip:   0.07 kB
dist/assets/19-Bzzou0MP.js                                                0.05 kB │ gzip:   0.07 kB
dist/assets/21-DvLSroM_.js                                                0.05 kB │ gzip:   0.07 kB
dist/assets/17-BAdX30EM.js                                                0.05 kB │ gzip:   0.07 kB
dist/assets/22-B-gWiBPV.js                                                0.05 kB │ gzip:   0.07 kB
dist/assets/23-BSegC16c.js                                                0.05 kB │ gzip:   0.07 kB
dist/assets/nyc-BCIodCOF.js                                               0.05 kB │ gzip:   0.07 kB
dist/assets/best-Cu4T0Hfv.js                                              0.05 kB │ gzip:   0.07 kB
dist/assets/good-KX9QVIym.js                                              0.05 kB │ gzip:   0.07 kB
dist/assets/wrong-CFESmiYF.js                                             0.05 kB │ gzip:   0.07 kB
dist/assets/dubai-CKiTkUmD.js                                             0.05 kB │ gzip:   0.07 kB
dist/assets/good.2-DDSho9L5.js                                            0.05 kB │ gzip:   0.07 kB
dist/assets/human2-DHnRp1bt.js                                            0.05 kB │ gzip:   0.07 kB
dist/assets/human3-CrjPfRht.js                                            0.05 kB │ gzip:   0.07 kB
dist/assets/human4-Cs_DOLZq.js                                            0.05 kB │ gzip:   0.07 kB
dist/assets/human1-rVh5T0v9.js                                            0.05 kB │ gzip:   0.07 kB
dist/assets/realcase-C26Y1OmF.js                                          0.06 kB │ gzip:   0.08 kB
dist/assets/example1-Brlwdc2L.js                                          0.06 kB │ gzip:   0.08 kB
dist/assets/example4-yd73h3Pw.js                                          0.06 kB │ gzip:   0.08 kB
dist/assets/example5-DRIFt7ku.js                                          0.06 kB │ gzip:   0.08 kB
dist/assets/bgexample-Ds7EYmAw.js                                         0.06 kB │ gzip:   0.08 kB
dist/assets/beforeafter-BGOUfreE.js                                       0.06 kB │ gzip:   0.08 kB
dist/assets/beforeafter2-DDoLIoqG.js                                      0.06 kB │ gzip:   0.08 kB
dist/assets/beforeafter3-BOTcYNPb.js                                      0.06 kB │ gzip:   0.08 kB
dist/assets/video9.16-fast-QnAB6tMH.js                                    0.06 kB │ gzip:   0.08 kB
dist/assets/videoo9.16-fast-CtJczX5d.js                                   0.06 kB │ gzip:   0.08 kB
dist/assets/calendar-28-days-square-DzljefBY.js                           0.07 kB │ gzip:   0.09 kB
dist/assets/manual-vs-automated-wide-BiRLUm0G.js                          0.07 kB │ gzip:   0.09 kB
dist/assets/publish-landing-hero-wide-D9psndR5.js                         0.07 kB │ gzip:   0.09 kB
dist/assets/analytics-landing-hero-wide-DjCAIqBf.js                       0.08 kB │ gzip:   0.10 kB
dist/assets/5-DW7z6H8O.js                                                 0.08 kB │ gzip:   0.09 kB
dist/assets/12-DhCVlrUm.js                                                0.08 kB │ gzip:   0.09 kB
dist/assets/publish-while-sleeping-vertical-b3HlDKl8.js                   0.08 kB │ gzip:   0.10 kB
dist/assets/25-giYrQrTT.js                                                0.08 kB │ gzip:   0.09 kB
dist/assets/multi-platform-distribution-wide-DtCLr0IQ.js                  0.08 kB │ gzip:   0.10 kB
dist/assets/one-video-three-platforms-vertical-ryPhNlVX.js                0.08 kB │ gzip:   0.10 kB
dist/assets/before2-CLCqh1qj.js                                           0.10 kB │ gzip:   0.10 kB
dist/assets/example3-BJ_Wbffc.js                                          0.10 kB │ gzip:   0.10 kB
dist/assets/upload-once-square-8JEA4FhI.js                                0.12 kB │ gzip:   0.12 kB
dist/assets/chevron-left-Hsax6Ty4.js                                      0.13 kB │ gzip:   0.15 kB
dist/assets/chevron-right-DbDcVJMT.js                                     0.13 kB │ gzip:   0.14 kB
dist/assets/plus-DypR9jpF.js                                              0.15 kB │ gzip:   0.15 kB
dist/assets/arrow-left-Ci5SkLr4.js                                        0.17 kB │ gzip:   0.16 kB
dist/assets/music-2-DMiSGbSh.js                                           0.17 kB │ gzip:   0.17 kB
dist/assets/arrow-up-right-BAyKIfer.js                                    0.17 kB │ gzip:   0.16 kB
dist/assets/search-DwUp2Ww2.js                                            0.17 kB │ gzip:   0.17 kB
dist/assets/circle-check-CZAarw2L.js                                      0.17 kB │ gzip:   0.17 kB
dist/assets/user-C5ZMau5g.js                                              0.19 kB │ gzip:   0.18 kB
dist/assets/info-Cb54_wh1.js                                              0.20 kB │ gzip:   0.18 kB
dist/assets/rotate-ccw-CQ4YXIty.js                                        0.20 kB │ gzip:   0.18 kB
dist/assets/circle-x-D8n9FawY.js                                          0.20 kB │ gzip:   0.18 kB
dist/assets/credit-card-BxpjPWEG.js                                       0.21 kB │ gzip:   0.19 kB
dist/assets/customerVisualMessage-bWywMmGh.js                             0.23 kB │ gzip:   0.20 kB
dist/assets/log-out-CwLrd2vn.js                                           0.23 kB │ gzip:   0.19 kB
dist/assets/mic-CYtd09Ry.js                                               0.23 kB │ gzip:   0.20 kB
dist/assets/upload-ZO9asqKV.js                                            0.23 kB │ gzip:   0.19 kB
dist/assets/copy-BNWR-kPp.js                                              0.23 kB │ gzip:   0.21 kB
dist/assets/message-square-g-fpJPkK.js                                    0.23 kB │ gzip:   0.20 kB
dist/assets/history-BPWhSnQn.js                                           0.24 kB │ gzip:   0.20 kB
dist/assets/maximize-2-BC2YkMr7.js                                        0.24 kB │ gzip:   0.19 kB
dist/assets/link-2-C3LDsYl5.js                                            0.24 kB │ gzip:   0.20 kB
dist/assets/camera-DlcCnT9i.js                                            0.24 kB │ gzip:   0.21 kB
dist/assets/circle-alert-BB5Kkhb3.js                                      0.25 kB │ gzip:   0.19 kB
dist/assets/eye-Cvfx_zqb.js                                               0.25 kB │ gzip:   0.20 kB
dist/assets/external-link-FntBmKT9.js                                     0.25 kB │ gzip:   0.20 kB
dist/assets/calendar-ZKpFuGV7.js                                          0.26 kB │ gzip:   0.20 kB
dist/assets/triangle-alert-B9YCOi_S.js                                    0.27 kB │ gzip:   0.21 kB
dist/assets/shield-C3DpwFuZ.js                                            0.27 kB │ gzip:   0.22 kB
dist/assets/pencil-Dilkz6tV.js                                            0.28 kB │ gzip:   0.23 kB
dist/assets/book-open-C6nKeJyB.js                                         0.28 kB │ gzip:   0.21 kB
dist/assets/copy-check-DD8Rpaed.js                                        0.28 kB │ gzip:   0.23 kB
dist/assets/lightbulb-BfiM4QvV.js                                         0.28 kB │ gzip:   0.22 kB
dist/assets/house-CWb6qfii.js                                             0.29 kB │ gzip:   0.22 kB
dist/assets/send-bB4lL28s.js                                              0.29 kB │ gzip:   0.23 kB
dist/assets/instagram-BJjy9Cy4.js                                         0.30 kB │ gzip:   0.24 kB
dist/assets/users-BDJk_EOK.js                                             0.31 kB │ gzip:   0.23 kB
dist/assets/user-plus-CTzrjg59.js                                         0.31 kB │ gzip:   0.24 kB
dist/assets/shield-check-Bf4yGUtE.js                                      0.32 kB │ gzip:   0.25 kB
dist/assets/id-card-lupK2ShA.js                                           0.32 kB │ gzip:   0.24 kB
dist/assets/trash-2-fs8V-NaJ.js                                           0.33 kB │ gzip:   0.22 kB
dist/assets/youtube-DODS5bbG.js                                           0.33 kB │ gzip:   0.22 kB
dist/assets/clapperboard-DLPcgFM4.js                                      0.35 kB │ gzip:   0.26 kB
dist/assets/grip-vertical-BT7AkdID.js                                     0.37 kB │ gzip:   0.19 kB
dist/assets/expand-B9e0hGRH.js                                            0.39 kB │ gzip:   0.23 kB
dist/assets/car-front-T9e0GMr9.js                                         0.40 kB │ gzip:   0.28 kB
dist/assets/layers-gRb1uQMN.js                                            0.42 kB │ gzip:   0.24 kB
dist/assets/calendar-days-DE_KNccg.js                                     0.50 kB │ gzip:   0.27 kB
dist/assets/wand-sparkles-Cgpz6zEq.js                                     0.51 kB │ gzip:   0.30 kB
dist/assets/layout-grid-Clw6q6xe.js                                       0.53 kB │ gzip:   0.29 kB
dist/assets/Cancel-BSWuusyE.js                                            0.63 kB │ gzip:   0.40 kB
dist/assets/visualWorldCompatibility-CittjIBQ.js                          0.66 kB │ gzip:   0.39 kB
dist/assets/AuthCallback-ChZxZSyP.js                                      0.77 kB │ gzip:   0.46 kB
dist/assets/Success-OzpkL47K.js                                           0.85 kB │ gzip:   0.47 kB
dist/assets/Toast-CvU2QLSm.js                                             0.87 kB │ gzip:   0.50 kB
dist/assets/WelcomeToZyloHelp-BaF5goop.js                                 0.96 kB │ gzip:   0.54 kB
dist/assets/RelatedArticles-D9i0MZGK.js                                   1.00 kB │ gzip:   0.49 kB
dist/assets/FeedbackAnalytics-DS8FWzdA.js                                 1.10 kB │ gzip:   0.56 kB
dist/assets/SupportPolicies-B8MwUoM9.js                                   1.25 kB │ gzip:   0.66 kB
dist/assets/GenerateButton-lM5Mdx1X.js                                    1.43 kB │ gzip:   0.68 kB
dist/assets/research-Dd4_3M7U.js                                          1.64 kB │ gzip:   0.60 kB
dist/assets/BillingAndCredits-DEde11bp.js                                 1.70 kB │ gzip:   0.79 kB
dist/assets/SupportLayout-pPJOS667.js                                     1.72 kB │ gzip:   0.79 kB
dist/assets/index-607UPNXL.js                                             1.79 kB │ gzip:   0.93 kB
dist/assets/BlogCategoryPage-Cqtr3bDS.js                                  1.96 kB │ gzip:   0.80 kB
dist/assets/Forgot-CMOvFYNq.js                                            2.34 kB │ gzip:   1.07 kB
dist/assets/bg-CJrlUxWL.js                                                2.40 kB │ gzip:   1.18 kB
dist/assets/Feedback-DBPfAfkh.js                                          2.83 kB │ gzip:   1.44 kB
dist/assets/SupportHome-CgTg9bWP.js                                       3.06 kB │ gzip:   1.21 kB
dist/assets/index-xLh3PD7S.js                                             3.11 kB │ gzip:   1.34 kB
dist/assets/index-CUxsIblL.js                                             3.11 kB │ gzip:   1.26 kB
dist/assets/Login-CLWa91lG.js                                             3.15 kB │ gzip:   1.28 kB
dist/assets/Reset-D-IrRQi9.js                                             3.26 kB │ gzip:   1.29 kB
dist/assets/SupportArticle-DGmwqvHd.js                                    3.45 kB │ gzip:   1.36 kB
dist/assets/ProductPhotosShopify-Bh0mVo63.js                              3.55 kB │ gzip:   1.33 kB
dist/assets/ViralShowcase-p1gB--S1.js                                     3.69 kB │ gzip:   1.57 kB
dist/assets/Signup-CiiHUBIA.js                                            3.76 kB │ gzip:   1.55 kB
dist/assets/GuestGenerateModal-D1PNmdYD.js                                3.85 kB │ gzip:   1.57 kB
dist/assets/LatestModels-BLOL5-ag.js                                      3.99 kB │ gzip:   1.69 kB
dist/assets/SupportContact-DGC-Ufz0.js                                    4.25 kB │ gzip:   1.45 kB
dist/assets/behind-the-scenes-beginners-guide-C9tc8s4c.js                 4.44 kB │ gzip:   1.92 kB
dist/assets/ProductPhotographyMistakesEcommerce-0DPslMyh.js               4.64 kB │ gzip:   1.70 kB
dist/assets/30-days-series-cliffhangers-xz5TZbWa.js                       4.70 kB │ gzip:   2.05 kB
dist/assets/behind-the-scenes-tier-list-D2zlaFm6.js                       4.82 kB │ gzip:   2.07 kB
dist/assets/30-days-quality-tiers-Cht-R5pK.js                             4.90 kB │ gzip:   2.06 kB
dist/assets/SupportPolicyArticle-Dsc4bzd2.js                              4.93 kB │ gzip:   2.15 kB
dist/assets/behind-the-scenes-time-BNy79Ii7.js                            4.95 kB │ gzip:   2.08 kB
dist/assets/30-days-scene-continuity-BM-tNul4.js                          4.97 kB │ gzip:   2.18 kB
dist/assets/30-days-time-ClbmHaAj.js                                      4.97 kB │ gzip:   2.18 kB
dist/assets/ITestViralAIPrompts-CVqNR2m_.js                               5.00 kB │ gzip:   1.97 kB
dist/assets/30-days-series-world-bible-explained-FEzyW4kc.js              5.03 kB │ gzip:   2.18 kB
dist/assets/image-gen-test-CUpOXSIB.js                                    5.03 kB │ gzip:   1.54 kB
dist/assets/ScrollStoppingImagesNoDesign-DAMPbjHW.js                      5.05 kB │ gzip:   1.83 kB
dist/assets/30-days-series-dashboard-tour-RaO_xRgp.js                     5.07 kB │ gzip:   2.20 kB
dist/assets/ai-visual-styles-most-engagement-Dh7nVrpv.js                  5.09 kB │ gzip:   1.67 kB
dist/assets/30-days-series-days-per-episode-C8OBngLn.js                   5.10 kB │ gzip:   2.14 kB
dist/assets/WhatsHot-kNtL877e.js                                          5.14 kB │ gzip:   1.96 kB
dist/assets/what-is-30-days-series-mode-B_xkZeBt.js                       5.17 kB │ gzip:   2.21 kB
dist/assets/IsAIImageGenerationWorthItForCreators-DrnUAXqA.js             5.17 kB │ gzip:   1.77 kB
dist/assets/footballer-nationality-swap-tips-BRqzw8zx.js                  5.20 kB │ gzip:   2.25 kB
dist/assets/how-often-should-you-post-UfEN0tDM.js                         5.24 kB │ gzip:   2.13 kB
dist/assets/ShopifyProductPhotoBestPractices-BPRZQ-W0.js                  5.26 kB │ gzip:   1.90 kB
dist/assets/minecraft-style-ai-images-BU_TB96c.js                         5.26 kB │ gzip:   2.10 kB
dist/assets/clay-rescue-series-DIEJWoLU.js                                5.29 kB │ gzip:   2.07 kB
dist/assets/micro-camera-animal-series-C9YUE_Vo.js                        5.31 kB │ gzip:   2.06 kB
dist/assets/30-days-character-consistency-rFYJB3G9.js                     5.32 kB │ gzip:   2.30 kB
dist/assets/clay-rescue-vs-micro-camera-animal-DgX_P0Fv.js                5.34 kB │ gzip:   2.02 kB
dist/assets/cartoon-drive-by-series-lxH7-Ip3.js                           5.37 kB │ gzip:   2.05 kB
dist/assets/30-days-universe-ideas-BkrIXRd0.js                            5.37 kB │ gzip:   2.30 kB
dist/assets/30-days-voiceover-sync-CrtHyJ0F.js                            5.39 kB │ gzip:   2.35 kB
dist/assets/hidden-ai-image-styles-B3kSmc2J.js                            5.42 kB │ gzip:   2.19 kB
dist/assets/30-days-camera-mode-DYMYYCJP.js                               5.45 kB │ gzip:   2.33 kB
dist/assets/30-days-video-series-lg2T0E9e.js                              5.45 kB │ gzip:   2.19 kB
dist/assets/CreatorsBlowingUpWithAI-BBQTEGot.js                           5.46 kB │ gzip:   1.69 kB
dist/assets/footballer-nationality-swap-series-CFMbYBOF.js                5.47 kB │ gzip:   2.09 kB
dist/assets/instagram-reels-algorithm-explained-BMKnwr0z.js               5.50 kB │ gzip:   2.23 kB
dist/assets/faceless-youtube-channel-ideas-q69ONjgi.js                    5.50 kB │ gzip:   2.24 kB
dist/assets/behind-the-scenes-is-it-real-DTD9yj0T.js                      5.50 kB │ gzip:   2.32 kB
dist/assets/cross-promote-zyvo-formats-BVgWF0wV.js                        5.53 kB │ gzip:   2.28 kB
dist/assets/disney-vs-ghibli-ai-images-CdsMEvFS.js                        5.54 kB │ gzip:   2.12 kB
dist/assets/TopAIImageStylesThatGoViralOnSocialMedia-DW1vEamI.js          5.56 kB │ gzip:   1.86 kB
dist/assets/is-30-days-worth-it-BYWbrA-C.js                               5.57 kB │ gzip:   2.27 kB
dist/assets/noir-vs-cyberpunk-ai-images-B_zLCYPF.js                       5.58 kB │ gzip:   2.15 kB
dist/assets/repurpose-one-video-ten-pieces-C-PjMCKk.js                    5.61 kB │ gzip:   2.26 kB
dist/assets/ai-dark-moody-cinematic-images-Bhg_dp9Y.js                    5.64 kB │ gzip:   1.85 kB
dist/assets/how-to-create-luxury-ai-images-BjgkqZdM.js                    5.65 kB │ gzip:   1.86 kB
dist/assets/multi-format-weekly-calendar-D1jD4Llz.js                      5.72 kB │ gzip:   2.32 kB
dist/assets/behind-the-scenes-vs-clay-rescue-DjIrQkdM.js                  5.74 kB │ gzip:   2.19 kB
dist/assets/why3daiimagesperform-NZEuzvxS.js                              5.76 kB │ gzip:   1.90 kB
dist/assets/HowAIImageGeneratorsWork-DDF33g0-.js                          5.79 kB │ gzip:   1.99 kB
dist/assets/Forshopifystores-Cj6520GO.js                                  5.81 kB │ gzip:   1.95 kB
dist/assets/whichaiimagestyleworksbest-HeVJDchC.js                        5.81 kB │ gzip:   1.97 kB
dist/assets/what-is-30-days-ai-trend-p7NOkxrD.js                          5.83 kB │ gzip:   2.38 kB
dist/assets/HowtoCreateMinimalistImagesUsingAI-DQwmNcER.js                5.83 kB │ gzip:   1.89 kB
dist/assets/ai-product-photography-high-end-So8cl24q.js                   5.84 kB │ gzip:   1.89 kB
dist/assets/how-to-spot-viral-ai-trend-Cgs0GciI.js                        5.90 kB │ gzip:   2.55 kB
dist/assets/ViralAiImagesTikTok-4fXiFS2m.js                               5.90 kB │ gzip:   2.02 kB
dist/assets/HowtoCreateMovieStyleVisuals-CigGbh_M.js                      5.93 kB │ gzip:   1.96 kB
dist/assets/HowtoGenerateAestheticImagesWithAI-CgxSk_eU.js                5.94 kB │ gzip:   1.94 kB
dist/assets/30-days-series-vs-single-video-DQBoByNG.js                    5.95 kB │ gzip:   2.23 kB
dist/assets/skeleton-xray-ai-trend-_mHQc8Kw.js                            5.96 kB │ gzip:   2.30 kB
dist/assets/content-slump-recovery-BhRAZmes.js                            5.96 kB │ gzip:   2.46 kB
dist/assets/ai-image-generator-examples-Cst_J5Jc.js                       5.99 kB │ gzip:   2.34 kB
dist/assets/imperfect-ai-videos-winning-IV7KJQQm.js                       6.00 kB │ gzip:   2.57 kB
dist/assets/behind-the-scenes-camera-vantage-Dau6z98w.js                  6.06 kB │ gzip:   2.44 kB
dist/assets/behind-the-scenes-series-Bj2PAWSM.js                          6.06 kB │ gzip:   2.46 kB
dist/assets/30-days-premise-formula-Bh4KSrYQ.js                           6.12 kB │ gzip:   2.48 kB
dist/assets/JumpBackIn-BUR5rjeD.js                                        6.14 kB │ gzip:   2.37 kB
dist/assets/30-days-halloween-special-Ck9WgUo-.js                         6.15 kB │ gzip:   2.53 kB
dist/assets/popularstyles-wuhDyPjc.js                                     6.21 kB │ gzip:   2.20 kB
dist/assets/AIImageStylesEveryoneObsessedWith-9QTZtR2b.js                 6.25 kB │ gzip:   2.11 kB
dist/assets/face-asmr-privacy-Bpe_HHNp.js                                 6.29 kB │ gzip:   2.35 kB
dist/assets/whats-hot-right-now-ai-trends-CT_sAvcw.js                     6.32 kB │ gzip:   2.68 kB
dist/assets/footballer-nationality-swap-mistakes-BucQGeE7.js              6.35 kB │ gzip:   2.50 kB
dist/assets/behind-the-scenes-halloween-B4DZ-FLt.js                       6.38 kB │ gzip:   2.54 kB
dist/assets/ai-fruit-story-finale-ideas-zw_ugM9M.js                       6.41 kB │ gzip:   2.53 kB
dist/assets/micro-camera-animal-video-ideas-UWkbmhoK.js                   6.42 kB │ gzip:   2.45 kB
dist/assets/ai-fruit-story-halloween-DsoqDiLL.js                          6.42 kB │ gzip:   2.53 kB
dist/assets/tiktok-algorithm-explained-26bgAOD6.js                        6.44 kB │ gzip:   2.48 kB
dist/assets/fruit-story-vs-footballer-nationality-swap-PjROwsgn.js        6.44 kB │ gzip:   2.46 kB
dist/assets/zyvo-content-workflow-C8Z9ZkP2.js                             6.50 kB │ gzip:   2.65 kB
dist/assets/footballer-nationality-swap-time-yX66TQLV.js                  6.50 kB │ gzip:   2.43 kB
dist/assets/ai-fruit-story-group-chat-cPKS_tVd.js                         6.53 kB │ gzip:   2.59 kB
dist/assets/every-zyvo-video-format-compared-Dy2XU_UX.js                  6.53 kB │ gzip:   2.51 kB
dist/assets/face-asmr-mistakes-CbHC4ILF.js                                6.53 kB │ gzip:   2.55 kB
dist/assets/behind-the-scenes-vs-micro-camera-animal-moPePRPf.js          6.55 kB │ gzip:   2.35 kB
dist/assets/StatsLanding-DOEq5WDW.js                                      6.55 kB │ gzip:   2.58 kB
dist/assets/ConnectionsLanding-bHZ7cSqt.js                                6.57 kB │ gzip:   2.42 kB
dist/assets/ai-fruit-story-character-names-ChEMPzYy.js                    6.57 kB │ gzip:   2.53 kB
dist/assets/behind-the-scenes-how-its-made-DR6bm2bP.js                    6.58 kB │ gzip:   2.68 kB
dist/assets/AIImageGeneratorForContentCreators-CXPvEQPF.js                6.65 kB │ gzip:   1.95 kB
dist/assets/what-is-zyvo-publish-CvVgHaGE.js                              6.68 kB │ gzip:   2.42 kB
dist/assets/TopAIImageGeneratorFeaturesThatMatter-C3C_isEb.js             6.72 kB │ gzip:   2.24 kB
dist/assets/what-is-zyvo-connections-B4iDYFLO.js                          6.72 kB │ gzip:   2.31 kB
dist/assets/TheSecretPromptsBehindViralAIImages-yk5cVQjC.js               6.72 kB │ gzip:   2.12 kB
dist/assets/HowToLaunchProductsFasyerWithAi-CIe_KL1r.js                   6.73 kB │ gzip:   2.42 kB
dist/assets/ConvertingProductImagesForShopify-BjgW_SlC.js                 6.77 kB │ gzip:   2.41 kB
dist/assets/30-days-mistakes-CJwPZE-P.js                                  6.77 kB │ gzip:   2.81 kB
dist/assets/how-to-make-money-ai-content-BkjBUBrE.js                      6.79 kB │ gzip:   2.66 kB
dist/assets/what-is-face-asmr-CdkQlPUN.js                                 6.81 kB │ gzip:   2.55 kB
dist/assets/HowVisualBrandingImpactsOnlineSales-CiohABoT.js               6.81 kB │ gzip:   2.02 kB
dist/assets/BestAiToolsEcommerce-kj4W7z76.js                              6.83 kB │ gzip:   2.30 kB
dist/assets/footer-DUi2w9dM.js                                            6.83 kB │ gzip:   1.13 kB
dist/assets/AIBackgroundRemovalForProductPhotos-cB36cqAs.js               6.84 kB │ gzip:   1.98 kB
dist/assets/cartoon-drive-by-mistakes-DHpq0idQ.js                         6.84 kB │ gzip:   2.66 kB
dist/assets/ScaleEcommerceContent-C94bBOI8.js                             6.85 kB │ gzip:   2.31 kB
dist/assets/behind-the-scenes-extended-modules-DIEFE9GH.js                6.86 kB │ gzip:   2.74 kB
dist/assets/vertical-video-formats-guide-CrTy_SNz.js                      6.87 kB │ gzip:   2.49 kB
dist/assets/LatestTrends-DVe9xavO.js                                      6.87 kB │ gzip:   2.64 kB
dist/assets/ai-fruit-story-vs-2am-worlds-CEnY9XwG.js                      6.90 kB │ gzip:   2.51 kB
dist/assets/30-days-vs-ai-fruit-story-B9WERkup.js                         6.90 kB │ gzip:   2.48 kB
dist/assets/ai-fruit-story-drama-tier-list-tZZhOiSp.js                    6.91 kB │ gzip:   2.95 kB
dist/assets/ai-fruit-story-examples-DC8CWJ_x.js                           6.94 kB │ gzip:   2.86 kB
dist/assets/what-is-zyvo-stats-B9LP47Xk.js                                6.99 kB │ gzip:   2.50 kB
dist/assets/how-to-get-started-with-zyvo-C1JV4pIk.js                      7.01 kB │ gzip:   2.64 kB
dist/assets/behind-the-scenes-mistakes-D0sql9f7.js                        7.01 kB │ gzip:   2.97 kB
dist/assets/Ai-Tools-Every-Shopify-Store-Owner-Know-Cqz00uOo.js           7.02 kB │ gzip:   2.49 kB
dist/assets/ProductImagesThatConvertGuide-Nu-KT8uw.js                     7.08 kB │ gzip:   2.42 kB
dist/assets/best-ai-video-generators-tiktok-DRCUT_CW.js                   7.11 kB │ gzip:   2.60 kB
dist/assets/WhyAIImagesOutperformRealPhotos-njqpyrWK.js                   7.11 kB │ gzip:   2.26 kB
dist/assets/clay-rescue-video-ideas-D9kRE6KY.js                           7.12 kB │ gzip:   2.78 kB
dist/assets/is-zyvo-free-D9VVVC_3.js                                      7.14 kB │ gzip:   2.62 kB
dist/assets/behind-the-scenes-video-ideas-Dfq6-zMd.js                     7.15 kB │ gzip:   2.76 kB
dist/assets/is-ai-content-worth-it-Bmdhp6Yh.js                            7.15 kB │ gzip:   2.63 kB
dist/assets/ai-fruit-story-duets-stitches-CjYtdB9j.js                     7.16 kB │ gzip:   2.80 kB
dist/assets/micro-camera-animal-mistakes-B7CrT-6a.js                      7.19 kB │ gzip:   2.83 kB
dist/assets/ai-fruit-story-time-BF7014fx.js                               7.24 kB │ gzip:   2.54 kB
dist/assets/AIProductPhotoForSmallBusiness-C2NpG1M-.js                    7.26 kB │ gzip:   2.50 kB
dist/assets/behind-the-scenes-disaster-types-B33IyV5W.js                  7.27 kB │ gzip:   3.00 kB
dist/assets/cartoon-drive-by-explained-B8Nfzzp9.js                        7.31 kB │ gzip:   2.84 kB
dist/assets/ai-fruit-story-cliffhangers-BVw_9II2.js                       7.32 kB │ gzip:   2.89 kB
dist/assets/zyvo-template-comparison-o4rDkDMD.js                          7.36 kB │ gzip:   2.76 kB
dist/assets/footballer-nationality-swap-ideas-BXOAP32y.js                 7.38 kB │ gzip:   2.78 kB
dist/assets/best-free-ai-tools-creators-BY8GUlfI.js                       7.38 kB │ gzip:   2.74 kB
dist/assets/TurnAnyIdeaIntoViralImage-h6Rw0gSC.js                         7.40 kB │ gzip:   2.44 kB
dist/assets/ai-image-generator-mistakes-rviaRVgT.js                       7.41 kB │ gzip:   2.98 kB
dist/assets/creations-Bb9dzYjG.js                                         7.42 kB │ gzip:   2.64 kB
dist/assets/AIImageGeneratorBeginnersGuide2026-CDrtYUTy.js                7.42 kB │ gzip:   2.41 kB
dist/assets/which-zyvo-template-BVCVi4oV.js                               7.48 kB │ gzip:   2.96 kB
dist/assets/HowVisualQualityImpactsSeo-BsSlw2xn.js                        7.50 kB │ gzip:   2.70 kB
dist/assets/ai-fruit-story-pricing-BGWcnNts.js                            7.51 kB │ gzip:   2.75 kB
dist/assets/ai-content-hooks-captions-that-go-viral-CUs7nCc_.js           7.52 kB │ gzip:   2.92 kB
dist/assets/HowBetterImagesReduceBounceRate-DZ3zJfwd.js                   7.56 kB │ gzip:   2.69 kB
dist/assets/WhyYourPostsDontGoViral-8kaV9F-2.js                           7.57 kB │ gzip:   2.38 kB
dist/assets/footballer-nationality-swap-explained-BNhhX_-r.js             7.57 kB │ gzip:   2.86 kB
dist/assets/ai-fruit-story-series-universe-DZ3_TNPL.js                    7.59 kB │ gzip:   2.92 kB
dist/assets/ImageGeneratorLanding-CRWki50K.js                             7.61 kB │ gzip:   2.53 kB
dist/assets/GenerateHighQualityImagesWithAI-_ZIsyTGB.js                   7.63 kB │ gzip:   2.27 kB
dist/assets/ai-fruit-story-best-lines-BCryJSCP.js                         7.66 kB │ gzip:   3.20 kB
dist/assets/StudioQualityProductPhotos-Du8sQjS8.js                        7.67 kB │ gzip:   2.48 kB
dist/assets/AIImageGeneratorVsTraditionalDesign-BnnN_s44.js               7.67 kB │ gzip:   2.27 kB
dist/assets/ai-fruit-story-couples-CEP0ZRLO.js                            7.69 kB │ gzip:   3.07 kB
dist/assets/BestAIImageGeneratorForSocialMedia-W_jkyAZJ.js                7.70 kB │ gzip:   2.33 kB
dist/assets/behind-the-scenes-trend-explained-C6zmPEEe.js                 7.73 kB │ gzip:   2.92 kB
dist/assets/ReferenceImageModal-5BP5P8cc.js                               7.74 kB │ gzip:   2.76 kB
dist/assets/clay-rescue-mistakes-NGuir7-X.js                              7.76 kB │ gzip:   3.04 kB
dist/assets/best-time-to-post-ai-content-ClHynTKi.js                      7.77 kB │ gzip:   3.09 kB
dist/assets/AiProductPhotosForDropshipping-Bc7PyNdu.js                    7.77 kB │ gzip:   2.65 kB
dist/assets/ai-fruit-story-vs-traditional-animation-Bjrg5Bq0.js           7.88 kB │ gzip:   2.97 kB
dist/assets/ai-image-generator-prompt-formula-BGAu-Fk9.js                 7.92 kB │ gzip:   2.89 kB
dist/assets/GenerateImagesForAdsUsingAI-BkuLFDs9.js                       7.92 kB │ gzip:   2.43 kB
dist/assets/ai-fruit-story-craziest-generation-b2k7FlVa.js                7.95 kB │ gzip:   3.13 kB
dist/assets/zyvo-vs-other-ai-tools-QOVxjWYi.js                            7.99 kB │ gzip:   2.87 kB
dist/assets/what-is-micro-camera-animal-B2GXW8cc.js                       8.00 kB │ gzip:   2.86 kB
dist/assets/cartoon-drive-by-vs-2am-worlds-CfckZvaU.js                    8.05 kB │ gzip:   2.80 kB
dist/assets/CreateProfessionalImagesWithAI-XnEhl6Z0.js                    8.06 kB │ gzip:   2.53 kB
dist/assets/ai-fruit-story-mistakes-DbiRrNPH.js                           8.08 kB │ gzip:   3.28 kB
dist/assets/HowImproveEcommerceVisualTrust-B4bah6lU.js                    8.09 kB │ gzip:   2.62 kB
dist/assets/BlogIndex-BtI7Y_tj.js                                         8.14 kB │ gzip:   2.81 kB
dist/assets/ai-fruit-story-fan-theories-D9WER7i3.js                       8.24 kB │ gzip:   3.36 kB
dist/assets/cartoon-drive-by-video-ideas-Bg0yeT-O.js                      8.25 kB │ gzip:   3.15 kB
dist/assets/EcommerceVisualConsistencyExplained-C27RA5_3.js               8.36 kB │ gzip:   2.83 kB
dist/assets/AIroductIncreaseRates-TQK92dUh.js                             8.47 kB │ gzip:   2.75 kB
dist/assets/CartoonDriveByLanding-DRpvzf80.js                             8.58 kB │ gzip:   2.86 kB
dist/assets/ai-vs-traditional-product-photography-D4I5UUId.js             8.60 kB │ gzip:   2.59 kB
dist/assets/what-is-clay-rescue-BG5oiDz_.js                               8.62 kB │ gzip:   3.02 kB
dist/assets/FaceAsmrPaywall-BqRUHRqz.js                                   8.63 kB │ gzip:   2.96 kB
dist/assets/ai-fruit-story-unhinged-plots-B7TTMRWP.js                     8.76 kB │ gzip:   3.58 kB
dist/assets/HowToWriteAViralScript-Cx1G2TyL.js                            9.00 kB │ gzip:   3.39 kB
dist/assets/what-is-ai-fruit-story-BxA_TTF1.js                            9.07 kB │ gzip:   3.44 kB
dist/assets/WhyCleanProductPhotosBuildTrust-DYHILR4A.js                   9.14 kB │ gzip:   2.85 kB
dist/assets/what-is-zyvo-DUd4Vmln.js                                      9.14 kB │ gzip:   3.48 kB
dist/assets/one-click-publishing-playbook-CTdkD5aw.js                     9.28 kB │ gzip:   3.53 kB
dist/assets/FootballerNationalitySwapLanding-DNcoIB5E.js                  9.30 kB │ gzip:   3.11 kB
dist/assets/HowVisualBrandingSeparatesWinnersFromLosers-x0ZeHtLy.js       9.36 kB │ gzip:   2.93 kB
dist/assets/AIProductPhotosForFashionStores-D7-KbuOk.js                   9.40 kB │ gzip:   2.84 kB
dist/assets/AIProductPhotosForBeautyAndSkincare-BHGXSPB6.js               9.47 kB │ gzip:   2.87 kB
dist/assets/WhyProductPhotosMatter-B3TYnqMy.js                            9.48 kB │ gzip:   2.57 kB
dist/assets/clay-rescue-ai-video-maker-B2tDKgXQ.js                        9.48 kB │ gzip:   3.35 kB
dist/assets/ai-fruit-story-quiz-CdskoscF.js                               9.61 kB │ gzip:   3.85 kB
dist/assets/ai-fruit-story-instagram-youtube-shorts-DWUuWgz-.js           9.78 kB │ gzip:   3.37 kB
dist/assets/AIImageTrendsYouNeedToJumpOn-kkPDaIda.js                      9.90 kB │ gzip:   2.85 kB
dist/assets/HowAIHelpsEcommerceBrandsScaleFaster-Bxsux-qZ.js             10.05 kB │ gzip:   2.97 kB
dist/assets/ai-fruit-story-talking-dialogue-tips-DmHyZhIy.js             10.07 kB │ gzip:   3.70 kB
dist/assets/why-giant-hand-rescue-videos-go-viral-DH8XBvV_.js            10.10 kB │ gzip:   3.46 kB
dist/assets/ai-fruit-story-plot-twists-fTIOwOJS.js                       10.12 kB │ gzip:   3.85 kB
dist/assets/ProductPhotographyTrendsForEcommerce-CeOYdee0.js             10.13 kB │ gzip:   2.99 kB
dist/assets/BestAiProductBgToUse-CDYdSu8-.js                             10.15 kB │ gzip:   2.90 kB
dist/assets/ai-fruit-story-prompt-formula-V36rGIuK.js                    10.99 kB │ gzip:   3.88 kB
dist/assets/viral-ai-fruit-drama-videos-B-DbxbwY.js                      11.15 kB │ gzip:   4.19 kB
dist/assets/story-DITdjckx.js                                            11.67 kB │ gzip:   3.72 kB
dist/assets/viral-face-asmr-videos-Dh5B9w1k.js                           11.83 kB │ gzip:   4.36 kB
dist/assets/schedule-auto-publish-ai-videos-B7ot0SeC.js                  12.00 kB │ gzip:   4.08 kB
dist/assets/ViralScriptStyles-CVuo95qt.js                                12.10 kB │ gzip:   4.25 kB
dist/assets/VisualOptimizationForMobileEcommerce-BR8yqRlp.js             12.35 kB │ gzip:   3.71 kB
dist/assets/HelpCenter-BmZ1PDb4.js                                       12.41 kB │ gzip:   4.54 kB
dist/assets/ai-video-generator-tiktok-reels-wXW8YGp1.js                  12.68 kB │ gzip:   4.32 kB
dist/assets/face-asmr-maker-D7tRmXDq.js                                  12.87 kB │ gzip:   4.58 kB
dist/assets/how-to-make-viral-ai-tiktok-videos-CdmEaK5e.js               13.18 kB │ gzip:   4.45 kB
dist/assets/best-ai-tools-faceless-tiktok-videos-DL2Gp2Rm.js             13.22 kB │ gzip:   4.50 kB
dist/assets/SeoLandingPage-C7Z5e0dL.js                                   13.28 kB │ gzip:   4.34 kB
dist/assets/analytics-growth-square-C6MDt4bl.js                          13.42 kB │ gzip:   3.59 kB
dist/assets/BehindTheScenesLanding-8rsLMek2.js                           13.56 kB │ gzip:   4.32 kB
dist/assets/how-to-start-asmr-channel-with-ai-CAWg4_hd.js                13.57 kB │ gzip:   4.91 kB
dist/assets/ClayRescueLanding-DLkKTLW7.js                                13.71 kB │ gzip:   4.36 kB
dist/assets/best-face-asmr-video-ideas-2026-BIUyn7KB.js                  13.71 kB │ gzip:   4.74 kB
dist/assets/how-to-go-viral-tiktok-fruit-drama-CNuvohLY.js               13.81 kB │ gzip:   4.76 kB
dist/assets/free-viral-ai-tool-DujDOfpi.js                               14.32 kB │ gzip:   4.62 kB
dist/assets/ThirtyDaysSeriesLanding-DckBR1pn.js                          14.32 kB │ gzip:   4.28 kB
dist/assets/free-ai-image-generator-C8h1Faax.js                          14.34 kB │ gzip:   4.07 kB
dist/assets/ThirtyDaysLanding-BB-4tPex.js                                14.79 kB │ gzip:   4.72 kB
dist/assets/ai-fruit-story-character-ideas-C5QL762C.js                   14.82 kB │ gzip:   5.13 kB
dist/assets/asmr-video-ideas-tiktok-2026-CvbGIjnT.js                     15.00 kB │ gzip:   5.51 kB
dist/assets/how-to-create-viral-ai-videos-iyoDjJdo.js                    15.01 kB │ gzip:   5.10 kB
dist/assets/viral-animal-bodycam-videos-DjvVeHmo.js                      15.21 kB │ gzip:   5.08 kB
dist/assets/micro-camera-animal-maker-UIxcvDqp.js                        15.66 kB │ gzip:   5.14 kB
dist/assets/research-B9heSxch.js                                         15.90 kB │ gzip:   4.85 kB
dist/assets/HowToGoViralWithAI-Dl0dhGP-.js                               15.91 kB │ gzip:   4.64 kB
dist/assets/TextToVoice-tjLLJ_-O.js                                      16.05 kB │ gzip:   4.76 kB
dist/assets/AIVideoNewViralCurrency-DsrnIWU4.js                          16.55 kB │ gzip:   5.10 kB
dist/assets/script-WvviyGAQ.js                                           16.72 kB │ gzip:   4.96 kB
dist/assets/connections-yQxvsVLO.js                                      16.83 kB │ gzip:   4.27 kB
dist/assets/MicroCameraAnimalLanding-BdCTFIwF.js                         17.59 kB │ gzip:   5.33 kB
dist/assets/FaceAsmrLanding-ipIgtRea.js                                  17.93 kB │ gzip:   5.42 kB
dist/assets/best-ai-fruit-story-ideas-B2ppUj5C.js                        18.33 kB │ gzip:   6.77 kB
dist/assets/AIProductPhotoGenerator-DLvcymlT.js                          20.40 kB │ gzip:   6.33 kB
dist/assets/how-to-write-a-viral-script-WI1Brsgk.js                      20.44 kB │ gzip:   6.50 kB
dist/assets/home-CBy8V1GS.js                                             20.50 kB │ gzip:   6.86 kB
dist/assets/ai-script-generator-viral-videos-Dw_ObYk-.js                 21.30 kB │ gzip:   6.43 kB
dist/assets/AIFruitStoryLanding-B-ovKLAU.js                              21.61 kB │ gzip:   6.24 kB
dist/assets/WorkspaceSettings-DaLlui5Q.js                                21.82 kB │ gzip:   6.55 kB
dist/assets/promptHandoff-CGeFKHyY.js                                    21.95 kB │ gzip:   5.33 kB
dist/assets/shared-DgmTq8wU.js                                           23.52 kB │ gzip:   7.14 kB
dist/assets/LipSync-DCfC5P98.js                                          24.86 kB │ gzip:   6.73 kB
dist/assets/GenerationExperience-URjAn48z.js                             25.89 kB │ gzip:   7.36 kB
dist/assets/ZyvoVsMidjourneyProductPhotos-BWJChO8Y.js                    26.47 kB │ gzip:   7.07 kB
dist/assets/new-CWNhtfm9.js                                              26.93 kB │ gzip:   7.67 kB
dist/assets/visualWorldPlanning-D8up02up.js                              28.30 kB │ gzip:  10.37 kB
dist/assets/ai-content-creation-tools-instagram-viral-DKO_qmzy.js        28.76 kB │ gzip:   8.26 kB
dist/assets/portal-NDkDEhis.js                                           28.84 kB │ gzip:  10.89 kB
dist/assets/ViralScore-BYi21RRc.js                                       30.32 kB │ gzip:   8.97 kB
dist/assets/CreatorGrowthGuide-DPKcj7qo.js                               31.70 kB │ gzip:  10.76 kB
dist/assets/visualWorld-C1gkmscN.js                                      33.70 kB │ gzip:   9.78 kB
dist/assets/best-ai-image-generators-social-media-2026-CKNqFcv_.js       35.85 kB │ gzip:   9.54 kB
dist/assets/CartoonDriveBy-vdz8ttnb.js                                   38.15 kB │ gzip:  12.41 kB
dist/assets/Pricing-BmcTdXNT.js                                          39.62 kB │ gzip:  10.18 kB
dist/assets/PublishLanding-v98Ci18T.js                                   41.49 kB │ gzip:  11.36 kB
dist/assets/layout-Ndkf3wp4.js                                           41.78 kB │ gzip:  11.63 kB
dist/assets/stats-CWvqplof.js                                            42.67 kB │ gzip:  11.67 kB
dist/assets/look-De7ESIUg.js                                             49.58 kB │ gzip:  14.90 kB
dist/assets/FaceAsmr-DKRBvRjb.js                                         50.75 kB │ gzip:  15.53 kB
dist/assets/video-generator-BfS1C6On.js                                  55.22 kB │ gzip:  15.97 kB
dist/assets/generate-11jexBLE.js                                         59.50 kB │ gzip:  16.36 kB
dist/assets/TwoAm-ClMi6Q_Q.js                                            62.59 kB │ gzip:  19.17 kB
dist/assets/FootballerNationalitySwap-CWsdg9WV.js                        67.44 kB │ gzip:  20.31 kB
dist/assets/index-B4j3tKgx.js                                            67.80 kB │ gzip:  23.00 kB
dist/assets/LongFormSelect-DUdd7D_o.js                                   69.04 kB │ gzip:  24.56 kB
dist/assets/ScriptBuilder-CBPg8P1C.js                                    71.38 kB │ gzip:  18.90 kB
dist/assets/Image-CGrzFSD-.js                                            81.16 kB │ gzip:  22.86 kB
dist/assets/MicroCameraAnimal-BNBgBuIS.js                                81.36 kB │ gzip:  19.11 kB
dist/assets/publish-tfuiuEmb.js                                          84.41 kB │ gzip:  21.16 kB
dist/assets/ClayRescue-BtYMuPdQ.js                                       98.98 kB │ gzip:  30.42 kB
dist/assets/ArticleCard-Du_Q869z.js                                     123.68 kB │ gzip:  23.76 kB
dist/assets/BehindTheScenes-WCdk4w2r.js                                 139.61 kB │ gzip:  37.18 kB
dist/assets/ThirtyDays-Bnthjw3T.js                                      166.59 kB │ gzip:  46.43 kB
dist/assets/TwoAmBlogGuide-BATYpN9s.js                                  193.35 kB │ gzip:  53.30 kB
dist/assets/AICookingMatic-CJSs_9rS.js                                  207.93 kB │ gzip:  60.75 kB
dist/assets/index-CqTipPp5.js                                         1,059.39 kB │ gzip: 311.86 kB

(!) Some chunks are larger than 500 kB after minification. Consider:
- Using dynamic import() to code-split the application
- Use build.rollupOptions.output.manualChunks to improve chunking: https://rollupjs.org/configuration-options/#output-manualchunks
- Adjust chunk size limit for this warning via build.chunkSizeWarningLimit.
✓ built in 16.06s
